Copyright 1986-2022 Xilinx, Inc. All Rights Reserved. Copyright 2022-2025 Advanced Micro Devices, Inc. All Rights Reserved.
------------------------------------------------------------------------------------------------------------------------------------------------------
| Tool Version : Vivado v.2025.1 (win64) Build 6140274 Thu May 22 00:12:29 MDT 2025
| Date         : Mon Nov 24 23:58:37 2025
| Host         : LAPTOP-4R2C46QK running 64-bit major release  (build 9200)
| Command      : report_drc -file fp_pikachu_volleyball_drc_opted.rpt -pb fp_pikachu_volleyball_drc_opted.pb -rpx fp_pikachu_volleyball_drc_opted.rpx
| Design       : fp_pikachu_volleyball
| Device       : xc7a35ticsg324-1L
| Speed File   : -1L
| Design State : Synthesized
------------------------------------------------------------------------------------------------------------------------------------------------------

Report DRC

Table of Contents
-----------------
1. REPORT SUMMARY
2. REPORT DETAILS

1. REPORT SUMMARY
-----------------
            Netlist: netlist
          Floorplan: design_1
      Design limits: <entire design considered>
           Ruledeck: default
             Max checks: <unlimited>
             Checks found: 3
+--------+----------+------------------+--------+
| Rule   | Severity | Description      | Checks |
+--------+----------+------------------+--------+
| DPIP-1 | Warning  | Input pipelining | 3      |
+--------+----------+------------------+--------+

2. REPORT DETAILS
-----------------
DPIP-1#1 Warning
Input pipelining  
DSP p_1_out input p_1_out/C[47:0] is not pipelined. Pipelining DSP48 input will improve performance.
Related violations: <none>

DPIP-1#2 Warning
Input pipelining  
DSP pixel_addr_pikachu_reg input pixel_addr_pikachu_reg/B[17:0] is not pipelined. Pipelining DSP48 input will improve performance.
Related violations: <none>

DPIP-1#3 Warning
Input pipelining  
DSP pixel_addr_pikachu_reg input pixel_addr_pikachu_reg/C[47:0] is not pipelined. Pipelining DSP48 input will improve performance.
Related violations: <none>


