Copyright 1986-2022 Xilinx, Inc. All Rights Reserved. Copyright 2022-2025 Advanced Micro Devices, Inc. All Rights Reserved.
---------------------------------------------------------------------------------------------------------------------------------------------
| Tool Version : Vivado v.2025.1 (win64) Build 6140274 Thu May 22 00:12:29 MDT 2025
| Date         : Thu Nov 27 01:04:39 2025
| Host         : DESKTOP-QI6PHOU running 64-bit major release  (build 9200)
| Command      : report_control_sets -verbose -file fp_pikachu_volleyball_control_sets_placed.rpt
| Design       : fp_pikachu_volleyball
| Device       : xc7a35ti
---------------------------------------------------------------------------------------------------------------------------------------------

Control Set Information

Table of Contents
-----------------
1. Summary
2. Histogram
3. Flip-Flop Distribution
4. Detailed Control Set Information

1. Summary
----------

+----------------------------------------------------------+-------+
|                          Status                          | Count |
+----------------------------------------------------------+-------+
| Total control sets                                       |    22 |
|    Minimum number of control sets                        |    22 |
|    Addition due to synthesis replication                 |     0 |
|    Addition due to physical synthesis replication        |     0 |
| Unused register locations in slices containing registers |    98 |
+----------------------------------------------------------+-------+
* Control sets can be merged at opt_design using control_set_merge or merge_equivalent_drivers
** Run report_qor_suggestions for automated merging and remapping suggestions


2. Histogram
------------

+--------------------+-------+
|       Fanout       | Count |
+--------------------+-------+
| Total control sets |    22 |
| >= 0 to < 4        |     2 |
| >= 4 to < 6        |     1 |
| >= 6 to < 8        |     1 |
| >= 8 to < 10       |     2 |
| >= 10 to < 12      |     5 |
| >= 12 to < 14      |     2 |
| >= 14 to < 16      |     1 |
| >= 16              |     8 |
+--------------------+-------+
* Control sets can be remapped at either synth_design or opt_design


3. Flip-Flop Distribution
-------------------------

+--------------+-----------------------+------------------------+-----------------+--------------+
| Clock Enable | Synchronous Set/Reset | Asynchronous Set/Reset | Total Registers | Total Slices |
+--------------+-----------------------+------------------------+-----------------+--------------+
| No           | No                    | No                     |              58 |           23 |
| No           | No                    | Yes                    |               0 |            0 |
| No           | Yes                   | No                     |             148 |           47 |
| Yes          | No                    | No                     |              59 |           20 |
| Yes          | No                    | Yes                    |               0 |            0 |
| Yes          | Yes                   | No                     |              69 |           24 |
+--------------+-----------------------+------------------------+-----------------+--------------+


4. Detailed Control Set Information
-----------------------------------

+-------------------+--------------------------------------+---------------------------------+------------------+----------------+--------------+
|    Clock Signal   |             Enable Signal            |         Set/Reset Signal        | Slice Load Count | Bel Load Count | Bels / Slice |
+-------------------+--------------------------------------+---------------------------------+------------------+----------------+--------------+
|  clk_divider0/CLK |                                      |                                 |                1 |              1 |         1.00 |
|  clk_divider0/CLK |                                      | vs0/sram_we                     |                2 |              2 |         1.00 |
|  clk_IBUF_BUFG    | ball_vspeed[4]_i_1_n_0               | usr_sw_IBUF[3]                  |                1 |              5 |         5.00 |
|  clk_IBUF_BUFG    | ball_vpos0                           | ball_vpos[9]_i_1_n_0            |                3 |              7 |         2.33 |
|  clk_IBUF_BUFG    |                                      | clk_divider0/counter[7]_i_1_n_0 |                3 |              8 |         2.67 |
|  clk_IBUF_BUFG    | pikachu_usr_image_offset[13]_i_1_n_0 |                                 |                2 |              9 |         4.50 |
|  clk_divider0/CLK | vs0/pixel_tick                       | vs0/h_count_reg[9]_i_1_n_0      |                4 |             10 |         2.50 |
|  clk_divider0/CLK | vs0/h_count_next                     | vs0/v_count_reg[9]_i_1_n_0      |                4 |             10 |         2.50 |
|  clk_IBUF_BUFG    | db3/E[0]                             |                                 |                5 |             10 |         2.00 |
|  clk_IBUF_BUFG    | ball_hpos[9]_i_2_n_0                 | ball_hpos[9]_i_1_n_0            |                3 |             10 |         3.33 |
|  clk_IBUF_BUFG    | pikachu_opp_hpos[9]_i_1_n_0          |                                 |                4 |             10 |         2.50 |
|  clk_IBUF_BUFG    | vs0/pixel_tick                       | vs0/SR[0]                       |                5 |             12 |         2.40 |
|  clk_IBUF_BUFG    | vs0/h_count_reg_reg[9]_0[0]          |                                 |                3 |             12 |         4.00 |
|  clk_IBUF_BUFG    | vs0/E[0]                             | vs0/sram_we                     |                4 |             15 |         3.75 |
|  clk_IBUF_BUFG    | db2/E[0]                             |                                 |                6 |             18 |         3.00 |
|  clk_IBUF_BUFG    |                                      | counter_19bits0                 |                5 |             20 |         4.00 |
|  clk_IBUF_BUFG    |                                      | db3/clear                       |                6 |             21 |         3.50 |
|  clk_IBUF_BUFG    |                                      | db0/clear                       |                6 |             21 |         3.50 |
|  clk_IBUF_BUFG    |                                      | db1/clear                       |                6 |             21 |         3.50 |
|  clk_IBUF_BUFG    |                                      | db2/clear                       |                6 |             21 |         3.50 |
|  clk_IBUF_BUFG    |                                      | vs0/sram_we                     |               13 |             34 |         2.62 |
|  clk_IBUF_BUFG    |                                      |                                 |               22 |             57 |         2.59 |
+-------------------+--------------------------------------+---------------------------------+------------------+----------------+--------------+


