Copyright 1986-2022 Xilinx, Inc. All Rights Reserved. Copyright 2022-2025 Advanced Micro Devices, Inc. All Rights Reserved.
---------------------------------------------------------------------------------------------------------------------------------------------
| Tool Version : Vivado v.2025.1 (win64) Build 6140274 Thu May 22 00:12:29 MDT 2025
| Date         : Mon Dec  1 22:52:56 2025
| Host         : DESKTOP-QI6PHOU running 64-bit major release  (build 9200)
| Command      : report_control_sets -verbose -file fp_pikachu_volleyball_control_sets_placed.rpt
| Design       : fp_pikachu_volleyball
| Device       : xc7a35ti
---------------------------------------------------------------------------------------------------------------------------------------------

Control Set Information

Table of Contents
-----------------
1. Summary
2. Histogram
3. Flip-Flop Distribution
4. Detailed Control Set Information

1. Summary
----------

+----------------------------------------------------------+-------+
|                          Status                          | Count |
+----------------------------------------------------------+-------+
| Total control sets                                       |    44 |
|    Minimum number of control sets                        |    44 |
|    Addition due to synthesis replication                 |     0 |
|    Addition due to physical synthesis replication        |     0 |
| Unused register locations in slices containing registers |   131 |
+----------------------------------------------------------+-------+
* Control sets can be merged at opt_design using control_set_merge or merge_equivalent_drivers
** Run report_qor_suggestions for automated merging and remapping suggestions


2. Histogram
------------

+--------------------+-------+
|       Fanout       | Count |
+--------------------+-------+
| Total control sets |    44 |
| >= 0 to < 4        |     4 |
| >= 4 to < 6        |     6 |
| >= 6 to < 8        |     4 |
| >= 8 to < 10       |     1 |
| >= 10 to < 12      |     4 |
| >= 12 to < 14      |     3 |
| >= 14 to < 16      |     2 |
| >= 16              |    20 |
+--------------------+-------+
* Control sets can be remapped at either synth_design or opt_design


3. Flip-Flop Distribution
-------------------------

+--------------+-----------------------+------------------------+-----------------+--------------+
| Clock Enable | Synchronous Set/Reset | Asynchronous Set/Reset | Total Registers | Total Slices |
+--------------+-----------------------+------------------------+-----------------+--------------+
| No           | No                    | No                     |              62 |           29 |
| No           | No                    | Yes                    |               0 |            0 |
| No           | Yes                   | No                     |             163 |           59 |
| Yes          | No                    | No                     |              55 |           18 |
| Yes          | No                    | Yes                    |               0 |            0 |
| Yes          | Yes                   | No                     |             141 |           55 |
+--------------+-----------------------+------------------------+-----------------+--------------+


4. Detailed Control Set Information
-----------------------------------

+-------------------+----------------------------------------+--------------------------------------+------------------+----------------+--------------+
|    Clock Signal   |              Enable Signal             |           Set/Reset Signal           | Slice Load Count | Bel Load Count | Bels / Slice |
+-------------------+----------------------------------------+--------------------------------------+------------------+----------------+--------------+
|  clk_divider0/CLK |                                        |                                      |                1 |              1 |         1.00 |
|  clk_divider0/CLK |                                        | ram_ball/sram_we                     |                2 |              2 |         1.00 |
|  clk_IBUF_BUFG    | db1/ball_vspeed                        |                                      |                1 |              2 |         2.00 |
|  clk_IBUF_BUFG    | db1/ball_vspeed                        | db1/ball_vspeed[5]_i_1_0             |                1 |              2 |         2.00 |
|  clk_IBUF_BUFG    | usr_score__0                           | usr_score[0]_i_1_n_0                 |                1 |              4 |         4.00 |
|  clk_IBUF_BUFG    | ball_hpos[7]_i_2_n_0                   | ball_hpos[7]_i_1_n_0                 |                2 |              4 |         2.00 |
|  clk_IBUF_BUFG    | opp_score__0                           | usr_score[0]_i_1_n_0                 |                1 |              4 |         4.00 |
|  clk_IBUF_BUFG    | pikachu_usr_image_offset[10]_i_1_n_0   | pikachu_usr_image_offset[12]_i_1_n_0 |                1 |              4 |         4.00 |
|  clk_IBUF_BUFG    | restart_counter0                       | restart_counter[3]_i_1_n_0           |                1 |              4 |         4.00 |
|  clk_IBUF_BUFG    | pikachu_usr_image_offset[10]_i_1_n_0   |                                      |                1 |              5 |         5.00 |
|  clk_IBUF_BUFG    | ball_hpos[9]_i_1_n_0                   | db1/p_10_in                          |                3 |              6 |         2.00 |
|  clk_IBUF_BUFG    | pikachu_usr_hpos244_out                | usr_prone_count0                     |                1 |              6 |         6.00 |
|  clk_IBUF_BUFG    | ball_vpos[9]_i_2_n_0                   | ball_vpos[9]_i_1_n_0                 |                5 |              7 |         1.40 |
|  clk_IBUF_BUFG    | pikachu_opp_image_offset[11]_i_1_n_0   |                                      |                3 |              7 |         2.33 |
|  clk_IBUF_BUFG    |                                        | clk_divider0/counter[7]_i_1_n_0      |                3 |              8 |         2.67 |
|  clk_divider0/CLK | vs0/h_count_next                       | vs0/v_count_reg[9]_i_1_n_0           |                4 |             10 |         2.50 |
|  clk_divider0/CLK | vs0/pixel_tick                         | vs0/mod2_reg_reg_0[0]                |                2 |             10 |         5.00 |
|  clk_IBUF_BUFG    | db3/E[0]                               | db1/p_10_in                          |                5 |             10 |         2.00 |
|  clk_IBUF_BUFG    | pikachu_opp_hpos[9]_i_1_n_0            | db1/p_10_in                          |                4 |             10 |         2.50 |
|  clk_IBUF_BUFG    | ram_ball/RAM_reg_0_63_0_0_i_1_n_0      |                                      |                5 |             12 |         2.40 |
|  clk_IBUF_BUFG    | vs0/pixel_tick                         | vs0/SR[0]                            |                8 |             12 |         1.50 |
|  clk_IBUF_BUFG    | ram_ball/RAM_reg_0_15_0_0_i_1_n_0      |                                      |                5 |             12 |         2.40 |
|  clk_IBUF_BUFG    | vs0/v_count_reg_reg[9]_3[0]            | ram_ball/sram_we                     |                4 |             14 |         3.50 |
|  clk_IBUF_BUFG    | vs0/E[0]                               |                                      |                5 |             14 |         2.80 |
|  clk_IBUF_BUFG    | db2/E[0]                               | db1/p_10_in                          |                6 |             17 |         2.83 |
|  clk_IBUF_BUFG    | opp_jump_pixel                         | db1/p_10_in                          |                6 |             17 |         2.83 |
|  clk_IBUF_BUFG    |                                        | counter_19bits[0]_i_1_n_0            |                5 |             20 |         4.00 |
|  clk_IBUF_BUFG    |                                        | db0/clear                            |                6 |             21 |         3.50 |
|  clk_IBUF_BUFG    |                                        | db2/clear                            |                6 |             21 |         3.50 |
|  clk_IBUF_BUFG    |                                        | db3/clear                            |                6 |             21 |         3.50 |
|  clk_IBUF_BUFG    |                                        | db1/clear                            |                6 |             21 |         3.50 |
|  clk_IBUF_BUFG    | ram_ball/RAM_reg_0_127_0_0_i_1_n_0     |                                      |                7 |             24 |         3.43 |
|  clk_IBUF_BUFG    | vs0/pixel_addr_ball                    |                                      |                8 |             27 |         3.38 |
|  clk_IBUF_BUFG    | ram_ball/RAM_reg_1024_1279_0_0_i_1_n_0 |                                      |               12 |             48 |         4.00 |
|  clk_IBUF_BUFG    | ram_ball/RAM_reg_256_511_0_0_i_1_n_0   |                                      |               12 |             48 |         4.00 |
|  clk_IBUF_BUFG    | ram_ball/RAM_reg_1792_2047_0_0_i_1_n_0 |                                      |               12 |             48 |         4.00 |
|  clk_IBUF_BUFG    | ram_ball/RAM_reg_2048_2303_0_0_i_1_n_0 |                                      |               12 |             48 |         4.00 |
|  clk_IBUF_BUFG    | ram_ball/RAM_reg_1536_1791_0_0_i_1_n_0 |                                      |               12 |             48 |         4.00 |
|  clk_IBUF_BUFG    | ram_ball/RAM_reg_768_1023_0_0_i_1_n_0  |                                      |               12 |             48 |         4.00 |
|  clk_IBUF_BUFG    | ram_ball/RAM_reg_512_767_0_0_i_1_n_0   |                                      |               12 |             48 |         4.00 |
|  clk_IBUF_BUFG    | ram_ball/RAM_reg_1280_1535_0_0_i_1_n_0 |                                      |               12 |             48 |         4.00 |
|  clk_IBUF_BUFG    | ram_ball/RAM_reg_0_255_0_0_i_1_n_0     |                                      |               12 |             48 |         4.00 |
|  clk_IBUF_BUFG    |                                        | ram_ball/sram_we                     |               25 |             49 |         1.96 |
|  clk_IBUF_BUFG    |                                        |                                      |               28 |             61 |         2.18 |
+-------------------+----------------------------------------+--------------------------------------+------------------+----------------+--------------+


