
*** Running vivado
    with args -log fp_pikachu_volleyball.vdi -applog -m64 -product Vivado -messageDb vivado.pb -mode batch -source fp_pikachu_volleyball.tcl -notrace



****** Vivado v2025.1 (64-bit)
  **** SW Build 6140274 on Thu May 22 00:12:29 MDT 2025
  **** IP Build 6138677 on Thu May 22 03:10:11 MDT 2025
  **** SharedData Build 6139179 on Tue May 20 17:58:58 MDT 2025
  **** Start of session at: Mon Nov 24 23:57:24 2025
    ** Copyright 1986-2022 Xilinx, Inc. All Rights Reserved.
    ** Copyright 2022-2025 Advanced Micro Devices, Inc. All Rights Reserved.

source fp_pikachu_volleyball.tcl -notrace
create_project: Time (s): cpu = 00:00:22 ; elapsed = 00:00:14 . Memory (MB): peak = 501.602 ; gain = 215.379
Command: link_design -top fp_pikachu_volleyball -part xc7a35ticsg324-1L
Design is defaulting to srcset: sources_1
Design is defaulting to constrset: constrs_1
INFO: [Device 21-403] Loading part xc7a35ticsg324-1L
Netlist sorting complete. Time (s): cpu = 00:00:00 ; elapsed = 00:00:00.010 . Memory (MB): peak = 700.602 ; gain = 0.000
INFO: [Netlist 29-17] Analyzing 91 Unisim elements for replacement
INFO: [Netlist 29-28] Unisim Transformation completed in 0 CPU seconds
INFO: [Project 1-479] Netlist was created with Vivado 2025.1
INFO: [Project 1-570] Preparing netlist for logic optimization
Parsing XDC File [C:/Users/USER/VivadoProjects/Pikachu_Volleyball/Pikachu_Volleyball.srcs/constrs_1/lab10.xdc]
Finished Parsing XDC File [C:/Users/USER/VivadoProjects/Pikachu_Volleyball/Pikachu_Volleyball.srcs/constrs_1/lab10.xdc]
INFO: [Opt 31-138] Pushed 0 inverter(s) to 0 load pin(s).
Netlist sorting complete. Time (s): cpu = 00:00:00 ; elapsed = 00:00:00.001 . Memory (MB): peak = 829.332 ; gain = 0.000
INFO: [Project 1-111] Unisim Transformation Summary:
No Unisim elements were transformed.

7 Infos, 0 Warnings, 0 Critical Warnings and 0 Errors encountered.
link_design completed successfully
link_design: Time (s): cpu = 00:00:07 ; elapsed = 00:00:10 . Memory (MB): peak = 829.332 ; gain = 327.730
Command: opt_design
Attempting to get a license for feature 'Implementation' and/or device 'xc7a35ti'
INFO: [Common 17-349] Got license for feature 'Implementation' and/or device 'xc7a35ti'
Running DRC as a precondition to command opt_design

Starting DRC Task
INFO: [DRC 23-27] Running DRC with 2 threads
INFO: [Project 1-461] DRC finished with 0 Errors
INFO: [Project 1-462] Please refer to the DRC report (report_drc) for more information.

Time (s): cpu = 00:00:04 ; elapsed = 00:00:03 . Memory (MB): peak = 868.133 ; gain = 38.801

Starting Cache Timing Information Task
INFO: [Timing 38-35] Done setting XDC timing constraints.
Ending Cache Timing Information Task | Checksum: 2485f1b76

Time (s): cpu = 00:00:14 ; elapsed = 00:00:15 . Memory (MB): peak = 1372.082 ; gain = 503.949

Starting Logic Optimization Task

Phase 1 Initialization

Phase 1.1 Core Generation And Design Setup
Phase 1.1 Core Generation And Design Setup | Checksum: 2485f1b76

Time (s): cpu = 00:00:00 ; elapsed = 00:00:00.009 . Memory (MB): peak = 1806.426 ; gain = 0.000

Phase 1.2 Setup Constraints And Sort Netlist
Phase 1.2 Setup Constraints And Sort Netlist | Checksum: 2485f1b76

Time (s): cpu = 00:00:00 ; elapsed = 00:00:00.014 . Memory (MB): peak = 1806.426 ; gain = 0.000
Phase 1 Initialization | Checksum: 2485f1b76

Time (s): cpu = 00:00:00 ; elapsed = 00:00:00.014 . Memory (MB): peak = 1806.426 ; gain = 0.000

Phase 2 Timer Update And Timing Data Collection

Phase 2.1 Timer Update
Phase 2.1 Timer Update | Checksum: 2485f1b76

Time (s): cpu = 00:00:00 ; elapsed = 00:00:00.069 . Memory (MB): peak = 1806.426 ; gain = 0.000

Phase 2.2 Timing Data Collection
Phase 2.2 Timing Data Collection | Checksum: 2485f1b76

Time (s): cpu = 00:00:00 ; elapsed = 00:00:00.088 . Memory (MB): peak = 1806.426 ; gain = 0.000
Phase 2 Timer Update And Timing Data Collection | Checksum: 2485f1b76

Time (s): cpu = 00:00:00 ; elapsed = 00:00:00.089 . Memory (MB): peak = 1806.426 ; gain = 0.000

Phase 3 Retarget
INFO: [Opt 31-1851] Number of loadless carry chains removed were: 0
INFO: [Opt 31-1834] Total Chains To Be Transformed Were: 0 AND Number of Transformed insts Created are: 0
INFO: [Opt 31-138] Pushed 1 inverter(s) to 24 load pin(s).
INFO: [Opt 31-49] Retargeted 0 cell(s).
Phase 3 Retarget | Checksum: 2da6ab46b

Time (s): cpu = 00:00:00 ; elapsed = 00:00:00.181 . Memory (MB): peak = 1806.426 ; gain = 0.000
Retarget | Checksum: 2da6ab46b
INFO: [Opt 31-389] Phase Retarget created 0 cells and removed 1 cells

Phase 4 Constant propagation
INFO: [Opt 31-138] Pushed 0 inverter(s) to 0 load pin(s).
Phase 4 Constant propagation | Checksum: 2f613e7c5

Time (s): cpu = 00:00:00 ; elapsed = 00:00:00.196 . Memory (MB): peak = 1806.426 ; gain = 0.000
Constant propagation | Checksum: 2f613e7c5
INFO: [Opt 31-389] Phase Constant propagation created 0 cells and removed 0 cells

Phase 5 Sweep
INFO: [Constraints 18-11670] Building netlist checker database with flags, 0x8
Done building netlist checker database: Time (s): cpu = 00:00:00 ; elapsed = 00:00:00 . Memory (MB): peak = 1806.426 ; gain = 0.000
Phase 5 Sweep | Checksum: 28d765700

Time (s): cpu = 00:00:00 ; elapsed = 00:00:00.240 . Memory (MB): peak = 1806.426 ; gain = 0.000
Sweep | Checksum: 28d765700
INFO: [Opt 31-389] Phase Sweep created 0 cells and removed 0 cells

Phase 6 BUFG optimization
Phase 6 BUFG optimization | Checksum: 28d765700

Time (s): cpu = 00:00:00 ; elapsed = 00:00:00.280 . Memory (MB): peak = 1806.426 ; gain = 0.000
BUFG optimization | Checksum: 28d765700
INFO: [Opt 31-662] Phase BUFG optimization created 0 cells of which 0 are BUFGs and removed 0 cells.

Phase 7 Shift Register Optimization
INFO: [Opt 31-1064] SRL Remap converted 0 SRLs to 0 registers and converted 0 registers of register chains to 0 SRLs
Phase 7 Shift Register Optimization | Checksum: 28d765700

Time (s): cpu = 00:00:00 ; elapsed = 00:00:00.287 . Memory (MB): peak = 1806.426 ; gain = 0.000
Shift Register Optimization | Checksum: 28d765700
INFO: [Opt 31-389] Phase Shift Register Optimization created 0 cells and removed 0 cells

Phase 8 Post Processing Netlist
Phase 8 Post Processing Netlist | Checksum: 28d765700

Time (s): cpu = 00:00:00 ; elapsed = 00:00:00.293 . Memory (MB): peak = 1806.426 ; gain = 0.000
Post Processing Netlist | Checksum: 28d765700
INFO: [Opt 31-389] Phase Post Processing Netlist created 0 cells and removed 0 cells

Phase 9 Finalization

Phase 9.1 Finalizing Design Cores and Updating Shapes
Phase 9.1 Finalizing Design Cores and Updating Shapes | Checksum: 27b1fd026

Time (s): cpu = 00:00:00 ; elapsed = 00:00:00.343 . Memory (MB): peak = 1806.426 ; gain = 0.000

Phase 9.2 Verifying Netlist Connectivity

Starting Connectivity Check Task

Time (s): cpu = 00:00:00 ; elapsed = 00:00:00.016 . Memory (MB): peak = 1806.426 ; gain = 0.000
Phase 9.2 Verifying Netlist Connectivity | Checksum: 27b1fd026

Time (s): cpu = 00:00:00 ; elapsed = 00:00:00.361 . Memory (MB): peak = 1806.426 ; gain = 0.000
Phase 9 Finalization | Checksum: 27b1fd026

Time (s): cpu = 00:00:00 ; elapsed = 00:00:00.362 . Memory (MB): peak = 1806.426 ; gain = 0.000
Opt_design Change Summary
=========================


-------------------------------------------------------------------------------------------------------------------------
|  Phase                        |  #Cells created  |  #Cells Removed  |  #Constrained objects preventing optimizations  |
-------------------------------------------------------------------------------------------------------------------------
|  Retarget                     |               0  |               1  |                                              0  |
|  Constant propagation         |               0  |               0  |                                              0  |
|  Sweep                        |               0  |               0  |                                              0  |
|  BUFG optimization            |               0  |               0  |                                              0  |
|  Shift Register Optimization  |               0  |               0  |                                              0  |
|  Post Processing Netlist      |               0  |               0  |                                              0  |
-------------------------------------------------------------------------------------------------------------------------


Ending Logic Optimization Task | Checksum: 27b1fd026

Time (s): cpu = 00:00:00 ; elapsed = 00:00:00.369 . Memory (MB): peak = 1806.426 ; gain = 0.000

Starting Power Optimization Task
INFO: [Pwropt 34-132] Skipping clock gating for clocks with a period < 2.00 ns.
INFO: [Timing 38-35] Done setting XDC timing constraints.
Running Vector-less Activity Propagation...

Finished Running Vector-less Activity Propagation
INFO: [Pwropt 34-9] Applying IDT optimizations ...
INFO: [Pwropt 34-10] Applying ODC optimizations ...


Starting PowerOpt Patch Enables Task
INFO: [Pwropt 34-162] WRITE_MODE attribute of 0 BRAM(s) out of a total of 48 has been updated to save power. Run report_power_opt to get a complete listing of the BRAMs updated.
INFO: [Pwropt 34-201] Structural ODC has moved 0 WE to EN ports
Number of BRAM Ports augmented: 12 newly gated: 0 Total Ports: 96
Number of Flops added for Enable Generation: 1

Ending PowerOpt Patch Enables Task | Checksum: 2628131e2

Time (s): cpu = 00:00:00 ; elapsed = 00:00:00.343 . Memory (MB): peak = 1909.703 ; gain = 0.000
Ending Power Optimization Task | Checksum: 2628131e2

Time (s): cpu = 00:00:07 ; elapsed = 00:00:07 . Memory (MB): peak = 1909.703 ; gain = 103.277

Starting Final Cleanup Task

Starting Logic Optimization Task
INFO: [Timing 38-35] Done setting XDC timing constraints.
Ending Logic Optimization Task | Checksum: 248ec8f73

Time (s): cpu = 00:00:00 ; elapsed = 00:00:00.228 . Memory (MB): peak = 1909.703 ; gain = 0.000
Ending Final Cleanup Task | Checksum: 248ec8f73

Time (s): cpu = 00:00:07 ; elapsed = 00:00:07 . Memory (MB): peak = 1909.703 ; gain = 0.000

Starting Netlist Obfuscation Task
Netlist sorting complete. Time (s): cpu = 00:00:00 ; elapsed = 00:00:00.001 . Memory (MB): peak = 1909.703 ; gain = 0.000
Ending Netlist Obfuscation Task | Checksum: 248ec8f73

Time (s): cpu = 00:00:00 ; elapsed = 00:00:00.003 . Memory (MB): peak = 1909.703 ; gain = 0.000
INFO: [Common 17-83] Releasing license: Implementation
33 Infos, 0 Warnings, 0 Critical Warnings and 0 Errors encountered.
opt_design completed successfully
opt_design: Time (s): cpu = 00:00:38 ; elapsed = 00:00:39 . Memory (MB): peak = 1909.703 ; gain = 1080.371
INFO: [Vivado 12-24828] Executing command : report_drc -file fp_pikachu_volleyball_drc_opted.rpt -pb fp_pikachu_volleyball_drc_opted.pb -rpx fp_pikachu_volleyball_drc_opted.rpx
Command: report_drc -file fp_pikachu_volleyball_drc_opted.rpt -pb fp_pikachu_volleyball_drc_opted.pb -rpx fp_pikachu_volleyball_drc_opted.rpx
INFO: [IP_Flow 19-234] Refreshing IP repositories
INFO: [IP_Flow 19-1704] No user IP repositories specified
INFO: [IP_Flow 19-2313] Loaded Vivado IP repository 'C:/Xilinx/2025.1/Vivado/data/ip'.
INFO: [DRC 23-27] Running DRC with 2 threads
INFO: [Vivado_Tcl 2-168] The results of DRC are in file C:/Users/USER/VivadoProjects/Pikachu_Volleyball/Pikachu_Volleyball.runs/impl_1/fp_pikachu_volleyball_drc_opted.rpt.
report_drc completed successfully
INFO: [Timing 38-480] Writing timing data to binary archive.
Write ShapeDB Complete: Time (s): cpu = 00:00:00 ; elapsed = 00:00:00.015 . Memory (MB): peak = 1909.703 ; gain = 0.000
Wrote PlaceDB: Time (s): cpu = 00:00:01 ; elapsed = 00:00:00.010 . Memory (MB): peak = 1909.703 ; gain = 0.000
Wrote PulsedLatchDB: Time (s): cpu = 00:00:00 ; elapsed = 00:00:00.004 . Memory (MB): peak = 1909.703 ; gain = 0.000
Writing XDEF routing.
Writing XDEF routing logical nets.
Writing XDEF routing special nets.
Wrote RouteStorage: Time (s): cpu = 00:00:00 ; elapsed = 00:00:00.053 . Memory (MB): peak = 1909.703 ; gain = 0.000
Wrote Netlist Cache: Time (s): cpu = 00:00:00 ; elapsed = 00:00:00.001 . Memory (MB): peak = 1909.703 ; gain = 0.000
Wrote Device Cache: Time (s): cpu = 00:00:00 ; elapsed = 00:00:00.017 . Memory (MB): peak = 1909.703 ; gain = 0.000
Write Physdb Complete: Time (s): cpu = 00:00:01 ; elapsed = 00:00:00.119 . Memory (MB): peak = 1909.703 ; gain = 0.000
INFO: [Common 17-1381] The checkpoint 'C:/Users/USER/VivadoProjects/Pikachu_Volleyball/Pikachu_Volleyball.runs/impl_1/fp_pikachu_volleyball_opt.dcp' has been generated.
Command: place_design
Attempting to get a license for feature 'Implementation' and/or device 'xc7a35ti'
INFO: [Common 17-349] Got license for feature 'Implementation' and/or device 'xc7a35ti'
INFO: [Common 17-83] Releasing license: Implementation
INFO: [DRC 23-27] Running DRC with 2 threads
INFO: [Vivado_Tcl 4-198] DRC finished with 0 Errors
INFO: [Vivado_Tcl 4-199] Please refer to the DRC report (report_drc) for more information.
Running DRC as a precondition to command place_design
INFO: [DRC 23-27] Running DRC with 2 threads
INFO: [Vivado_Tcl 4-198] DRC finished with 0 Errors
INFO: [Vivado_Tcl 4-199] Please refer to the DRC report (report_drc) for more information.
INFO: [Place 30-611] Multithreading enabled for place_design using a maximum of 2 CPUs

Starting Placer Task

Phase 1 Placer Initialization

Phase 1.1 Placer Initialization Netlist Sorting
Netlist sorting complete. Time (s): cpu = 00:00:00 ; elapsed = 00:00:00.001 . Memory (MB): peak = 1909.703 ; gain = 0.000
Phase 1.1 Placer Initialization Netlist Sorting | Checksum: 21838e307

Time (s): cpu = 00:00:00 ; elapsed = 00:00:00.013 . Memory (MB): peak = 1909.703 ; gain = 0.000
Netlist sorting complete. Time (s): cpu = 00:00:00 ; elapsed = 00:00:00.001 . Memory (MB): peak = 1909.703 ; gain = 0.000

Phase 1.2 IO Placement/ Clock Placement/ Build Placer Device
INFO: [Timing 38-35] Done setting XDC timing constraints.
Phase 1.2 IO Placement/ Clock Placement/ Build Placer Device | Checksum: 14b19bef7

Time (s): cpu = 00:00:01 ; elapsed = 00:00:00.579 . Memory (MB): peak = 1909.703 ; gain = 0.000

Phase 1.3 Build Placer Netlist Model
Phase 1.3 Build Placer Netlist Model | Checksum: 1843611bf

Time (s): cpu = 00:00:02 ; elapsed = 00:00:01 . Memory (MB): peak = 1909.703 ; gain = 0.000

Phase 1.4 Constrain Clocks/Macros
Phase 1.4 Constrain Clocks/Macros | Checksum: 1843611bf

Time (s): cpu = 00:00:02 ; elapsed = 00:00:01 . Memory (MB): peak = 1909.703 ; gain = 0.000
Phase 1 Placer Initialization | Checksum: 1843611bf

Time (s): cpu = 00:00:02 ; elapsed = 00:00:01 . Memory (MB): peak = 1909.703 ; gain = 0.000

Phase 2 Global Placement

Phase 2.1 Floorplanning
Phase 2.1 Floorplanning | Checksum: 1744aa43d

Time (s): cpu = 00:00:02 ; elapsed = 00:00:01 . Memory (MB): peak = 1909.703 ; gain = 0.000

Phase 2.2 Update Timing before SLR Path Opt
Phase 2.2 Update Timing before SLR Path Opt | Checksum: 233fe161e

Time (s): cpu = 00:00:02 ; elapsed = 00:00:01 . Memory (MB): peak = 1909.703 ; gain = 0.000

Phase 2.3 Post-Processing in Floorplanning
Phase 2.3 Post-Processing in Floorplanning | Checksum: 233fe161e

Time (s): cpu = 00:00:02 ; elapsed = 00:00:01 . Memory (MB): peak = 1909.703 ; gain = 0.000

Phase 2.4 Global Place Phase1
Phase 2.4 Global Place Phase1 | Checksum: 2671575a5

Time (s): cpu = 00:00:05 ; elapsed = 00:00:03 . Memory (MB): peak = 1909.703 ; gain = 0.000

Phase 2.5 Global Place Phase2

Phase 2.5.1 UpdateTiming Before Physical Synthesis
Phase 2.5.1 UpdateTiming Before Physical Synthesis | Checksum: 2671575a5

Time (s): cpu = 00:00:05 ; elapsed = 00:00:04 . Memory (MB): peak = 1909.703 ; gain = 0.000

Phase 2.5.2 Physical Synthesis In Placer
INFO: [Physopt 32-1035] Found 0 LUTNM shape to break, 70 LUT instances to create LUTNM shape
INFO: [Physopt 32-1044] Break lutnm for timing: one critical 0, two critical 0, total 0, new lutff created 0
INFO: [Physopt 32-1138] End 1 Pass. Optimized 32 nets or LUTs. Breaked 0 LUT, combined 32 existing LUTs and moved 0 existing LUT
INFO: [Physopt 32-65] No nets found for high-fanout optimization.
INFO: [Physopt 32-232] Optimized 0 net. Created 0 new instance.
INFO: [Physopt 32-775] End 1 Pass. Optimized 0 net or cell. Created 0 new cell, deleted 0 existing cell and moved 0 existing cell
INFO: [Physopt 32-670] No setup violation found.  DSP Register Optimization was not performed.
INFO: [Physopt 32-670] No setup violation found.  Shift Register to Pipeline Optimization was not performed.
INFO: [Physopt 32-670] No setup violation found.  Shift Register Optimization was not performed.
INFO: [Physopt 32-670] No setup violation found.  BRAM Register Optimization was not performed.
INFO: [Physopt 32-670] No setup violation found.  URAM Register Optimization was not performed.
INFO: [Physopt 32-949] No candidate nets found for dynamic/static region interface net replication
INFO: [Physopt 32-775] End 1 Pass. Optimized 0 net or cell. Created 0 new cell, deleted 0 existing cell and moved 0 existing cell
Netlist sorting complete. Time (s): cpu = 00:00:00 ; elapsed = 00:00:00 . Memory (MB): peak = 1909.703 ; gain = 0.000

Summary of Physical Synthesis Optimizations
============================================


-----------------------------------------------------------------------------------------------------------------------------------------------------------
|  Optimization                                     |  Added Cells  |  Removed Cells  |  Optimized Cells/Nets  |  Dont Touch  |  Iterations  |  Elapsed   |
-----------------------------------------------------------------------------------------------------------------------------------------------------------
|  LUT Combining                                    |            0  |             32  |                    32  |           0  |           1  |  00:00:00  |
|  Retime                                           |            0  |              0  |                     0  |           0  |           1  |  00:00:00  |
|  Very High Fanout                                 |            0  |              0  |                     0  |           0  |           1  |  00:00:00  |
|  DSP Register                                     |            0  |              0  |                     0  |           0  |           0  |  00:00:00  |
|  Shift Register to Pipeline                       |            0  |              0  |                     0  |           0  |           0  |  00:00:00  |
|  Shift Register                                   |            0  |              0  |                     0  |           0  |           0  |  00:00:00  |
|  BRAM Register                                    |            0  |              0  |                     0  |           0  |           0  |  00:00:00  |
|  URAM Register                                    |            0  |              0  |                     0  |           0  |           0  |  00:00:00  |
|  Dynamic/Static Region Interface Net Replication  |            0  |              0  |                     0  |           0  |           1  |  00:00:00  |
|  Total                                            |            0  |             32  |                    32  |           0  |           4  |  00:00:00  |
-----------------------------------------------------------------------------------------------------------------------------------------------------------


Phase 2.5.2 Physical Synthesis In Placer | Checksum: 180ea57a2

Time (s): cpu = 00:00:06 ; elapsed = 00:00:04 . Memory (MB): peak = 1909.703 ; gain = 0.000
Phase 2.5 Global Place Phase2 | Checksum: 13e888991

Time (s): cpu = 00:00:06 ; elapsed = 00:00:05 . Memory (MB): peak = 1909.703 ; gain = 0.000
Phase 2 Global Placement | Checksum: 13e888991

Time (s): cpu = 00:00:06 ; elapsed = 00:00:05 . Memory (MB): peak = 1909.703 ; gain = 0.000

Phase 3 Detail Placement

Phase 3.1 Commit Multi Column Macros
Phase 3.1 Commit Multi Column Macros | Checksum: 1bb7b16e0

Time (s): cpu = 00:00:06 ; elapsed = 00:00:05 . Memory (MB): peak = 1909.703 ; gain = 0.000

Phase 3.2 Commit Most Macros & LUTRAMs
Phase 3.2 Commit Most Macros & LUTRAMs | Checksum: f03553a8

Time (s): cpu = 00:00:07 ; elapsed = 00:00:05 . Memory (MB): peak = 1909.703 ; gain = 0.000

Phase 3.3 Area Swap Optimization
Phase 3.3 Area Swap Optimization | Checksum: f6af4ae9

Time (s): cpu = 00:00:07 ; elapsed = 00:00:05 . Memory (MB): peak = 1909.703 ; gain = 0.000

Phase 3.4 Pipeline Register Optimization
Phase 3.4 Pipeline Register Optimization | Checksum: 1a59b22d4

Time (s): cpu = 00:00:07 ; elapsed = 00:00:05 . Memory (MB): peak = 1909.703 ; gain = 0.000

Phase 3.5 Small Shape Detail Placement
Phase 3.5 Small Shape Detail Placement | Checksum: 2518ab283

Time (s): cpu = 00:00:07 ; elapsed = 00:00:05 . Memory (MB): peak = 1909.703 ; gain = 0.000

Phase 3.6 Re-assign LUT pins
Phase 3.6 Re-assign LUT pins | Checksum: 26c563296

Time (s): cpu = 00:00:07 ; elapsed = 00:00:05 . Memory (MB): peak = 1909.703 ; gain = 0.000

Phase 3.7 Pipeline Register Optimization
Phase 3.7 Pipeline Register Optimization | Checksum: 19af2ff2d

Time (s): cpu = 00:00:07 ; elapsed = 00:00:05 . Memory (MB): peak = 1909.703 ; gain = 0.000
Phase 3 Detail Placement | Checksum: 19af2ff2d

Time (s): cpu = 00:00:07 ; elapsed = 00:00:05 . Memory (MB): peak = 1909.703 ; gain = 0.000

Phase 4 Post Placement Optimization and Clean-Up

Phase 4.1 Post Commit Optimization
INFO: [Timing 38-35] Done setting XDC timing constraints.

Phase 4.1.1 Post Placement Optimization
Post Placement Optimization Initialization | Checksum: 246812dc9

Phase 4.1.1.1 BUFG Insertion

Starting Physical Synthesis Task

Phase 1 Physical Synthesis Initialization
INFO: [Physopt 32-721] Multithreading enabled for phys_opt_design using a maximum of 2 CPUs
INFO: [Physopt 32-619] Estimated Timing Summary | WNS=1.279 | TNS=0.000 |
Phase 1 Physical Synthesis Initialization | Checksum: 10d94552b

Time (s): cpu = 00:00:00 ; elapsed = 00:00:00.051 . Memory (MB): peak = 1909.703 ; gain = 0.000
INFO: [Place 46-56] BUFG insertion identified 0 candidate nets. Inserted BUFG: 0, Replicated BUFG Driver: 0, Skipped due to Placement/Routing Conflicts: 0, Skipped due to Timing Degradation: 0, Skipped due to netlist editing failed: 0.
Ending Physical Synthesis Task | Checksum: 20d95bc1e

Time (s): cpu = 00:00:00 ; elapsed = 00:00:00.071 . Memory (MB): peak = 1909.703 ; gain = 0.000
Phase 4.1.1.1 BUFG Insertion | Checksum: 246812dc9

Time (s): cpu = 00:00:08 ; elapsed = 00:00:06 . Memory (MB): peak = 1909.703 ; gain = 0.000

Phase 4.1.1.2 Post Placement Timing Optimization
INFO: [Place 30-746] Post Placement Timing Summary WNS=1.279. For the most accurate timing information please run report_timing.
Phase 4.1.1.2 Post Placement Timing Optimization | Checksum: 1ecfac71d

Time (s): cpu = 00:00:08 ; elapsed = 00:00:06 . Memory (MB): peak = 1909.703 ; gain = 0.000

Time (s): cpu = 00:00:08 ; elapsed = 00:00:06 . Memory (MB): peak = 1909.703 ; gain = 0.000
Phase 4.1 Post Commit Optimization | Checksum: 1ecfac71d

Time (s): cpu = 00:00:08 ; elapsed = 00:00:06 . Memory (MB): peak = 1909.703 ; gain = 0.000

Phase 4.2 Post Placement Cleanup
Phase 4.2 Post Placement Cleanup | Checksum: 1ecfac71d

Time (s): cpu = 00:00:08 ; elapsed = 00:00:06 . Memory (MB): peak = 1909.703 ; gain = 0.000

Phase 4.3 Placer Reporting

Phase 4.3.1 Print Estimated Congestion
INFO: [Place 30-612] Post-Placement Estimated Congestion 
 ____________________________________________________
|           | Global Congestion | Short Congestion  |
| Direction | Region Size       | Region Size       |
|___________|___________________|___________________|
|      North|                1x1|                1x1|
|___________|___________________|___________________|
|      South|                1x1|                1x1|
|___________|___________________|___________________|
|       East|                1x1|                1x1|
|___________|___________________|___________________|
|       West|                1x1|                1x1|
|___________|___________________|___________________|

Phase 4.3.1 Print Estimated Congestion | Checksum: 1ecfac71d

Time (s): cpu = 00:00:08 ; elapsed = 00:00:06 . Memory (MB): peak = 1909.703 ; gain = 0.000
Phase 4.3 Placer Reporting | Checksum: 1ecfac71d

Time (s): cpu = 00:00:08 ; elapsed = 00:00:06 . Memory (MB): peak = 1909.703 ; gain = 0.000

Phase 4.4 Final Placement Cleanup
Netlist sorting complete. Time (s): cpu = 00:00:00 ; elapsed = 00:00:00 . Memory (MB): peak = 1909.703 ; gain = 0.000

Time (s): cpu = 00:00:08 ; elapsed = 00:00:06 . Memory (MB): peak = 1909.703 ; gain = 0.000
Phase 4 Post Placement Optimization and Clean-Up | Checksum: 1e89cee59

Time (s): cpu = 00:00:08 ; elapsed = 00:00:06 . Memory (MB): peak = 1909.703 ; gain = 0.000
Ending Placer Task | Checksum: 1d88436ee

Time (s): cpu = 00:00:08 ; elapsed = 00:00:06 . Memory (MB): peak = 1909.703 ; gain = 0.000
70 Infos, 0 Warnings, 0 Critical Warnings and 0 Errors encountered.
place_design completed successfully
place_design: Time (s): cpu = 00:00:13 ; elapsed = 00:00:09 . Memory (MB): peak = 1909.703 ; gain = 0.000
INFO: [Vivado 12-24838] Running report commands "report_control_sets, report_io, report_utilization" in parallel.
Running report generation with 2 threads.
INFO: [Vivado 12-24828] Executing command : report_utilization -file fp_pikachu_volleyball_utilization_placed.rpt -pb fp_pikachu_volleyball_utilization_placed.pb
INFO: [Vivado 12-24828] Executing command : report_control_sets -verbose -file fp_pikachu_volleyball_control_sets_placed.rpt
report_control_sets: Time (s): cpu = 00:00:00 ; elapsed = 00:00:00.008 . Memory (MB): peak = 1909.703 ; gain = 0.000
INFO: [Vivado 12-24828] Executing command : report_io -file fp_pikachu_volleyball_io_placed.rpt
report_io: Time (s): cpu = 00:00:01 ; elapsed = 00:00:00.144 . Memory (MB): peak = 1909.703 ; gain = 0.000
INFO: [Timing 38-480] Writing timing data to binary archive.
Write ShapeDB Complete: Time (s): cpu = 00:00:00 ; elapsed = 00:00:00.004 . Memory (MB): peak = 1909.703 ; gain = 0.000
Wrote PlaceDB: Time (s): cpu = 00:00:00 ; elapsed = 00:00:00.130 . Memory (MB): peak = 1909.703 ; gain = 0.000
Wrote PulsedLatchDB: Time (s): cpu = 00:00:00 ; elapsed = 00:00:00 . Memory (MB): peak = 1909.703 ; gain = 0.000
Writing XDEF routing.
Writing XDEF routing logical nets.
Writing XDEF routing special nets.
Wrote RouteStorage: Time (s): cpu = 00:00:00 ; elapsed = 00:00:00.032 . Memory (MB): peak = 1909.703 ; gain = 0.000
Wrote Netlist Cache: Time (s): cpu = 00:00:00 ; elapsed = 00:00:00.002 . Memory (MB): peak = 1909.703 ; gain = 0.000
Wrote Device Cache: Time (s): cpu = 00:00:00 ; elapsed = 00:00:00.013 . Memory (MB): peak = 1909.703 ; gain = 0.000
Write Physdb Complete: Time (s): cpu = 00:00:00 ; elapsed = 00:00:00.190 . Memory (MB): peak = 1909.703 ; gain = 0.000
INFO: [Common 17-1381] The checkpoint 'C:/Users/USER/VivadoProjects/Pikachu_Volleyball/Pikachu_Volleyball.runs/impl_1/fp_pikachu_volleyball_placed.dcp' has been generated.
Command: route_design
Attempting to get a license for feature 'Implementation' and/or device 'xc7a35ti'
INFO: [Common 17-349] Got license for feature 'Implementation' and/or device 'xc7a35ti'


Starting Routing Task
INFO: [Route 35-254] Multithreading enabled for route_design using a maximum of 2 CPUs

Phase 1 Build RT Design
Checksum: PlaceDB: c91f28b3 ConstDB: 0 ShapeSum: 6ee3b1e4 RouteDB: a0815c57
Post Restoration Checksum: NetGraph: f53bcf24 | NumContArr: f5e90aaa | Constraints: c2a8fa9d | Timing: c2a8fa9d
Phase 1 Build RT Design | Checksum: 37076cf08

Time (s): cpu = 00:00:46 ; elapsed = 00:00:43 . Memory (MB): peak = 1941.215 ; gain = 31.512

Phase 2 Router Initialization

Phase 2.1 Fix Topology Constraints
Phase 2.1 Fix Topology Constraints | Checksum: 37076cf08

Time (s): cpu = 00:00:46 ; elapsed = 00:00:43 . Memory (MB): peak = 1941.215 ; gain = 31.512

Phase 2.2 Pre Route Cleanup
Phase 2.2 Pre Route Cleanup | Checksum: 37076cf08

Time (s): cpu = 00:00:46 ; elapsed = 00:00:43 . Memory (MB): peak = 1941.215 ; gain = 31.512
 Number of Nodes with overlaps = 0

Phase 2.3 Update Timing
Phase 2.3 Update Timing | Checksum: 17aa9deb1

Time (s): cpu = 00:00:47 ; elapsed = 00:00:44 . Memory (MB): peak = 1974.367 ; gain = 64.664
INFO: [Route 35-416] Intermediate Timing Summary | WNS=1.354  | TNS=0.000  | WHS=-0.140 | THS=-7.365 |


Phase 2.4 Soft Constraint Pins - Fast Budgeting
Phase 2.4 Soft Constraint Pins - Fast Budgeting | Checksum: 22effd0ca

Time (s): cpu = 00:00:48 ; elapsed = 00:00:45 . Memory (MB): peak = 1998.434 ; gain = 88.730

Router Utilization Summary
  Global Vertical Routing Utilization    = 0.000956709 %
  Global Horizontal Routing Utilization  = 0.00143155 %
  Routable Net Status*
  *Does not include unroutable nets such as driverless and loadless.
  Run report_route_status for detailed report.
  Number of Failed Nets               = 484
    (Failed Nets is the sum of unrouted and partially routed nets)
  Number of Unrouted Nets             = 484
  Number of Partially Routed Nets     = 0
  Number of Node Overlaps             = 0

Phase 2 Router Initialization | Checksum: 212c59da9

Time (s): cpu = 00:00:48 ; elapsed = 00:00:45 . Memory (MB): peak = 1998.434 ; gain = 88.730

Phase 3 Global Routing
Phase 3 Global Routing | Checksum: 212c59da9

Time (s): cpu = 00:00:48 ; elapsed = 00:00:45 . Memory (MB): peak = 1998.434 ; gain = 88.730

Phase 4 Initial Routing

Phase 4.1 Initial Net Routing Pass
Phase 4.1 Initial Net Routing Pass | Checksum: 29c03353e

Time (s): cpu = 00:00:50 ; elapsed = 00:00:46 . Memory (MB): peak = 1998.434 ; gain = 88.730
Phase 4 Initial Routing | Checksum: 29c03353e

Time (s): cpu = 00:00:50 ; elapsed = 00:00:46 . Memory (MB): peak = 1998.434 ; gain = 88.730

Phase 5 Rip-up And Reroute

Phase 5.1 Global Iteration 0
 Number of Nodes with overlaps = 26
 Number of Nodes with overlaps = 4
 Number of Nodes with overlaps = 2
 Number of Nodes with overlaps = 1
 Number of Nodes with overlaps = 1
 Number of Nodes with overlaps = 0
INFO: [Route 35-416] Intermediate Timing Summary | WNS=1.361  | TNS=0.000  | WHS=N/A    | THS=N/A    |

Phase 5.1 Global Iteration 0 | Checksum: 2e001c99b

Time (s): cpu = 00:00:51 ; elapsed = 00:00:47 . Memory (MB): peak = 1998.434 ; gain = 88.730
Phase 5 Rip-up And Reroute | Checksum: 2e001c99b

Time (s): cpu = 00:00:51 ; elapsed = 00:00:47 . Memory (MB): peak = 1998.434 ; gain = 88.730

Phase 6 Delay and Skew Optimization

Phase 6.1 Delay CleanUp

Phase 6.1.1 Update Timing
Phase 6.1.1 Update Timing | Checksum: 30298aa86

Time (s): cpu = 00:00:51 ; elapsed = 00:00:47 . Memory (MB): peak = 1998.434 ; gain = 88.730
INFO: [Route 35-416] Intermediate Timing Summary | WNS=1.441  | TNS=0.000  | WHS=N/A    | THS=N/A    |

Phase 6.1 Delay CleanUp | Checksum: 30298aa86

Time (s): cpu = 00:00:51 ; elapsed = 00:00:47 . Memory (MB): peak = 1998.434 ; gain = 88.730

Phase 6.2 Clock Skew Optimization
Phase 6.2 Clock Skew Optimization | Checksum: 30298aa86

Time (s): cpu = 00:00:51 ; elapsed = 00:00:47 . Memory (MB): peak = 1998.434 ; gain = 88.730
Phase 6 Delay and Skew Optimization | Checksum: 30298aa86

Time (s): cpu = 00:00:51 ; elapsed = 00:00:47 . Memory (MB): peak = 1998.434 ; gain = 88.730

Phase 7 Post Hold Fix

Phase 7.1 Hold Fix Iter
INFO: [Route 35-416] Intermediate Timing Summary | WNS=1.441  | TNS=0.000  | WHS=0.089  | THS=0.000  |

Phase 7.1 Hold Fix Iter | Checksum: 235248569

Time (s): cpu = 00:00:51 ; elapsed = 00:00:47 . Memory (MB): peak = 1998.434 ; gain = 88.730
Phase 7 Post Hold Fix | Checksum: 235248569

Time (s): cpu = 00:00:51 ; elapsed = 00:00:47 . Memory (MB): peak = 1998.434 ; gain = 88.730

Phase 8 Route finalize

Router Utilization Summary
  Global Vertical Routing Utilization    = 0.36634 %
  Global Horizontal Routing Utilization  = 0.340968 %
  Routable Net Status*
  *Does not include unroutable nets such as driverless and loadless.
  Run report_route_status for detailed report.
  Number of Failed Nets               = 0
    (Failed Nets is the sum of unrouted and partially routed nets)
  Number of Unrouted Nets             = 0
  Number of Partially Routed Nets     = 0
  Number of Node Overlaps             = 0

Phase 8 Route finalize | Checksum: 235248569

Time (s): cpu = 00:00:52 ; elapsed = 00:00:47 . Memory (MB): peak = 1998.434 ; gain = 88.730

Phase 9 Verifying routed nets

 Verification completed successfully
Phase 9 Verifying routed nets | Checksum: 235248569

Time (s): cpu = 00:00:52 ; elapsed = 00:00:47 . Memory (MB): peak = 1998.434 ; gain = 88.730

Phase 10 Depositing Routes
Phase 10 Depositing Routes | Checksum: 22ea7697d

Time (s): cpu = 00:00:52 ; elapsed = 00:00:47 . Memory (MB): peak = 1998.434 ; gain = 88.730

Phase 11 Post Process Routing
Phase 11 Post Process Routing | Checksum: 22ea7697d

Time (s): cpu = 00:00:52 ; elapsed = 00:00:47 . Memory (MB): peak = 1998.434 ; gain = 88.730

Phase 12 Post Router Timing
INFO: [Route 35-57] Estimated Timing Summary | WNS=1.441  | TNS=0.000  | WHS=0.089  | THS=0.000  |

INFO: [Route 35-327] The final timing numbers are based on the router estimated timing analysis. For a complete and accurate timing signoff, please run report_timing_summary.
Phase 12 Post Router Timing | Checksum: 22ea7697d

Time (s): cpu = 00:00:52 ; elapsed = 00:00:47 . Memory (MB): peak = 1998.434 ; gain = 88.730
Total Elapsed time in route_design: 47.402 secs

Phase 13 Post-Route Event Processing
Phase 13 Post-Route Event Processing | Checksum: f009ecc8

Time (s): cpu = 00:00:52 ; elapsed = 00:00:47 . Memory (MB): peak = 1998.434 ; gain = 88.730
INFO: [Route 35-16] Router Completed Successfully
Ending Routing Task | Checksum: f009ecc8

Time (s): cpu = 00:00:52 ; elapsed = 00:00:47 . Memory (MB): peak = 1998.434 ; gain = 88.730

Routing Is Done.
INFO: [Common 17-83] Releasing license: Implementation
86 Infos, 0 Warnings, 0 Critical Warnings and 0 Errors encountered.
route_design completed successfully
route_design: Time (s): cpu = 00:00:52 ; elapsed = 00:00:48 . Memory (MB): peak = 1998.434 ; gain = 88.730
INFO: [Vivado 12-24828] Executing command : report_drc -file fp_pikachu_volleyball_drc_routed.rpt -pb fp_pikachu_volleyball_drc_routed.pb -rpx fp_pikachu_volleyball_drc_routed.rpx
Command: report_drc -file fp_pikachu_volleyball_drc_routed.rpt -pb fp_pikachu_volleyball_drc_routed.pb -rpx fp_pikachu_volleyball_drc_routed.rpx
INFO: [IP_Flow 19-1839] IP Catalog is up to date.
INFO: [DRC 23-27] Running DRC with 2 threads
INFO: [Vivado_Tcl 2-168] The results of DRC are in file C:/Users/USER/VivadoProjects/Pikachu_Volleyball/Pikachu_Volleyball.runs/impl_1/fp_pikachu_volleyball_drc_routed.rpt.
report_drc completed successfully
report_drc: Time (s): cpu = 00:00:11 ; elapsed = 00:00:06 . Memory (MB): peak = 1998.434 ; gain = 0.000
INFO: [Vivado 12-24828] Executing command : report_methodology -file fp_pikachu_volleyball_methodology_drc_routed.rpt -pb fp_pikachu_volleyball_methodology_drc_routed.pb -rpx fp_pikachu_volleyball_methodology_drc_routed.rpx
Command: report_methodology -file fp_pikachu_volleyball_methodology_drc_routed.rpt -pb fp_pikachu_volleyball_methodology_drc_routed.pb -rpx fp_pikachu_volleyball_methodology_drc_routed.rpx
INFO: [Timing 38-35] Done setting XDC timing constraints.
INFO: [DRC 23-133] Running Methodology with 2 threads
INFO: [Vivado_Tcl 2-1520] The results of Report Methodology are in file C:/Users/USER/VivadoProjects/Pikachu_Volleyball/Pikachu_Volleyball.runs/impl_1/fp_pikachu_volleyball_methodology_drc_routed.rpt.
report_methodology completed successfully
report_methodology: Time (s): cpu = 00:00:11 ; elapsed = 00:00:06 . Memory (MB): peak = 2020.375 ; gain = 21.941
INFO: [Vivado 12-24828] Executing command : report_timing_summary -max_paths 10 -file fp_pikachu_volleyball_timing_summary_routed.rpt -pb fp_pikachu_volleyball_timing_summary_routed.pb -rpx fp_pikachu_volleyball_timing_summary_routed.rpx -warn_on_violation 
INFO: [Timing 38-35] Done setting XDC timing constraints.
INFO: [Timing 38-91] UpdateTimingParams: Speed grade: -1L, Delay Type: min_max.
INFO: [Timing 38-191] Multithreading enabled for timing update using a maximum of 2 CPUs
INFO: [Vivado 12-24838] Running report commands "report_incremental_reuse, report_route_status" in parallel.
Running report generation with 2 threads.
INFO: [Vivado 12-24828] Executing command : report_incremental_reuse -file fp_pikachu_volleyball_incremental_reuse_routed.rpt
INFO: [Vivado_Tcl 4-1062] Incremental flow is disabled. No incremental reuse Info to report.
INFO: [Vivado 12-24828] Executing command : report_route_status -file fp_pikachu_volleyball_route_status.rpt -pb fp_pikachu_volleyball_route_status.pb
INFO: [Vivado 12-24828] Executing command : report_power -file fp_pikachu_volleyball_power_routed.rpt -pb fp_pikachu_volleyball_power_summary_routed.pb -rpx fp_pikachu_volleyball_power_routed.rpx
Command: report_power -file fp_pikachu_volleyball_power_routed.rpt -pb fp_pikachu_volleyball_power_summary_routed.pb -rpx fp_pikachu_volleyball_power_routed.rpx
Running Vector-less Activity Propagation...

Finished Running Vector-less Activity Propagation
103 Infos, 0 Warnings, 0 Critical Warnings and 0 Errors encountered.
report_power completed successfully
INFO: [Vivado 12-24828] Executing command : report_clock_utilization -file fp_pikachu_volleyball_clock_utilization_routed.rpt
INFO: [Vivado 12-24828] Executing command : report_bus_skew -warn_on_violation -file fp_pikachu_volleyball_bus_skew_routed.rpt -pb fp_pikachu_volleyball_bus_skew_routed.pb -rpx fp_pikachu_volleyball_bus_skew_routed.rpx
INFO: [Timing 38-91] UpdateTimingParams: Speed grade: -1L, Delay Type: min_max.
INFO: [Timing 38-191] Multithreading enabled for timing update using a maximum of 2 CPUs
generate_parallel_reports: Time (s): cpu = 00:00:24 ; elapsed = 00:00:14 . Memory (MB): peak = 2020.375 ; gain = 21.941
INFO: [Timing 38-480] Writing timing data to binary archive.
Write ShapeDB Complete: Time (s): cpu = 00:00:00 ; elapsed = 00:00:00.005 . Memory (MB): peak = 2020.375 ; gain = 0.000
Wrote PlaceDB: Time (s): cpu = 00:00:00 ; elapsed = 00:00:00.140 . Memory (MB): peak = 2020.375 ; gain = 0.000
Wrote PulsedLatchDB: Time (s): cpu = 00:00:00 ; elapsed = 00:00:00 . Memory (MB): peak = 2020.375 ; gain = 0.000
Writing XDEF routing.
Writing XDEF routing logical nets.
Writing XDEF routing special nets.
Wrote RouteStorage: Time (s): cpu = 00:00:01 ; elapsed = 00:00:00.085 . Memory (MB): peak = 2020.375 ; gain = 0.000
Wrote Netlist Cache: Time (s): cpu = 00:00:00 ; elapsed = 00:00:00.002 . Memory (MB): peak = 2020.375 ; gain = 0.000
Wrote Device Cache: Time (s): cpu = 00:00:00 ; elapsed = 00:00:00.016 . Memory (MB): peak = 2020.375 ; gain = 0.000
Write Physdb Complete: Time (s): cpu = 00:00:01 ; elapsed = 00:00:00.256 . Memory (MB): peak = 2020.375 ; gain = 0.000
INFO: [Common 17-1381] The checkpoint 'C:/Users/USER/VivadoProjects/Pikachu_Volleyball/Pikachu_Volleyball.runs/impl_1/fp_pikachu_volleyball_routed.dcp' has been generated.
Command: write_bitstream -force fp_pikachu_volleyball.bit
Attempting to get a license for feature 'Implementation' and/or device 'xc7a35ti'
INFO: [Common 17-349] Got license for feature 'Implementation' and/or device 'xc7a35ti'
Running DRC as a precondition to command write_bitstream
INFO: [IP_Flow 19-1839] IP Catalog is up to date.
INFO: [DRC 23-27] Running DRC with 2 threads
INFO: [Vivado 12-3199] DRC finished with 0 Errors
INFO: [Vivado 12-3200] Please refer to the DRC report (report_drc) for more information.
INFO: [Designutils 20-2272] Running write_bitstream with 2 threads.
Loading data files...
Loading site data...
Loading route data...
Processing options...
Creating bitmap...
Creating bitstream...
Writing bitstream ./fp_pikachu_volleyball.bit...
INFO: [Vivado 12-1842] Bitgen Completed Successfully.
INFO: [Project 1-1876] WebTalk data collection is mandatory when using a ULT device. To see the specific WebTalk data collected for your design, open the usage_statistics_webtalk.html or usage_statistics_webtalk.xml file in the implementation directory.
INFO: [Common 17-83] Releasing license: Implementation
118 Infos, 0 Warnings, 0 Critical Warnings and 0 Errors encountered.
write_bitstream completed successfully
write_bitstream: Time (s): cpu = 00:00:39 ; elapsed = 00:00:29 . Memory (MB): peak = 2509.977 ; gain = 489.602
INFO: [Common 17-206] Exiting Vivado at Tue Nov 25 00:00:21 2025...
