
*** Running vivado
    with args -log fp_pikachu_volleyball.vds -m64 -product Vivado -mode batch -messageDb vivado.pb -notrace -source fp_pikachu_volleyball.tcl



****** Vivado v2025.1 (64-bit)
  **** SW Build 6140274 on Thu May 22 00:12:29 MDT 2025
  **** IP Build 6138677 on Thu May 22 03:10:11 MDT 2025
  **** SharedData Build 6139179 on Tue May 20 17:58:58 MDT 2025
  **** Start of session at: Mon Nov 24 23:55:28 2025
    ** Copyright 1986-2022 Xilinx, Inc. All Rights Reserved.
    ** Copyright 2022-2025 Advanced Micro Devices, Inc. All Rights Reserved.

source fp_pikachu_volleyball.tcl -notrace
create_project: Time (s): cpu = 00:00:22 ; elapsed = 00:00:14 . Memory (MB): peak = 499.410 ; gain = 211.484
Command: read_checkpoint -auto_incremental -incremental C:/Users/USER/VivadoProjects/Pikachu_Volleyball/Pikachu_Volleyball.srcs/utils_1/imports/synth_1/fp_pikachu_volleyball.dcp
INFO: [Vivado 12-5825] Read reference checkpoint from C:/Users/USER/VivadoProjects/Pikachu_Volleyball/Pikachu_Volleyball.srcs/utils_1/imports/synth_1/fp_pikachu_volleyball.dcp for incremental synthesis
INFO: [Vivado 12-7989] Please ensure there are no constraint changes
Command: synth_design -top fp_pikachu_volleyball -part xc7a35ticsg324-1L
Starting synth_design
Attempting to get a license for feature 'Synthesis' and/or device 'xc7a35ti'
INFO: [Common 17-349] Got license for feature 'Synthesis' and/or device 'xc7a35ti'
INFO: [Device 21-403] Loading part xc7a35ticsg324-1L
INFO: [Designutils 20-5440] No compile time benefit to using incremental synthesis; A full resynthesis will be run
INFO: [Designutils 20-4379] Flow is switching to default flow due to incremental criteria not met. If you would like to alter this behaviour and have the flow terminate instead, please set the following parameter config_implementation {autoIncr.Synth.RejectBehavior Terminate}
INFO: [Synth 8-7079] Multithreading enabled for synth_design using a maximum of 2 processes.
INFO: [Synth 8-7078] Launching helper process for spawning children vivado processes
INFO: [Synth 8-7075] Helper process launched with PID 12832
---------------------------------------------------------------------------------
Starting RTL Elaboration : Time (s): cpu = 00:00:10 ; elapsed = 00:00:11 . Memory (MB): peak = 1188.105 ; gain = 494.480
---------------------------------------------------------------------------------
INFO: [Synth 8-6157] synthesizing module 'fp_pikachu_volleyball' [C:/Users/USER/VivadoProjects/Pikachu_Volleyball/Pikachu_Volleyball.srcs/sources_1/fp_pikachu_volleyball.v:3]
INFO: [Synth 8-6157] synthesizing module 'vga_sync' [C:/Users/USER/VivadoProjects/Pikachu_Volleyball/Pikachu_Volleyball.srcs/sources_1/vga_sync.v:19]
INFO: [Synth 8-6155] done synthesizing module 'vga_sync' (0#1) [C:/Users/USER/VivadoProjects/Pikachu_Volleyball/Pikachu_Volleyball.srcs/sources_1/vga_sync.v:19]
INFO: [Synth 8-6157] synthesizing module 'clk_divider' [C:/Users/USER/VivadoProjects/Pikachu_Volleyball/Pikachu_Volleyball.srcs/sources_1/clk_divider.v:21]
	Parameter divider bound to: 2 - type: integer 
INFO: [Synth 8-6155] done synthesizing module 'clk_divider' (0#1) [C:/Users/USER/VivadoProjects/Pikachu_Volleyball/Pikachu_Volleyball.srcs/sources_1/clk_divider.v:21]
INFO: [Synth 8-6157] synthesizing module 'sram' [C:/Users/USER/VivadoProjects/Pikachu_Volleyball/Pikachu_Volleyball.srcs/sources_1/sram.v:8]
	Parameter DATA_WIDTH bound to: 12 - type: integer 
	Parameter ADDR_WIDTH bound to: 17 - type: integer 
	Parameter RAM_SIZE bound to: 76800 - type: integer 
	Parameter FILE_NAME bound to: background.mem - type: string 
INFO: [Synth 8-3876] $readmem data file 'background.mem' is read successfully [C:/Users/USER/VivadoProjects/Pikachu_Volleyball/Pikachu_Volleyball.srcs/sources_1/sram.v:25]
INFO: [Synth 8-6155] done synthesizing module 'sram' (0#1) [C:/Users/USER/VivadoProjects/Pikachu_Volleyball/Pikachu_Volleyball.srcs/sources_1/sram.v:8]
INFO: [Synth 8-6157] synthesizing module 'sram__parameterized0' [C:/Users/USER/VivadoProjects/Pikachu_Volleyball/Pikachu_Volleyball.srcs/sources_1/sram.v:8]
	Parameter DATA_WIDTH bound to: 12 - type: integer 
	Parameter ADDR_WIDTH bound to: 15 - type: integer 
	Parameter RAM_SIZE bound to: 17500 - type: integer 
	Parameter FILE_NAME bound to: pikachu.mem - type: string 
INFO: [Synth 8-3876] $readmem data file 'pikachu.mem' is read successfully [C:/Users/USER/VivadoProjects/Pikachu_Volleyball/Pikachu_Volleyball.srcs/sources_1/sram.v:25]
INFO: [Synth 8-6155] done synthesizing module 'sram__parameterized0' (0#1) [C:/Users/USER/VivadoProjects/Pikachu_Volleyball/Pikachu_Volleyball.srcs/sources_1/sram.v:8]
WARNING: [Synth 8-689] width (17) of port connection 'addr' does not match port width (15) of module 'sram__parameterized0' [C:/Users/USER/VivadoProjects/Pikachu_Volleyball/Pikachu_Volleyball.srcs/sources_1/fp_pikachu_volleyball.v:99]
INFO: [Synth 8-6157] synthesizing module 'debounce' [C:/Users/USER/VivadoProjects/Pikachu_Volleyball/Pikachu_Volleyball.srcs/sources_1/debounce.v:23]
INFO: [Synth 8-6155] done synthesizing module 'debounce' (0#1) [C:/Users/USER/VivadoProjects/Pikachu_Volleyball/Pikachu_Volleyball.srcs/sources_1/debounce.v:23]
INFO: [Synth 8-6155] done synthesizing module 'fp_pikachu_volleyball' (0#1) [C:/Users/USER/VivadoProjects/Pikachu_Volleyball/Pikachu_Volleyball.srcs/sources_1/fp_pikachu_volleyball.v:3]
WARNING: [Synth 8-6014] Unused sequential element pre_btn_level_1_reg was removed.  [C:/Users/USER/VivadoProjects/Pikachu_Volleyball/Pikachu_Volleyball.srcs/sources_1/fp_pikachu_volleyball.v:146]
WARNING: [Synth 8-6014] Unused sequential element pre_btn_level_2_reg was removed.  [C:/Users/USER/VivadoProjects/Pikachu_Volleyball/Pikachu_Volleyball.srcs/sources_1/fp_pikachu_volleyball.v:147]
WARNING: [Synth 8-3848] Net usr_led in module/entity fp_pikachu_volleyball does not have driver. [C:/Users/USER/VivadoProjects/Pikachu_Volleyball/Pikachu_Volleyball.srcs/sources_1/fp_pikachu_volleyball.v:8]
WARNING: [Synth 8-7129] Port usr_led[3] in module fp_pikachu_volleyball is either unconnected or has no load
WARNING: [Synth 8-7129] Port usr_led[2] in module fp_pikachu_volleyball is either unconnected or has no load
WARNING: [Synth 8-7129] Port usr_led[1] in module fp_pikachu_volleyball is either unconnected or has no load
WARNING: [Synth 8-7129] Port usr_led[0] in module fp_pikachu_volleyball is either unconnected or has no load
WARNING: [Synth 8-7129] Port usr_sw[3] in module fp_pikachu_volleyball is either unconnected or has no load
WARNING: [Synth 8-7129] Port usr_sw[2] in module fp_pikachu_volleyball is either unconnected or has no load
WARNING: [Synth 8-7129] Port usr_sw[1] in module fp_pikachu_volleyball is either unconnected or has no load
WARNING: [Synth 8-7129] Port usr_sw[0] in module fp_pikachu_volleyball is either unconnected or has no load
---------------------------------------------------------------------------------
Finished RTL Elaboration : Time (s): cpu = 00:00:15 ; elapsed = 00:00:16 . Memory (MB): peak = 1338.363 ; gain = 644.738
---------------------------------------------------------------------------------
---------------------------------------------------------------------------------
Start Handling Custom Attributes
---------------------------------------------------------------------------------
---------------------------------------------------------------------------------
Finished Handling Custom Attributes : Time (s): cpu = 00:00:15 ; elapsed = 00:00:17 . Memory (MB): peak = 1338.363 ; gain = 644.738
---------------------------------------------------------------------------------
---------------------------------------------------------------------------------
Finished RTL Optimization Phase 1 : Time (s): cpu = 00:00:15 ; elapsed = 00:00:17 . Memory (MB): peak = 1338.363 ; gain = 644.738
---------------------------------------------------------------------------------
Netlist sorting complete. Time (s): cpu = 00:00:00 ; elapsed = 00:00:00.014 . Memory (MB): peak = 1338.363 ; gain = 0.000
INFO: [Project 1-570] Preparing netlist for logic optimization

Processing XDC Constraints
Initializing timing engine
Parsing XDC File [C:/Users/USER/VivadoProjects/Pikachu_Volleyball/Pikachu_Volleyball.srcs/constrs_1/lab10.xdc]
Finished Parsing XDC File [C:/Users/USER/VivadoProjects/Pikachu_Volleyball/Pikachu_Volleyball.srcs/constrs_1/lab10.xdc]
INFO: [Project 1-236] Implementation specific constraints were found while reading constraint file [C:/Users/USER/VivadoProjects/Pikachu_Volleyball/Pikachu_Volleyball.srcs/constrs_1/lab10.xdc]. These constraints will be ignored for synthesis but will be used in implementation. Impacted constraints are listed in the file [.Xil/fp_pikachu_volleyball_propImpl.xdc].
Resolution: To avoid this warning, move constraints listed in [.Xil/fp_pikachu_volleyball_propImpl.xdc] to another XDC file and exclude this new file from synthesis with the used_in_synthesis property (File Properties dialog in GUI) and re-run elaboration/synthesis.
Completed Processing XDC Constraints

Netlist sorting complete. Time (s): cpu = 00:00:00 ; elapsed = 00:00:00 . Memory (MB): peak = 1395.875 ; gain = 0.000
INFO: [Project 1-111] Unisim Transformation Summary:
No Unisim elements were transformed.

Constraint Validation Runtime : Time (s): cpu = 00:00:00 ; elapsed = 00:00:00.010 . Memory (MB): peak = 1395.875 ; gain = 0.000
INFO: [Designutils 20-5440] No compile time benefit to using incremental synthesis; A full resynthesis will be run
INFO: [Designutils 20-4379] Flow is switching to default flow due to incremental criteria not met. If you would like to alter this behaviour and have the flow terminate instead, please set the following parameter config_implementation {autoIncr.Synth.RejectBehavior Terminate}
---------------------------------------------------------------------------------
Finished Constraint Validation : Time (s): cpu = 00:00:31 ; elapsed = 00:00:33 . Memory (MB): peak = 1395.875 ; gain = 702.250
---------------------------------------------------------------------------------
---------------------------------------------------------------------------------
Start Loading Part and Timing Information
---------------------------------------------------------------------------------
Loading part: xc7a35ticsg324-1L
---------------------------------------------------------------------------------
Finished Loading Part and Timing Information : Time (s): cpu = 00:00:31 ; elapsed = 00:00:33 . Memory (MB): peak = 1395.875 ; gain = 702.250
---------------------------------------------------------------------------------
---------------------------------------------------------------------------------
Start Applying 'set_property' XDC Constraints
---------------------------------------------------------------------------------
---------------------------------------------------------------------------------
Finished applying 'set_property' XDC Constraints : Time (s): cpu = 00:00:31 ; elapsed = 00:00:33 . Memory (MB): peak = 1395.875 ; gain = 702.250
---------------------------------------------------------------------------------
---------------------------------------------------------------------------------
Finished RTL Optimization Phase 2 : Time (s): cpu = 00:00:32 ; elapsed = 00:00:35 . Memory (MB): peak = 1395.875 ; gain = 702.250
---------------------------------------------------------------------------------
---------------------------------------------------------------------------------
Start RTL Component Statistics 
---------------------------------------------------------------------------------
Detailed RTL Component Info : 
+---Adders : 
	   3 Input   11 Bit       Adders := 1     
	   2 Input   10 Bit       Adders := 4     
	   2 Input    9 Bit       Adders := 1     
	   2 Input    8 Bit       Adders := 1     
+---Registers : 
	               18 Bit    Registers := 2     
	               12 Bit    Registers := 3     
	               10 Bit    Registers := 3     
	                8 Bit    Registers := 1     
	                1 Bit    Registers := 4     
+---RAMs : 
	             900K Bit	(76800 X 12 bit)          RAMs := 1     
	             205K Bit	(17500 X 12 bit)          RAMs := 1     
+---Muxes : 
	   5 Input   18 Bit        Muxes := 1     
	   2 Input   18 Bit        Muxes := 2     
	   2 Input   12 Bit        Muxes := 3     
	   2 Input   10 Bit        Muxes := 1     
	   2 Input    1 Bit        Muxes := 6     
---------------------------------------------------------------------------------
Finished RTL Component Statistics 
---------------------------------------------------------------------------------
---------------------------------------------------------------------------------
Start Part Resource Summary
---------------------------------------------------------------------------------
Part Resources:
DSPs: 90 (col length:60)
BRAMs: 100 (col length: RAMB18 60 RAMB36 30)
---------------------------------------------------------------------------------
Finished Part Resource Summary
---------------------------------------------------------------------------------
---------------------------------------------------------------------------------
Start Cross Boundary and Area Optimization
---------------------------------------------------------------------------------
WARNING: [Synth 8-7080] Parallel synthesis criteria is not met
DSP Report: Generating DSP p_1_out, operation Mode is: C+(D'+(A:0x3fffffc4))*(B:0x32)+CarryIn.
DSP Report: register vs0/v_count_reg_reg is absorbed into DSP p_1_out.
DSP Report: operator p_1_out is absorbed into DSP p_1_out.
DSP Report: operator pixel_addr_pikachu2 is absorbed into DSP p_1_out.
DSP Report: operator pixel_addr_pikachu3 is absorbed into DSP p_1_out.
DSP Report: Generating DSP pixel_addr_pikachu_reg, operation Mode is: (PCIN+(A:0x0):B+C)'.
DSP Report: register pixel_addr_pikachu_reg is absorbed into DSP pixel_addr_pikachu_reg.
DSP Report: operator p_1_out is absorbed into DSP pixel_addr_pikachu_reg.
WARNING: [Synth 8-7129] Port usr_led[3] in module fp_pikachu_volleyball is either unconnected or has no load
WARNING: [Synth 8-7129] Port usr_led[2] in module fp_pikachu_volleyball is either unconnected or has no load
WARNING: [Synth 8-7129] Port usr_led[1] in module fp_pikachu_volleyball is either unconnected or has no load
WARNING: [Synth 8-7129] Port usr_led[0] in module fp_pikachu_volleyball is either unconnected or has no load
WARNING: [Synth 8-7129] Port usr_sw[3] in module fp_pikachu_volleyball is either unconnected or has no load
WARNING: [Synth 8-7129] Port usr_sw[2] in module fp_pikachu_volleyball is either unconnected or has no load
WARNING: [Synth 8-7129] Port usr_sw[1] in module fp_pikachu_volleyball is either unconnected or has no load
WARNING: [Synth 8-7129] Port usr_sw[0] in module fp_pikachu_volleyball is either unconnected or has no load
---------------------------------------------------------------------------------
Finished Cross Boundary and Area Optimization : Time (s): cpu = 00:00:39 ; elapsed = 00:00:42 . Memory (MB): peak = 1406.867 ; gain = 713.242
---------------------------------------------------------------------------------
 Sort Area is  p_1_out_0 : 0 0 : 404 540 : Used 1 time 0
 Sort Area is  p_1_out_0 : 0 1 : 136 540 : Used 1 time 0
---------------------------------------------------------------------------------
Start ROM, RAM, DSP, Shift Register and Retiming Reporting
---------------------------------------------------------------------------------

Block RAM: Preliminary Mapping Report (see note below)
+----------------------+------------------------+------------------------+---+---+------------------------+---+---+------------------+--------+--------+
|Module Name           | RTL Object             | PORT A (Depth x Width) | W | R | PORT B (Depth x Width) | W | R | Ports driving FF | RAMB18 | RAMB36 | 
+----------------------+------------------------+------------------------+---+---+------------------------+---+---+------------------+--------+--------+
|fp_pikachu_volleyball | ram_background/RAM_reg | 75 K x 12(WRITE_FIRST) | W | R |                        |   |   | Port A           | 0      | 36     | 
|fp_pikachu_volleyball | ram_pikachu/RAM_reg    | 17 K x 12(WRITE_FIRST) | W | R |                        |   |   | Port A           | 0      | 12     | 
+----------------------+------------------------+------------------------+---+---+------------------------+---+---+------------------+--------+--------+

Note: The table above is a preliminary report that shows the Block RAMs at the current stage of the synthesis flow. Some Block RAMs may be reimplemented as non Block RAM primitives later in the synthesis flow. Multiple instantiated Block RAMs are reported only once. 

DSP: Preliminary Mapping Report (see note below. The ' indicates corresponding REG is set)
+----------------------+----------------------------------------+--------+--------+--------+--------+--------+------+------+------+------+-------+------+------+
|Module Name           | DSP Mapping                            | A Size | B Size | C Size | D Size | P Size | AREG | BREG | CREG | DREG | ADREG | MREG | PREG | 
+----------------------+----------------------------------------+--------+--------+--------+--------+--------+------+------+------+------+-------+------+------+
|fp_pikachu_volleyball | C+(D'+(A:0x3fffffc4))*(B:0x32)+CarryIn | 18     | 6      | 18     | 10     | 18     | 0    | 0    | 0    | 1    | 0     | 0    | 0    | 
|fp_pikachu_volleyball | (PCIN+(A:0x0):B+C)'                    | 30     | 18     | 10     | -      | -1     | 0    | 0    | 0    | -    | -     | 0    | 1    | 
+----------------------+----------------------------------------+--------+--------+--------+--------+--------+------+------+------+------+-------+------+------+

Note: The table above is a preliminary report that shows the DSPs inferred at the current stage of the synthesis flow. Some DSP may be reimplemented as non DSP primitives later in the synthesis flow. Multiple instantiated DSPs are reported only once.
---------------------------------------------------------------------------------
Finished ROM, RAM, DSP, Shift Register and Retiming Reporting
---------------------------------------------------------------------------------
---------------------------------------------------------------------------------
Start Applying XDC Timing Constraints
---------------------------------------------------------------------------------
---------------------------------------------------------------------------------
Finished Applying XDC Timing Constraints : Time (s): cpu = 00:00:56 ; elapsed = 00:01:00 . Memory (MB): peak = 1617.781 ; gain = 924.156
---------------------------------------------------------------------------------
---------------------------------------------------------------------------------
Start Timing Optimization
---------------------------------------------------------------------------------
---------------------------------------------------------------------------------
Finished Timing Optimization : Time (s): cpu = 00:00:57 ; elapsed = 00:01:01 . Memory (MB): peak = 1648.750 ; gain = 955.125
---------------------------------------------------------------------------------
---------------------------------------------------------------------------------
Start ROM, RAM, DSP, Shift Register and Retiming Reporting
---------------------------------------------------------------------------------

Block RAM: Final Mapping Report
+----------------------+------------------------+------------------------+---+---+------------------------+---+---+------------------+--------+--------+
|Module Name           | RTL Object             | PORT A (Depth x Width) | W | R | PORT B (Depth x Width) | W | R | Ports driving FF | RAMB18 | RAMB36 | 
+----------------------+------------------------+------------------------+---+---+------------------------+---+---+------------------+--------+--------+
|fp_pikachu_volleyball | ram_background/RAM_reg | 75 K x 12(WRITE_FIRST) | W | R |                        |   |   | Port A           | 0      | 36     | 
|fp_pikachu_volleyball | ram_pikachu/RAM_reg    | 17 K x 12(WRITE_FIRST) | W | R |                        |   |   | Port A           | 0      | 12     | 
+----------------------+------------------------+------------------------+---+---+------------------------+---+---+------------------+--------+--------+

---------------------------------------------------------------------------------
Finished ROM, RAM, DSP, Shift Register and Retiming Reporting
---------------------------------------------------------------------------------
---------------------------------------------------------------------------------
Start Technology Mapping
---------------------------------------------------------------------------------
INFO: [Synth 8-7052] The timing for the instance ram_background/RAM_reg_1_0 (implemented as a Block RAM) might be sub-optimal as no optional output register could be merged into the ram block. Providing additional output register may help in improving timing.
INFO: [Synth 8-7052] The timing for the instance ram_background/RAM_reg_1_1 (implemented as a Block RAM) might be sub-optimal as no optional output register could be merged into the ram block. Providing additional output register may help in improving timing.
INFO: [Synth 8-7052] The timing for the instance ram_background/RAM_reg_1_2 (implemented as a Block RAM) might be sub-optimal as no optional output register could be merged into the ram block. Providing additional output register may help in improving timing.
INFO: [Synth 8-7052] The timing for the instance ram_background/RAM_reg_1_3 (implemented as a Block RAM) might be sub-optimal as no optional output register could be merged into the ram block. Providing additional output register may help in improving timing.
INFO: [Synth 8-7052] The timing for the instance ram_background/RAM_reg_1_4 (implemented as a Block RAM) might be sub-optimal as no optional output register could be merged into the ram block. Providing additional output register may help in improving timing.
INFO: [Synth 8-7052] The timing for the instance ram_background/RAM_reg_1_5 (implemented as a Block RAM) might be sub-optimal as no optional output register could be merged into the ram block. Providing additional output register may help in improving timing.
INFO: [Synth 8-7052] The timing for the instance ram_background/RAM_reg_1_6 (implemented as a Block RAM) might be sub-optimal as no optional output register could be merged into the ram block. Providing additional output register may help in improving timing.
INFO: [Synth 8-7052] The timing for the instance ram_background/RAM_reg_1_7 (implemented as a Block RAM) might be sub-optimal as no optional output register could be merged into the ram block. Providing additional output register may help in improving timing.
INFO: [Synth 8-7052] The timing for the instance ram_background/RAM_reg_1_8 (implemented as a Block RAM) might be sub-optimal as no optional output register could be merged into the ram block. Providing additional output register may help in improving timing.
INFO: [Synth 8-7052] The timing for the instance ram_background/RAM_reg_1_9 (implemented as a Block RAM) might be sub-optimal as no optional output register could be merged into the ram block. Providing additional output register may help in improving timing.
INFO: [Synth 8-7052] The timing for the instance ram_background/RAM_reg_1_10 (implemented as a Block RAM) might be sub-optimal as no optional output register could be merged into the ram block. Providing additional output register may help in improving timing.
INFO: [Synth 8-7052] The timing for the instance ram_background/RAM_reg_1_11 (implemented as a Block RAM) might be sub-optimal as no optional output register could be merged into the ram block. Providing additional output register may help in improving timing.
INFO: [Synth 8-7052] The timing for the instance ram_background/RAM_reg_1_0__0 (implemented as a Block RAM) might be sub-optimal as no optional output register could be merged into the ram block. Providing additional output register may help in improving timing.
INFO: [Synth 8-7052] The timing for the instance ram_background/RAM_reg_1_1__0 (implemented as a Block RAM) might be sub-optimal as no optional output register could be merged into the ram block. Providing additional output register may help in improving timing.
INFO: [Synth 8-7052] The timing for the instance ram_background/RAM_reg_1_2__0 (implemented as a Block RAM) might be sub-optimal as no optional output register could be merged into the ram block. Providing additional output register may help in improving timing.
INFO: [Synth 8-7052] The timing for the instance ram_background/RAM_reg_1_3__0 (implemented as a Block RAM) might be sub-optimal as no optional output register could be merged into the ram block. Providing additional output register may help in improving timing.
INFO: [Synth 8-7052] The timing for the instance ram_background/RAM_reg_1_4__0 (implemented as a Block RAM) might be sub-optimal as no optional output register could be merged into the ram block. Providing additional output register may help in improving timing.
INFO: [Synth 8-7052] The timing for the instance ram_background/RAM_reg_1_5__0 (implemented as a Block RAM) might be sub-optimal as no optional output register could be merged into the ram block. Providing additional output register may help in improving timing.
INFO: [Synth 8-7052] The timing for the instance ram_background/RAM_reg_1_6__0 (implemented as a Block RAM) might be sub-optimal as no optional output register could be merged into the ram block. Providing additional output register may help in improving timing.
INFO: [Synth 8-7052] The timing for the instance ram_background/RAM_reg_1_7__0 (implemented as a Block RAM) might be sub-optimal as no optional output register could be merged into the ram block. Providing additional output register may help in improving timing.
INFO: [Synth 8-7052] The timing for the instance ram_background/RAM_reg_1_8__0 (implemented as a Block RAM) might be sub-optimal as no optional output register could be merged into the ram block. Providing additional output register may help in improving timing.
INFO: [Synth 8-7052] The timing for the instance ram_background/RAM_reg_1_9__0 (implemented as a Block RAM) might be sub-optimal as no optional output register could be merged into the ram block. Providing additional output register may help in improving timing.
INFO: [Synth 8-7052] The timing for the instance ram_background/RAM_reg_1_10__0 (implemented as a Block RAM) might be sub-optimal as no optional output register could be merged into the ram block. Providing additional output register may help in improving timing.
INFO: [Synth 8-7052] The timing for the instance ram_background/RAM_reg_1_11__0 (implemented as a Block RAM) might be sub-optimal as no optional output register could be merged into the ram block. Providing additional output register may help in improving timing.
INFO: [Synth 8-7052] The timing for the instance ram_pikachu/RAM_reg_0_0 (implemented as a Block RAM) might be sub-optimal as no optional output register could be merged into the ram block. Providing additional output register may help in improving timing.
INFO: [Synth 8-7052] The timing for the instance ram_pikachu/RAM_reg_0_1 (implemented as a Block RAM) might be sub-optimal as no optional output register could be merged into the ram block. Providing additional output register may help in improving timing.
INFO: [Synth 8-7052] The timing for the instance ram_pikachu/RAM_reg_0_2 (implemented as a Block RAM) might be sub-optimal as no optional output register could be merged into the ram block. Providing additional output register may help in improving timing.
INFO: [Synth 8-7052] The timing for the instance ram_pikachu/RAM_reg_0_3 (implemented as a Block RAM) might be sub-optimal as no optional output register could be merged into the ram block. Providing additional output register may help in improving timing.
INFO: [Synth 8-7052] The timing for the instance ram_pikachu/RAM_reg_0_4 (implemented as a Block RAM) might be sub-optimal as no optional output register could be merged into the ram block. Providing additional output register may help in improving timing.
INFO: [Synth 8-7052] The timing for the instance ram_pikachu/RAM_reg_0_5 (implemented as a Block RAM) might be sub-optimal as no optional output register could be merged into the ram block. Providing additional output register may help in improving timing.
INFO: [Synth 8-7052] The timing for the instance ram_pikachu/RAM_reg_0_6 (implemented as a Block RAM) might be sub-optimal as no optional output register could be merged into the ram block. Providing additional output register may help in improving timing.
INFO: [Synth 8-7052] The timing for the instance ram_pikachu/RAM_reg_0_7 (implemented as a Block RAM) might be sub-optimal as no optional output register could be merged into the ram block. Providing additional output register may help in improving timing.
INFO: [Synth 8-7052] The timing for the instance ram_pikachu/RAM_reg_0_8 (implemented as a Block RAM) might be sub-optimal as no optional output register could be merged into the ram block. Providing additional output register may help in improving timing.
INFO: [Synth 8-7052] The timing for the instance ram_pikachu/RAM_reg_0_9 (implemented as a Block RAM) might be sub-optimal as no optional output register could be merged into the ram block. Providing additional output register may help in improving timing.
INFO: [Synth 8-7052] The timing for the instance ram_pikachu/RAM_reg_0_10 (implemented as a Block RAM) might be sub-optimal as no optional output register could be merged into the ram block. Providing additional output register may help in improving timing.
INFO: [Synth 8-7052] The timing for the instance ram_pikachu/RAM_reg_0_11 (implemented as a Block RAM) might be sub-optimal as no optional output register could be merged into the ram block. Providing additional output register may help in improving timing.
---------------------------------------------------------------------------------
Finished Technology Mapping : Time (s): cpu = 00:00:58 ; elapsed = 00:01:02 . Memory (MB): peak = 1661.613 ; gain = 967.988
---------------------------------------------------------------------------------
---------------------------------------------------------------------------------
Start IO Insertion
---------------------------------------------------------------------------------
---------------------------------------------------------------------------------
Start Flattening Before IO Insertion
---------------------------------------------------------------------------------
---------------------------------------------------------------------------------
Finished Flattening Before IO Insertion
---------------------------------------------------------------------------------
---------------------------------------------------------------------------------
Start Final Netlist Cleanup
---------------------------------------------------------------------------------
---------------------------------------------------------------------------------
Finished Final Netlist Cleanup
---------------------------------------------------------------------------------
---------------------------------------------------------------------------------
Finished IO Insertion : Time (s): cpu = 00:01:06 ; elapsed = 00:01:11 . Memory (MB): peak = 1863.016 ; gain = 1169.391
---------------------------------------------------------------------------------
---------------------------------------------------------------------------------
Start Renaming Generated Instances
---------------------------------------------------------------------------------
---------------------------------------------------------------------------------
Finished Renaming Generated Instances : Time (s): cpu = 00:01:06 ; elapsed = 00:01:11 . Memory (MB): peak = 1863.016 ; gain = 1169.391
---------------------------------------------------------------------------------
---------------------------------------------------------------------------------
Start Rebuilding User Hierarchy
---------------------------------------------------------------------------------
---------------------------------------------------------------------------------
Finished Rebuilding User Hierarchy : Time (s): cpu = 00:01:07 ; elapsed = 00:01:11 . Memory (MB): peak = 1863.016 ; gain = 1169.391
---------------------------------------------------------------------------------
---------------------------------------------------------------------------------
Start Renaming Generated Ports
---------------------------------------------------------------------------------
---------------------------------------------------------------------------------
Finished Renaming Generated Ports : Time (s): cpu = 00:01:07 ; elapsed = 00:01:11 . Memory (MB): peak = 1863.016 ; gain = 1169.391
---------------------------------------------------------------------------------
---------------------------------------------------------------------------------
Start Handling Custom Attributes
---------------------------------------------------------------------------------
---------------------------------------------------------------------------------
Finished Handling Custom Attributes : Time (s): cpu = 00:01:07 ; elapsed = 00:01:11 . Memory (MB): peak = 1865.012 ; gain = 1171.387
---------------------------------------------------------------------------------
---------------------------------------------------------------------------------
Start Renaming Generated Nets
---------------------------------------------------------------------------------
---------------------------------------------------------------------------------
Finished Renaming Generated Nets : Time (s): cpu = 00:01:07 ; elapsed = 00:01:11 . Memory (MB): peak = 1865.012 ; gain = 1171.387
---------------------------------------------------------------------------------
---------------------------------------------------------------------------------
Start Writing Synthesis Report
---------------------------------------------------------------------------------

DSP Final Report (the ' indicates corresponding REG is set)
+----------------------+------------------+--------+--------+--------+--------+--------+------+------+------+------+-------+------+------+
|Module Name           | DSP Mapping      | A Size | B Size | C Size | D Size | P Size | AREG | BREG | CREG | DREG | ADREG | MREG | PREG | 
+----------------------+------------------+--------+--------+--------+--------+--------+------+------+------+------+-------+------+------+
|fp_pikachu_volleyball | C+D'+A*B+CARRYIN | 30     | 6      | 18     | 10     | 0      | 0    | 0    | 0    | 1    | 0     | 0    | 0    | 
|fp_pikachu_volleyball | (PCIN+A:B+C)'    | 0      | 18     | -      | -      | 18     | 0    | 0    | -    | -    | -     | 0    | 1    | 
+----------------------+------------------+--------+--------+--------+--------+--------+------+------+------+------+-------+------+------+


Report BlackBoxes: 
+-+--------------+----------+
| |BlackBox name |Instances |
+-+--------------+----------+
+-+--------------+----------+

Report Cell Usage: 
+------+---------+------+
|      |Cell     |Count |
+------+---------+------+
|1     |BUFG     |     1|
|2     |CARRY4   |    41|
|3     |DSP48E1  |     2|
|5     |LUT1     |    16|
|6     |LUT2     |    65|
|7     |LUT3     |    19|
|8     |LUT4     |    46|
|9     |LUT5     |    27|
|10    |LUT6     |    39|
|11    |RAMB36E1 |    48|
|59    |FDRE     |   205|
|60    |IBUF     |     4|
|61    |OBUF     |    14|
|62    |OBUFT    |     4|
+------+---------+------+
---------------------------------------------------------------------------------
Finished Writing Synthesis Report : Time (s): cpu = 00:01:07 ; elapsed = 00:01:11 . Memory (MB): peak = 1865.012 ; gain = 1171.387
---------------------------------------------------------------------------------
Synthesis finished with 0 errors, 0 critical warnings and 9 warnings.
Synthesis Optimization Runtime : Time (s): cpu = 00:00:48 ; elapsed = 00:01:07 . Memory (MB): peak = 1865.012 ; gain = 1113.875
Synthesis Optimization Complete : Time (s): cpu = 00:01:07 ; elapsed = 00:01:11 . Memory (MB): peak = 1865.012 ; gain = 1171.387
INFO: [Project 1-571] Translating synthesized netlist
Netlist sorting complete. Time (s): cpu = 00:00:00 ; elapsed = 00:00:00.024 . Memory (MB): peak = 1874.219 ; gain = 0.000
INFO: [Netlist 29-17] Analyzing 91 Unisim elements for replacement
INFO: [Netlist 29-28] Unisim Transformation completed in 0 CPU seconds
INFO: [Project 1-570] Preparing netlist for logic optimization
INFO: [Opt 31-138] Pushed 0 inverter(s) to 0 load pin(s).
Netlist sorting complete. Time (s): cpu = 00:00:00 ; elapsed = 00:00:00 . Memory (MB): peak = 1877.863 ; gain = 0.000
INFO: [Project 1-111] Unisim Transformation Summary:
No Unisim elements were transformed.

Synth Design complete | Checksum: a0f8c9cd
INFO: [Common 17-83] Releasing license: Synthesis
71 Infos, 21 Warnings, 0 Critical Warnings and 0 Errors encountered.
synth_design completed successfully
synth_design: Time (s): cpu = 00:01:14 ; elapsed = 00:01:23 . Memory (MB): peak = 1877.863 ; gain = 1372.375
Write ShapeDB Complete: Time (s): cpu = 00:00:00 ; elapsed = 00:00:00.019 . Memory (MB): peak = 1877.863 ; gain = 0.000
INFO: [Common 17-1381] The checkpoint 'C:/Users/USER/VivadoProjects/Pikachu_Volleyball/Pikachu_Volleyball.runs/synth_1/fp_pikachu_volleyball.dcp' has been generated.
INFO: [Vivado 12-24828] Executing command : report_utilization -file fp_pikachu_volleyball_utilization_synth.rpt -pb fp_pikachu_volleyball_utilization_synth.pb
INFO: [Common 17-206] Exiting Vivado at Mon Nov 24 23:57:15 2025...
