#-----------------------------------------------------------
# Vivado v2025.1 (64-bit)
# SW Build 6140274 on Thu May 22 00:12:29 MDT 2025
# IP Build 6138677 on Thu May 22 03:10:11 MDT 2025
# SharedData Build 6139179 on Tue May 20 17:58:58 MDT 2025
# Start of session at: Wed Nov 26 22:48:42 2025
# Process ID         : 13784
# Current directory  : C:/Users/Shlab_03/Desktop/Digital-Circuit-Lab-Pikachu-Volleyball-main/Digital-Circuit-Lab-Pikachu-Volleyball-main/Pikachu_Volleyball
# Command line       : vivado.exe -gui_launcher_event rodinguilauncherevent17792 C:\Users\Shlab_03\Desktop\Digital-Circuit-Lab-Pikachu-Volleyball-main\Digital-Circuit-Lab-Pikachu-Volleyball-main\Pikachu_Volleyball\Pikachu_Volleyball.xpr
# Log file           : C:/Users/Shlab_03/Desktop/Digital-Circuit-Lab-Pikachu-Volleyball-main/Digital-Circuit-Lab-Pikachu-Volleyball-main/Pikachu_Volleyball/vivado.log
# Journal file       : C:/Users/Shlab_03/Desktop/Digital-Circuit-Lab-Pikachu-Volleyball-main/Digital-Circuit-Lab-Pikachu-Volleyball-main/Pikachu_Volleyball\vivado.jou
# Running On         : DESKTOP-QI6PHOU
# Platform           : Windows Server 2016 or Windows 10
# Operating System   : 26200
# Processor Detail   : AMD Ryzen 7 5700                               
# CPU Frequency      : 3693 MHz
# CPU Physical cores : 8
# CPU Logical cores  : 16
# Host memory        : 17041 MB
# Swap memory        : 1073 MB
# Total Virtual      : 18115 MB
# Available Virtual  : 10647 MB
#-----------------------------------------------------------
start_gui
open_project C:/Users/Shlab_03/Desktop/Digital-Circuit-Lab-Pikachu-Volleyball-main/Digital-Circuit-Lab-Pikachu-Volleyball-main/Pikachu_Volleyball/Pikachu_Volleyball.xpr
INFO: [ProjectBase 1-489] The host OS only allows 260 characters in a normal path. The project is stored in a path with more than 80 characters. If you experience issues with IP, Block Designs, or files not being found, please consider moving the project to a location with a shorter path. Alternately consider using the OS subst command to map part of the path to a drive letter.
Current project path is 'C:/Users/Shlab_03/Desktop/Digital-Circuit-Lab-Pikachu-Volleyball-main/Digital-Circuit-Lab-Pikachu-Volleyball-main/Pikachu_Volleyball'
WARNING: [Board 49-26] cannot add Board Part xilinx.com:emb-plus-vpr-4616:part0:1.0 available at C:/Xilinx/2025.1/data/xhub/boards\XilinxBoardStore\boards\Xilinx\emb-plus-vpr-4616\1.0\board.xml as part xcve2302-sfva784-2mp-e-s specified in board_part file is either invalid or not available
WARNING: [filemgmt 56-3] IPUserFilesDir: Could not find the directory 'C:/Users/Shlab_03/Desktop/Digital-Circuit-Lab-Pikachu-Volleyball-main/Digital-Circuit-Lab-Pikachu-Volleyball-main/Pikachu_Volleyball/Pikachu_Volleyball.ip_user_files'.
WARNING: [Board 49-26] cannot add Board Part xilinx.com:emb-plus-vpr-4616:part0:1.1 available at C:/Xilinx/2025.1/data/xhub/boards\XilinxBoardStore\boards\Xilinx\emb-plus-vpr-4616\1.1\board.xml as part xcve2302-sfva784-2mp-e-s specified in board_part file is either invalid or not available
WARNING: [Board 49-26] cannot add Board Part xilinx.com:k24c:part0:1.0 available at C:/Xilinx/2025.1/data/xhub/boards\XilinxBoardStore\boards\Xilinx\k24c\1.0\board.xml as part xck24-ubva530-2lv-c specified in board_part file is either invalid or not available
WARNING: [Board 49-26] cannot add Board Part xilinx.com:k24c:part0:1.1 available at C:/Xilinx/2025.1/data/xhub/boards\XilinxBoardStore\boards\Xilinx\k24c\1.1\board.xml as part xck24-ubva530-2lv-c specified in board_part file is either invalid or not available
WARNING: [Board 49-26] cannot add Board Part xilinx.com:k24i:part0:1.0 available at C:/Xilinx/2025.1/data/xhub/boards\XilinxBoardStore\boards\Xilinx\k24i\1.0\board.xml as part xck24-ubva530-2lvi-i specified in board_part file is either invalid or not available
WARNING: [Board 49-26] cannot add Board Part xilinx.com:k26c:part0:1.2 available at C:/Xilinx/2025.1/data/xhub/boards\XilinxBoardStore\boards\Xilinx\k26c\1.2\board.xml as part xck26-sfvc784-2lv-c specified in board_part file is either invalid or not available
WARNING: [Board 49-26] cannot add Board Part xilinx.com:k26c:part0:1.3 available at C:/Xilinx/2025.1/data/xhub/boards\XilinxBoardStore\boards\Xilinx\k26c\1.3\board.xml as part xck26-sfvc784-2lv-c specified in board_part file is either invalid or not available
WARNING: [Board 49-26] cannot add Board Part xilinx.com:k26c:part0:1.4 available at C:/Xilinx/2025.1/data/xhub/boards\XilinxBoardStore\boards\Xilinx\k26c\1.4\board.xml as part xck26-sfvc784-2lv-c specified in board_part file is either invalid or not available
WARNING: [Board 49-26] cannot add Board Part xilinx.com:k26i:part0:1.2 available at C:/Xilinx/2025.1/data/xhub/boards\XilinxBoardStore\boards\Xilinx\k26i\1.2\board.xml as part xck26-sfvc784-2lvi-i specified in board_part file is either invalid or not available
WARNING: [Board 49-26] cannot add Board Part xilinx.com:k26i:part0:1.3 available at C:/Xilinx/2025.1/data/xhub/boards\XilinxBoardStore\boards\Xilinx\k26i\1.3\board.xml as part xck26-sfvc784-2lvi-i specified in board_part file is either invalid or not available
WARNING: [Board 49-26] cannot add Board Part xilinx.com:k26i:part0:1.4 available at C:/Xilinx/2025.1/data/xhub/boards\XilinxBoardStore\boards\Xilinx\k26i\1.4\board.xml as part xck26-sfvc784-2lvi-i specified in board_part file is either invalid or not available
WARNING: [Board 49-26] cannot add Board Part xilinx.com:kcu105:part0:1.6 available at C:/Xilinx/2025.1/data/xhub/boards\XilinxBoardStore\boards\Xilinx\kcu105\1.6\board.xml as part xcku040-ffva1156-2-e specified in board_part file is either invalid or not available
WARNING: [Board 49-26] cannot add Board Part xilinx.com:kcu105:part0:1.7 available at C:/Xilinx/2025.1/data/xhub/boards\XilinxBoardStore\boards\Xilinx\kcu105\1.7\board.xml as part xcku040-ffva1156-2-e specified in board_part file is either invalid or not available
WARNING: [Board 49-26] cannot add Board Part xilinx.com:kcu116:part0:1.4 available at C:/Xilinx/2025.1/data/xhub/boards\XilinxBoardStore\boards\Xilinx\kcu116\1.4\board.xml as part xcku5p-ffvb676-2-e specified in board_part file is either invalid or not available
WARNING: [Board 49-26] cannot add Board Part xilinx.com:kcu116:part0:1.5 available at C:/Xilinx/2025.1/data/xhub/boards\XilinxBoardStore\boards\Xilinx\kcu116\1.5\board.xml as part xcku5p-ffvb676-2-e specified in board_part file is either invalid or not available
WARNING: [Board 49-26] cannot add Board Part xilinx.com:kcu1500:part0:1.2 available at C:/Xilinx/2025.1/data/xhub/boards\XilinxBoardStore\boards\Xilinx\kcu1500\1.2\board.xml as part xcku115-flvb2104-2-e specified in board_part file is either invalid or not available
WARNING: [Board 49-26] cannot add Board Part xilinx.com:kd240_som:part0:1.0 available at C:/Xilinx/2025.1/data/xhub/boards\XilinxBoardStore\boards\Xilinx\kd240_som\1.0\board.xml as part xck24-ubva530-2lv-c specified in board_part file is either invalid or not available
WARNING: [Board 49-26] cannot add Board Part xilinx.com:kd240_som:part0:1.1 available at C:/Xilinx/2025.1/data/xhub/boards\XilinxBoardStore\boards\Xilinx\kd240_som\1.1\board.xml as part xck24-ubva530-2lv-c specified in board_part file is either invalid or not available
WARNING: [Board 49-26] cannot add Board Part xilinx.com:kr260_som:part0:1.0 available at C:/Xilinx/2025.1/data/xhub/boards\XilinxBoardStore\boards\Xilinx\kr260_som\1.0\board.xml as part xck26-sfvc784-2lv-c specified in board_part file is either invalid or not available
WARNING: [Board 49-26] cannot add Board Part xilinx.com:kr260_som:part0:1.1 available at C:/Xilinx/2025.1/data/xhub/boards\XilinxBoardStore\boards\Xilinx\kr260_som\1.1\board.xml as part xck26-sfvc784-2lv-c specified in board_part file is either invalid or not available
WARNING: [Board 49-26] cannot add Board Part xilinx.com:kv260_som:part0:1.2 available at C:/Xilinx/2025.1/data/xhub/boards\XilinxBoardStore\boards\Xilinx\kv260_som\1.2\board.xml as part xck26-sfvc784-2lv-c specified in board_part file is either invalid or not available
WARNING: [Board 49-26] cannot add Board Part xilinx.com:kv260_som:part0:1.3 available at C:/Xilinx/2025.1/data/xhub/boards\XilinxBoardStore\boards\Xilinx\kv260_som\1.3\board.xml as part xck26-sfvc784-2lv-c specified in board_part file is either invalid or not available
WARNING: [Board 49-26] cannot add Board Part xilinx.com:kv260_som:part0:1.4 available at C:/Xilinx/2025.1/data/xhub/boards\XilinxBoardStore\boards\Xilinx\kv260_som\1.4\board.xml as part xck26-sfvc784-2lv-c specified in board_part file is either invalid or not available
WARNING: [Board 49-26] cannot add Board Part xilinx.com:scu35:part0:1.0 available at C:/Xilinx/2025.1/data/xhub/boards\XilinxBoardStore\boards\Xilinx\scu35\1.0\board.xml as part xcsu35p-sbvb625-2-e specified in board_part file is either invalid or not available
WARNING: [Board 49-26] cannot add Board Part xilinx.com:v80:part0:1.0 available at C:/Xilinx/2025.1/data/xhub/boards\XilinxBoardStore\boards\Xilinx\v80\1.0\board.xml as part xcv80-lsva4737-2mhp-e-s specified in board_part file is either invalid or not available
WARNING: [Board 49-26] cannot add Board Part xilinx.com:vck190:part0:2.2 available at C:/Xilinx/2025.1/data/xhub/boards\XilinxBoardStore\boards\Xilinx\vck190\production\2.2\board.xml as part xcvc1902-vsva2197-2mp-e-s specified in board_part file is either invalid or not available
WARNING: [Board 49-26] cannot add Board Part xilinx.com:vck190:part0:3.0 available at C:/Xilinx/2025.1/data/xhub/boards\XilinxBoardStore\boards\Xilinx\vck190\production\3.0\board.xml as part xcvc1902-vsva2197-2mp-e-s specified in board_part file is either invalid or not available
WARNING: [Board 49-26] cannot add Board Part xilinx.com:vck190:part0:3.1 available at C:/Xilinx/2025.1/data/xhub/boards\XilinxBoardStore\boards\Xilinx\vck190\production\3.1\board.xml as part xcvc1902-vsva2197-2mp-e-s specified in board_part file is either invalid or not available
WARNING: [Board 49-26] cannot add Board Part xilinx.com:vck190:part0:3.2 available at C:/Xilinx/2025.1/data/xhub/boards\XilinxBoardStore\boards\Xilinx\vck190\production\3.2\board.xml as part xcvc1902-vsva2197-2mp-e-s specified in board_part file is either invalid or not available
WARNING: [Board 49-26] cannot add Board Part xilinx.com:vck190:part0:3.3 available at C:/Xilinx/2025.1/data/xhub/boards\XilinxBoardStore\boards\Xilinx\vck190\production\3.3\board.xml as part xcvc1902-vsva2197-2mp-e-s specified in board_part file is either invalid or not available
WARNING: [Board 49-26] cannot add Board Part xilinx.com:vck190:part0:3.4 available at C:/Xilinx/2025.1/data/xhub/boards\XilinxBoardStore\boards\Xilinx\vck190\production\3.4\board.xml as part xcvc1902-vsva2197-2mp-e-s specified in board_part file is either invalid or not available
WARNING: [Board 49-26] cannot add Board Part xilinx.com:vck190_newl:part0:1.0 available at C:/Xilinx/2025.1/data/xhub/boards\XilinxBoardStore\boards\Xilinx\vck190_newl\production\1.0\board.xml as part xcvc1902-vsva2197-2mp-e-s specified in board_part file is either invalid or not available
WARNING: [Board 49-26] cannot add Board Part xilinx.com:vck190_newl:part0:1.1 available at C:/Xilinx/2025.1/data/xhub/boards\XilinxBoardStore\boards\Xilinx\vck190_newl\production\1.1\board.xml as part xcvc1902-vsva2197-2mp-e-s specified in board_part file is either invalid or not available
WARNING: [Board 49-26] cannot add Board Part xilinx.com:vck190_newl:part0:1.2 available at C:/Xilinx/2025.1/data/xhub/boards\XilinxBoardStore\boards\Xilinx\vck190_newl\production\1.2\board.xml as part xcvc1902-vsva2197-2mp-e-s specified in board_part file is either invalid or not available
WARNING: [Board 49-26] cannot add Board Part xilinx.com:vck190_newl:part0:1.3 available at C:/Xilinx/2025.1/data/xhub/boards\XilinxBoardStore\boards\Xilinx\vck190_newl\production\1.3\board.xml as part xcvc1902-vsva2197-2mp-e-s specified in board_part file is either invalid or not available
WARNING: [Board 49-26] cannot add Board Part xilinx.com:vcu108:part0:1.6 available at C:/Xilinx/2025.1/data/xhub/boards\XilinxBoardStore\boards\Xilinx\vcu108\1.6\board.xml as part xcvu095-ffva2104-2-e specified in board_part file is either invalid or not available
WARNING: [Board 49-26] cannot add Board Part xilinx.com:vcu108:part0:1.7 available at C:/Xilinx/2025.1/data/xhub/boards\XilinxBoardStore\boards\Xilinx\vcu108\1.7\board.xml as part xcvu095-ffva2104-2-e specified in board_part file is either invalid or not available
WARNING: [Board 49-26] cannot add Board Part xilinx.com:vcu110:part0:1.4 available at C:/Xilinx/2025.1/data/xhub/boards\XilinxBoardStore\boards\Xilinx\vcu110\1.4\board.xml as part xcvu190-flgc2104-2-e specified in board_part file is either invalid or not available
WARNING: [Board 49-26] cannot add Board Part xilinx.com:vcu118:part0:2.0 available at C:/Xilinx/2025.1/data/xhub/boards\XilinxBoardStore\boards\Xilinx\vcu118\2.0\board.xml as part xcvu9p-flga2104-2l-e specified in board_part file is either invalid or not available
WARNING: [Board 49-26] cannot add Board Part xilinx.com:vcu118:part0:2.3 available at C:/Xilinx/2025.1/data/xhub/boards\XilinxBoardStore\boards\Xilinx\vcu118\2.3\board.xml as part xcvu9p-flga2104-2l-e specified in board_part file is either invalid or not available
WARNING: [Board 49-26] cannot add Board Part xilinx.com:vcu118:part0:2.4 available at C:/Xilinx/2025.1/data/xhub/boards\XilinxBoardStore\boards\Xilinx\vcu118\2.4\board.xml as part xcvu9p-flga2104-2l-e specified in board_part file is either invalid or not available
WARNING: [Board 49-26] cannot add Board Part xilinx.com:vcu128:part0:1.0 available at C:/Xilinx/2025.1/data/xhub/boards\XilinxBoardStore\boards\Xilinx\vcu128\production\1.0\board.xml as part xcvu37p-fsvh2892-2l-e specified in board_part file is either invalid or not available
WARNING: [Board 49-26] cannot add Board Part xilinx.com:vcu129:part0:1.0 available at C:/Xilinx/2025.1/data/xhub/boards\XilinxBoardStore\boards\Xilinx\vcu129\production\1.0\board.xml as part xcvu29p-fsga2577-2l-e specified in board_part file is either invalid or not available
WARNING: [Board 49-26] cannot add Board Part xilinx.com:vcu1525:part0:1.3 available at C:/Xilinx/2025.1/data/xhub/boards\XilinxBoardStore\boards\Xilinx\vcu1525\1.3\board.xml as part xcvu9p-fsgd2104-2l-e specified in board_part file is either invalid or not available
WARNING: [Board 49-26] cannot add Board Part xilinx.com:vek280:part0:1.0 available at C:/Xilinx/2025.1/data/xhub/boards\XilinxBoardStore\boards\Xilinx\vek280\production\1.0\board.xml as part xcve2802-vsvh1760-2mp-e-s specified in board_part file is either invalid or not available
WARNING: [Board 49-26] cannot add Board Part xilinx.com:vek280:part0:1.1 available at C:/Xilinx/2025.1/data/xhub/boards\XilinxBoardStore\boards\Xilinx\vek280\production\1.1\board.xml as part xcve2802-vsvh1760-2mp-e-s specified in board_part file is either invalid or not available
WARNING: [Board 49-26] cannot add Board Part xilinx.com:vek280:part0:1.2 available at C:/Xilinx/2025.1/data/xhub/boards\XilinxBoardStore\boards\Xilinx\vek280\production\1.2\board.xml as part xcve2802-vsvh1760-2mp-e-s specified in board_part file is either invalid or not available
WARNING: [Board 49-26] cannot add Board Part xilinx.com:vek385:part0:1.0 available at C:/Xilinx/2025.1/data/xhub/boards\XilinxBoardStore\boards\Xilinx\vek385\1.0\board.xml as part xc2ve3858-ssva2112-2mp-e-s specified in board_part file is either invalid or not available
WARNING: [Board 49-26] cannot add Board Part xilinx.com:vermeo_t1_mpsoc:part0:1.0 available at C:/Xilinx/2025.1/data/xhub/boards\XilinxBoardStore\boards\Xilinx\vermeo_t1_mpsoc\1.0\board.xml as part xczu19eg-ffvd1760-2l-e specified in board_part file is either invalid or not available
WARNING: [Board 49-26] cannot add Board Part xilinx.com:vermeo_t1_rfsoc:part0:1.0 available at C:/Xilinx/2025.1/data/xhub/boards\XilinxBoardStore\boards\Xilinx\vermeo_t1_rfsoc\1.0\board.xml as part xczu21dr-ffvd1156-2l-e specified in board_part file is either invalid or not available
WARNING: [Board 49-26] cannot add Board Part xilinx.com:vhk158:part0:1.0 available at C:/Xilinx/2025.1/data/xhub/boards\XilinxBoardStore\boards\Xilinx\vhk158\production\1.0\board.xml as part xcvh1582-vsva3697-2mp-e-s specified in board_part file is either invalid or not available
WARNING: [Board 49-26] cannot add Board Part xilinx.com:vhk158:part0:1.1 available at C:/Xilinx/2025.1/data/xhub/boards\XilinxBoardStore\boards\Xilinx\vhk158\production\1.1\board.xml as part xcvh1582-vsva3697-2mp-e-s specified in board_part file is either invalid or not available
WARNING: [Board 49-26] cannot add Board Part xilinx.com:vhk158:part0:1.2 available at C:/Xilinx/2025.1/data/xhub/boards\XilinxBoardStore\boards\Xilinx\vhk158\production\1.2\board.xml as part xcvh1582-vsva3697-2mp-e-s specified in board_part file is either invalid or not available
WARNING: [Board 49-26] cannot add Board Part xilinx.com:vmk180:part0:2.2 available at C:/Xilinx/2025.1/data/xhub/boards\XilinxBoardStore\boards\Xilinx\vmk180\production\2.2\board.xml as part xcvm1802-vsva2197-2mp-e-s specified in board_part file is either invalid or not available
WARNING: [Board 49-26] cannot add Board Part xilinx.com:vmk180:part0:3.0 available at C:/Xilinx/2025.1/data/xhub/boards\XilinxBoardStore\boards\Xilinx\vmk180\production\3.0\board.xml as part xcvm1802-vsva2197-2mp-e-s specified in board_part file is either invalid or not available
WARNING: [Board 49-26] cannot add Board Part xilinx.com:vmk180:part0:3.1 available at C:/Xilinx/2025.1/data/xhub/boards\XilinxBoardStore\boards\Xilinx\vmk180\production\3.1\board.xml as part xcvm1802-vsva2197-2mp-e-s specified in board_part file is either invalid or not available
WARNING: [Board 49-26] cannot add Board Part xilinx.com:vmk180:part0:3.2 available at C:/Xilinx/2025.1/data/xhub/boards\XilinxBoardStore\boards\Xilinx\vmk180\production\3.2\board.xml as part xcvm1802-vsva2197-2mp-e-s specified in board_part file is either invalid or not available
WARNING: [Board 49-26] cannot add Board Part xilinx.com:vmk180:part0:3.3 available at C:/Xilinx/2025.1/data/xhub/boards\XilinxBoardStore\boards\Xilinx\vmk180\production\3.3\board.xml as part xcvm1802-vsva2197-2mp-e-s specified in board_part file is either invalid or not available
WARNING: [Board 49-26] cannot add Board Part xilinx.com:vmk180_newl:part0:1.0 available at C:/Xilinx/2025.1/data/xhub/boards\XilinxBoardStore\boards\Xilinx\vmk180_newl\production\1.0\board.xml as part xcvm1802-vsva2197-2mp-e-s specified in board_part file is either invalid or not available
WARNING: [Board 49-26] cannot add Board Part xilinx.com:vmk180_newl:part0:1.1 available at C:/Xilinx/2025.1/data/xhub/boards\XilinxBoardStore\boards\Xilinx\vmk180_newl\production\1.1\board.xml as part xcvm1802-vsva2197-2mp-e-s specified in board_part file is either invalid or not available
WARNING: [Board 49-26] cannot add Board Part xilinx.com:vpk120:part0:1.0 available at C:/Xilinx/2025.1/data/xhub/boards\XilinxBoardStore\boards\Xilinx\vpk120\production\1.0\board.xml as part xcvp1202-vsva2785-2mp-e-s specified in board_part file is either invalid or not available
WARNING: [Board 49-26] cannot add Board Part xilinx.com:vpk120:part0:1.1 available at C:/Xilinx/2025.1/data/xhub/boards\XilinxBoardStore\boards\Xilinx\vpk120\production\1.1\board.xml as part xcvp1202-vsva2785-2mp-e-s specified in board_part file is either invalid or not available
WARNING: [Board 49-26] cannot add Board Part xilinx.com:vpk120:part0:1.2 available at C:/Xilinx/2025.1/data/xhub/boards\XilinxBoardStore\boards\Xilinx\vpk120\production\1.2\board.xml as part xcvp1202-vsva2785-2mp-e-s specified in board_part file is either invalid or not available
WARNING: [Board 49-26] cannot add Board Part xilinx.com:vpk180:part0:1.0 available at C:/Xilinx/2025.1/data/xhub/boards\XilinxBoardStore\boards\Xilinx\vpk180\production\1.0\board.xml as part xcvp1802-lsvc4072-2mp-e-s specified in board_part file is either invalid or not available
WARNING: [Board 49-26] cannot add Board Part xilinx.com:vpk180:part0:1.1 available at C:/Xilinx/2025.1/data/xhub/boards\XilinxBoardStore\boards\Xilinx\vpk180\production\1.1\board.xml as part xcvp1802-lsvc4072-2mp-e-s specified in board_part file is either invalid or not available
WARNING: [Board 49-26] cannot add Board Part xilinx.com:vpk180:part0:1.2 available at C:/Xilinx/2025.1/data/xhub/boards\XilinxBoardStore\boards\Xilinx\vpk180\production\1.2\board.xml as part xcvp1802-lsvc4072-2mp-e-s specified in board_part file is either invalid or not available
WARNING: [Board 49-26] cannot add Board Part xilinx.com:zc702:part0:1.4 available at C:/Xilinx/2025.1/data/xhub/boards\XilinxBoardStore\boards\Xilinx\zc702\1.4\board.xml as part xc7z020clg484-1 specified in board_part file is either invalid or not available
WARNING: [Board 49-26] cannot add Board Part xilinx.com:zc706:part0:1.4 available at C:/Xilinx/2025.1/data/xhub/boards\XilinxBoardStore\boards\Xilinx\zc706\1.4\board.xml as part xc7z045ffg900-2 specified in board_part file is either invalid or not available
WARNING: [Board 49-26] cannot add Board Part xilinx.com:zcu102:part0:3.3 available at C:/Xilinx/2025.1/data/xhub/boards\XilinxBoardStore\boards\Xilinx\zcu102\3.3\board.xml as part xczu9eg-ffvb1156-2-e specified in board_part file is either invalid or not available
WARNING: [Board 49-26] cannot add Board Part xilinx.com:zcu102:part0:3.4 available at C:/Xilinx/2025.1/data/xhub/boards\XilinxBoardStore\boards\Xilinx\zcu102\3.4\board.xml as part xczu9eg-ffvb1156-2-e specified in board_part file is either invalid or not available
WARNING: [Board 49-26] cannot add Board Part xilinx.com:zcu104:part0:1.1 available at C:/Xilinx/2025.1/data/xhub/boards\XilinxBoardStore\boards\Xilinx\zcu104\1.1\board.xml as part xczu7ev-ffvc1156-2-e specified in board_part file is either invalid or not available
WARNING: [Board 49-26] cannot add Board Part xilinx.com:zcu106:part0:2.4 available at C:/Xilinx/2025.1/data/xhub/boards\XilinxBoardStore\boards\Xilinx\zcu106\2.4\board.xml as part xczu7ev-ffvc1156-2-e specified in board_part file is either invalid or not available
WARNING: [Board 49-26] cannot add Board Part xilinx.com:zcu106:part0:2.5 available at C:/Xilinx/2025.1/data/xhub/boards\XilinxBoardStore\boards\Xilinx\zcu106\2.5\board.xml as part xczu7ev-ffvc1156-2-e specified in board_part file is either invalid or not available
WARNING: [Board 49-26] cannot add Board Part xilinx.com:zcu106:part0:2.6 available at C:/Xilinx/2025.1/data/xhub/boards\XilinxBoardStore\boards\Xilinx\zcu106\2.6\board.xml as part xczu7ev-ffvc1156-2-e specified in board_part file is either invalid or not available
WARNING: [Board 49-26] cannot add Board Part xilinx.com:zcu111:part0:1.2 available at C:/Xilinx/2025.1/data/xhub/boards\XilinxBoardStore\boards\Xilinx\zcu111\1.2\board.xml as part xczu28dr-ffvg1517-2-e specified in board_part file is either invalid or not available
WARNING: [Board 49-26] cannot add Board Part xilinx.com:zcu111:part0:1.3 available at C:/Xilinx/2025.1/data/xhub/boards\XilinxBoardStore\boards\Xilinx\zcu111\1.3\board.xml as part xczu28dr-ffvg1517-2-e specified in board_part file is either invalid or not available
WARNING: [Board 49-26] cannot add Board Part xilinx.com:zcu111:part0:1.4 available at C:/Xilinx/2025.1/data/xhub/boards\XilinxBoardStore\boards\Xilinx\zcu111\1.4\board.xml as part xczu28dr-ffvg1517-2-e specified in board_part file is either invalid or not available
WARNING: [Board 49-26] cannot add Board Part xilinx.com:zcu1275:part0:1.0 available at C:/Xilinx/2025.1/data/xhub/boards\XilinxBoardStore\boards\Xilinx\zcu1275\1.0\board.xml as part xczu29dr-ffvf1760-2-e specified in board_part file is either invalid or not available
WARNING: [Board 49-26] cannot add Board Part xilinx.com:zcu1285:part0:1.0 available at C:/Xilinx/2025.1/data/xhub/boards\XilinxBoardStore\boards\Xilinx\zcu1285\1.0\board.xml as part xczu39dr-ffvf1760-2-i specified in board_part file is either invalid or not available
WARNING: [Board 49-26] cannot add Board Part xilinx.com:zcu208:part0:2.0 available at C:/Xilinx/2025.1/data/xhub/boards\XilinxBoardStore\boards\Xilinx\zcu208\production\2.0\board.xml as part xczu48dr-fsvg1517-2-e specified in board_part file is either invalid or not available
WARNING: [Board 49-26] cannot add Board Part xilinx.com:zcu208ld:part0:2.0 available at C:/Xilinx/2025.1/data/xhub/boards\XilinxBoardStore\boards\Xilinx\zcu208ld\production\2.0\board.xml as part xczu58dr-fsvg1517-2-i specified in board_part file is either invalid or not available
WARNING: [Board 49-26] cannot add Board Part xilinx.com:zcu216:part0:2.0 available at C:/Xilinx/2025.1/data/xhub/boards\XilinxBoardStore\boards\Xilinx\zcu216\production\2.0\board.xml as part xczu49dr-ffvf1760-2-e specified in board_part file is either invalid or not available
WARNING: [Board 49-26] cannot add Board Part xilinx.com:zcu216ld:part0:2.0 available at C:/Xilinx/2025.1/data/xhub/boards\XilinxBoardStore\boards\Xilinx\zcu216ld\production\2.0\board.xml as part xczu59dr-ffvf1760-2-i specified in board_part file is either invalid or not available
WARNING: [Board 49-26] cannot add Board Part xilinx.com:zcu670:part0:2.0 available at C:/Xilinx/2025.1/data/xhub/boards\XilinxBoardStore\boards\Xilinx\zcu670\2.0\board.xml as part xczu67dr-fsve1156-2-i specified in board_part file is either invalid or not available
WARNING: [Board 49-26] cannot add Board Part xilinx.com:zcu670ld:part0:1.0 available at C:/Xilinx/2025.1/data/xhub/boards\XilinxBoardStore\boards\Xilinx\zcu670ld\1.0\board.xml as part xczu57dr-fsve1156-2-i specified in board_part file is either invalid or not available
Scanning sources...
Finished scanning sources
WARNING: [Board 49-26] cannot add Board Part xilinx.com:emb-plus-vpr-4616:part0:1.0 available at C:/Xilinx/2025.1/data/xhub/boards\XilinxBoardStore\boards\Xilinx\emb-plus-vpr-4616\1.0\board.xml as part xcve2302-sfva784-2mp-e-s specified in board_part file is either invalid or not available
WARNING: [Board 49-26] cannot add Board Part xilinx.com:emb-plus-vpr-4616:part0:1.1 available at C:/Xilinx/2025.1/data/xhub/boards\XilinxBoardStore\boards\Xilinx\emb-plus-vpr-4616\1.1\board.xml as part xcve2302-sfva784-2mp-e-s specified in board_part file is either invalid or not available
WARNING: [Board 49-26] cannot add Board Part xilinx.com:k24c:part0:1.0 available at C:/Xilinx/2025.1/data/xhub/boards\XilinxBoardStore\boards\Xilinx\k24c\1.0\board.xml as part xck24-ubva530-2lv-c specified in board_part file is either invalid or not available
WARNING: [Board 49-26] cannot add Board Part xilinx.com:k24c:part0:1.1 available at C:/Xilinx/2025.1/data/xhub/boards\XilinxBoardStore\boards\Xilinx\k24c\1.1\board.xml as part xck24-ubva530-2lv-c specified in board_part file is either invalid or not available
WARNING: [Board 49-26] cannot add Board Part xilinx.com:k24i:part0:1.0 available at C:/Xilinx/2025.1/data/xhub/boards\XilinxBoardStore\boards\Xilinx\k24i\1.0\board.xml as part xck24-ubva530-2lvi-i specified in board_part file is either invalid or not available
WARNING: [Board 49-26] cannot add Board Part xilinx.com:k26c:part0:1.2 available at C:/Xilinx/2025.1/data/xhub/boards\XilinxBoardStore\boards\Xilinx\k26c\1.2\board.xml as part xck26-sfvc784-2lv-c specified in board_part file is either invalid or not available
WARNING: [Board 49-26] cannot add Board Part xilinx.com:k26c:part0:1.3 available at C:/Xilinx/2025.1/data/xhub/boards\XilinxBoardStore\boards\Xilinx\k26c\1.3\board.xml as part xck26-sfvc784-2lv-c specified in board_part file is either invalid or not available
WARNING: [Board 49-26] cannot add Board Part xilinx.com:k26c:part0:1.4 available at C:/Xilinx/2025.1/data/xhub/boards\XilinxBoardStore\boards\Xilinx\k26c\1.4\board.xml as part xck26-sfvc784-2lv-c specified in board_part file is either invalid or not available
WARNING: [Board 49-26] cannot add Board Part xilinx.com:k26i:part0:1.2 available at C:/Xilinx/2025.1/data/xhub/boards\XilinxBoardStore\boards\Xilinx\k26i\1.2\board.xml as part xck26-sfvc784-2lvi-i specified in board_part file is either invalid or not available
WARNING: [Board 49-26] cannot add Board Part xilinx.com:k26i:part0:1.3 available at C:/Xilinx/2025.1/data/xhub/boards\XilinxBoardStore\boards\Xilinx\k26i\1.3\board.xml as part xck26-sfvc784-2lvi-i specified in board_part file is either invalid or not available
WARNING: [Board 49-26] cannot add Board Part xilinx.com:k26i:part0:1.4 available at C:/Xilinx/2025.1/data/xhub/boards\XilinxBoardStore\boards\Xilinx\k26i\1.4\board.xml as part xck26-sfvc784-2lvi-i specified in board_part file is either invalid or not available
WARNING: [Board 49-26] cannot add Board Part xilinx.com:kcu105:part0:1.6 available at C:/Xilinx/2025.1/data/xhub/boards\XilinxBoardStore\boards\Xilinx\kcu105\1.6\board.xml as part xcku040-ffva1156-2-e specified in board_part file is either invalid or not available
WARNING: [Board 49-26] cannot add Board Part xilinx.com:kcu105:part0:1.7 available at C:/Xilinx/2025.1/data/xhub/boards\XilinxBoardStore\boards\Xilinx\kcu105\1.7\board.xml as part xcku040-ffva1156-2-e specified in board_part file is either invalid or not available
WARNING: [Board 49-26] cannot add Board Part xilinx.com:kcu116:part0:1.4 available at C:/Xilinx/2025.1/data/xhub/boards\XilinxBoardStore\boards\Xilinx\kcu116\1.4\board.xml as part xcku5p-ffvb676-2-e specified in board_part file is either invalid or not available
WARNING: [Board 49-26] cannot add Board Part xilinx.com:kcu116:part0:1.5 available at C:/Xilinx/2025.1/data/xhub/boards\XilinxBoardStore\boards\Xilinx\kcu116\1.5\board.xml as part xcku5p-ffvb676-2-e specified in board_part file is either invalid or not available
INFO: [Common 17-14] Message 'Board 49-26' appears 100 times and further instances of the messages will be disabled. Use the Tcl command set_msg_config to change the current settings.
WARNING: [Project 1-5713] Board part '' set for the project  is not found. BoardPart property will be unset. Please select board from latest repo build 
INFO: [IP_Flow 19-234] Refreshing IP repositories
INFO: [IP_Flow 19-1704] No user IP repositories specified
INFO: [IP_Flow 19-2313] Loaded Vivado IP repository 'C:/Xilinx/2025.1/Vivado/data/ip'.
open_project: Time (s): cpu = 00:00:14 ; elapsed = 00:00:06 . Memory (MB): peak = 1639.742 ; gain = 219.172
update_compile_order -fileset sources_1
open_hw_manager
connect_hw_server -allow_non_jtag
INFO: [Labtools 27-2285] Connecting to hw_server url TCP:localhost:3121
INFO: [Labtools 27-3415] Connecting to cs_server url TCP:localhost:0
INFO: [Labtools 27-3417] Launching cs_server...
INFO: [Labtools 27-2221] Launch Output:


******** Xilinx cs_server v2025.1.0
  ****** Build date   : May 14 2025-03:15:27
    **** Build number : 2025.1.1747163727
      ** Copyright 2017-2022 Xilinx, Inc. All Rights Reserved.
      ** Copyright 2022-2025 Advanced Micro Devices, Inc. All Rights Reserved.



open_hw_target
INFO: [Labtoolstcl 44-466] Opening hw_target localhost:3121/xilinx_tcf/Digilent/210319B4A36CA
set_property PROGRAM.FILE {C:/Users/Shlab_03/Desktop/Digital-Circuit-Lab-Pikachu-Volleyball-main/Digital-Circuit-Lab-Pikachu-Volleyball-main/Pikachu_Volleyball/Pikachu_Volleyball.runs/impl_1/fp_pikachu_volleyball.bit} [get_hw_devices xc7a35t_0]
current_hw_device [get_hw_devices xc7a35t_0]
refresh_hw_device -update_hw_probes false [lindex [get_hw_devices xc7a35t_0] 0]
INFO: [Labtools 27-1434] Device xc7a35t (JTAG device index = 0) is programmed with a design that has no supported debug core(s) in it.
set_property PROBES.FILE {} [get_hw_devices xc7a35t_0]
set_property FULL_PROBES.FILE {} [get_hw_devices xc7a35t_0]
set_property PROGRAM.FILE {C:/Users/Shlab_03/Desktop/Digital-Circuit-Lab-Pikachu-Volleyball-main/Digital-Circuit-Lab-Pikachu-Volleyball-main/Pikachu_Volleyball/Pikachu_Volleyball.runs/impl_1/fp_pikachu_volleyball.bit} [get_hw_devices xc7a35t_0]
program_hw_devices [get_hw_devices xc7a35t_0]
INFO: [Labtools 27-3164] End of startup status: HIGH
refresh_hw_device [lindex [get_hw_devices xc7a35t_0] 0]
INFO: [Labtools 27-1434] Device xc7a35t (JTAG device index = 0) is programmed with a design that has no supported debug core(s) in it.
reset_run synth_1
INFO: [Project 1-1161] Replacing file C:/Users/Shlab_03/Desktop/Digital-Circuit-Lab-Pikachu-Volleyball-main/Digital-Circuit-Lab-Pikachu-Volleyball-main/Pikachu_Volleyball/Pikachu_Volleyball.srcs/utils_1/imports/synth_1/fp_pikachu_volleyball.dcp with file C:/Users/Shlab_03/Desktop/Digital-Circuit-Lab-Pikachu-Volleyball-main/Digital-Circuit-Lab-Pikachu-Volleyball-main/Pikachu_Volleyball/Pikachu_Volleyball.runs/synth_1/fp_pikachu_volleyball.dcp
launch_runs impl_1 -to_step write_bitstream -jobs 16
[Wed Nov 26 22:51:32 2025] Launched synth_1...
Run output will be captured here: C:/Users/Shlab_03/Desktop/Digital-Circuit-Lab-Pikachu-Volleyball-main/Digital-Circuit-Lab-Pikachu-Volleyball-main/Pikachu_Volleyball/Pikachu_Volleyball.runs/synth_1/runme.log
[Wed Nov 26 22:51:32 2025] Launched impl_1...
Run output will be captured here: C:/Users/Shlab_03/Desktop/Digital-Circuit-Lab-Pikachu-Volleyball-main/Digital-Circuit-Lab-Pikachu-Volleyball-main/Pikachu_Volleyball/Pikachu_Volleyball.runs/impl_1/runme.log
set_property PROBES.FILE {} [get_hw_devices xc7a35t_0]
set_property FULL_PROBES.FILE {} [get_hw_devices xc7a35t_0]
set_property PROGRAM.FILE {C:/Users/Shlab_03/Desktop/Digital-Circuit-Lab-Pikachu-Volleyball-main/Digital-Circuit-Lab-Pikachu-Volleyball-main/Pikachu_Volleyball/Pikachu_Volleyball.runs/impl_1/fp_pikachu_volleyball.bit} [get_hw_devices xc7a35t_0]
program_hw_devices [get_hw_devices xc7a35t_0]
INFO: [Labtools 27-3164] End of startup status: HIGH
refresh_hw_device [lindex [get_hw_devices xc7a35t_0] 0]
INFO: [Labtools 27-1434] Device xc7a35t (JTAG device index = 0) is programmed with a design that has no supported debug core(s) in it.
reset_run synth_1
INFO: [Project 1-1161] Replacing file C:/Users/Shlab_03/Desktop/Digital-Circuit-Lab-Pikachu-Volleyball-main/Digital-Circuit-Lab-Pikachu-Volleyball-main/Pikachu_Volleyball/Pikachu_Volleyball.srcs/utils_1/imports/synth_1/fp_pikachu_volleyball.dcp with file C:/Users/Shlab_03/Desktop/Digital-Circuit-Lab-Pikachu-Volleyball-main/Digital-Circuit-Lab-Pikachu-Volleyball-main/Pikachu_Volleyball/Pikachu_Volleyball.runs/synth_1/fp_pikachu_volleyball.dcp
launch_runs impl_1 -to_step write_bitstream -jobs 16
[Wed Nov 26 22:54:18 2025] Launched synth_1...
Run output will be captured here: C:/Users/Shlab_03/Desktop/Digital-Circuit-Lab-Pikachu-Volleyball-main/Digital-Circuit-Lab-Pikachu-Volleyball-main/Pikachu_Volleyball/Pikachu_Volleyball.runs/synth_1/runme.log
[Wed Nov 26 22:54:18 2025] Launched impl_1...
Run output will be captured here: C:/Users/Shlab_03/Desktop/Digital-Circuit-Lab-Pikachu-Volleyball-main/Digital-Circuit-Lab-Pikachu-Volleyball-main/Pikachu_Volleyball/Pikachu_Volleyball.runs/impl_1/runme.log
set_property PROBES.FILE {} [get_hw_devices xc7a35t_0]
set_property FULL_PROBES.FILE {} [get_hw_devices xc7a35t_0]
set_property PROGRAM.FILE {C:/Users/Shlab_03/Desktop/Digital-Circuit-Lab-Pikachu-Volleyball-main/Digital-Circuit-Lab-Pikachu-Volleyball-main/Pikachu_Volleyball/Pikachu_Volleyball.runs/impl_1/fp_pikachu_volleyball.bit} [get_hw_devices xc7a35t_0]
program_hw_devices [get_hw_devices xc7a35t_0]
INFO: [Labtools 27-3164] End of startup status: HIGH
refresh_hw_device [lindex [get_hw_devices xc7a35t_0] 0]
INFO: [Labtools 27-1434] Device xc7a35t (JTAG device index = 0) is programmed with a design that has no supported debug core(s) in it.
reset_run synth_1
INFO: [Project 1-1161] Replacing file C:/Users/Shlab_03/Desktop/Digital-Circuit-Lab-Pikachu-Volleyball-main/Digital-Circuit-Lab-Pikachu-Volleyball-main/Pikachu_Volleyball/Pikachu_Volleyball.srcs/utils_1/imports/synth_1/fp_pikachu_volleyball.dcp with file C:/Users/Shlab_03/Desktop/Digital-Circuit-Lab-Pikachu-Volleyball-main/Digital-Circuit-Lab-Pikachu-Volleyball-main/Pikachu_Volleyball/Pikachu_Volleyball.runs/synth_1/fp_pikachu_volleyball.dcp
launch_runs impl_1 -to_step write_bitstream -jobs 16
[Wed Nov 26 22:57:38 2025] Launched synth_1...
Run output will be captured here: C:/Users/Shlab_03/Desktop/Digital-Circuit-Lab-Pikachu-Volleyball-main/Digital-Circuit-Lab-Pikachu-Volleyball-main/Pikachu_Volleyball/Pikachu_Volleyball.runs/synth_1/runme.log
[Wed Nov 26 22:57:38 2025] Launched impl_1...
Run output will be captured here: C:/Users/Shlab_03/Desktop/Digital-Circuit-Lab-Pikachu-Volleyball-main/Digital-Circuit-Lab-Pikachu-Volleyball-main/Pikachu_Volleyball/Pikachu_Volleyball.runs/impl_1/runme.log
set_property PROBES.FILE {} [get_hw_devices xc7a35t_0]
set_property FULL_PROBES.FILE {} [get_hw_devices xc7a35t_0]
set_property PROGRAM.FILE {C:/Users/Shlab_03/Desktop/Digital-Circuit-Lab-Pikachu-Volleyball-main/Digital-Circuit-Lab-Pikachu-Volleyball-main/Pikachu_Volleyball/Pikachu_Volleyball.runs/impl_1/fp_pikachu_volleyball.bit} [get_hw_devices xc7a35t_0]
program_hw_devices [get_hw_devices xc7a35t_0]
INFO: [Labtools 27-3164] End of startup status: HIGH
refresh_hw_device [lindex [get_hw_devices xc7a35t_0] 0]
INFO: [Labtools 27-1434] Device xc7a35t (JTAG device index = 0) is programmed with a design that has no supported debug core(s) in it.
reset_run synth_1
INFO: [Project 1-1161] Replacing file C:/Users/Shlab_03/Desktop/Digital-Circuit-Lab-Pikachu-Volleyball-main/Digital-Circuit-Lab-Pikachu-Volleyball-main/Pikachu_Volleyball/Pikachu_Volleyball.srcs/utils_1/imports/synth_1/fp_pikachu_volleyball.dcp with file C:/Users/Shlab_03/Desktop/Digital-Circuit-Lab-Pikachu-Volleyball-main/Digital-Circuit-Lab-Pikachu-Volleyball-main/Pikachu_Volleyball/Pikachu_Volleyball.runs/synth_1/fp_pikachu_volleyball.dcp
launch_runs impl_1 -to_step write_bitstream -jobs 16
[Wed Nov 26 23:01:22 2025] Launched synth_1...
Run output will be captured here: C:/Users/Shlab_03/Desktop/Digital-Circuit-Lab-Pikachu-Volleyball-main/Digital-Circuit-Lab-Pikachu-Volleyball-main/Pikachu_Volleyball/Pikachu_Volleyball.runs/synth_1/runme.log
[Wed Nov 26 23:01:22 2025] Launched impl_1...
Run output will be captured here: C:/Users/Shlab_03/Desktop/Digital-Circuit-Lab-Pikachu-Volleyball-main/Digital-Circuit-Lab-Pikachu-Volleyball-main/Pikachu_Volleyball/Pikachu_Volleyball.runs/impl_1/runme.log
set_property PROBES.FILE {} [get_hw_devices xc7a35t_0]
set_property FULL_PROBES.FILE {} [get_hw_devices xc7a35t_0]
set_property PROGRAM.FILE {C:/Users/Shlab_03/Desktop/Digital-Circuit-Lab-Pikachu-Volleyball-main/Digital-Circuit-Lab-Pikachu-Volleyball-main/Pikachu_Volleyball/Pikachu_Volleyball.runs/impl_1/fp_pikachu_volleyball.bit} [get_hw_devices xc7a35t_0]
program_hw_devices [get_hw_devices xc7a35t_0]
INFO: [Labtools 27-3164] End of startup status: HIGH
refresh_hw_device [lindex [get_hw_devices xc7a35t_0] 0]
INFO: [Labtools 27-1434] Device xc7a35t (JTAG device index = 0) is programmed with a design that has no supported debug core(s) in it.
reset_run synth_1
INFO: [Project 1-1161] Replacing file C:/Users/Shlab_03/Desktop/Digital-Circuit-Lab-Pikachu-Volleyball-main/Digital-Circuit-Lab-Pikachu-Volleyball-main/Pikachu_Volleyball/Pikachu_Volleyball.srcs/utils_1/imports/synth_1/fp_pikachu_volleyball.dcp with file C:/Users/Shlab_03/Desktop/Digital-Circuit-Lab-Pikachu-Volleyball-main/Digital-Circuit-Lab-Pikachu-Volleyball-main/Pikachu_Volleyball/Pikachu_Volleyball.runs/synth_1/fp_pikachu_volleyball.dcp
launch_runs impl_1 -to_step write_bitstream -jobs 16
[Wed Nov 26 23:04:54 2025] Launched synth_1...
Run output will be captured here: C:/Users/Shlab_03/Desktop/Digital-Circuit-Lab-Pikachu-Volleyball-main/Digital-Circuit-Lab-Pikachu-Volleyball-main/Pikachu_Volleyball/Pikachu_Volleyball.runs/synth_1/runme.log
[Wed Nov 26 23:04:54 2025] Launched impl_1...
Run output will be captured here: C:/Users/Shlab_03/Desktop/Digital-Circuit-Lab-Pikachu-Volleyball-main/Digital-Circuit-Lab-Pikachu-Volleyball-main/Pikachu_Volleyball/Pikachu_Volleyball.runs/impl_1/runme.log
set_property PROBES.FILE {} [get_hw_devices xc7a35t_0]
set_property FULL_PROBES.FILE {} [get_hw_devices xc7a35t_0]
set_property PROGRAM.FILE {C:/Users/Shlab_03/Desktop/Digital-Circuit-Lab-Pikachu-Volleyball-main/Digital-Circuit-Lab-Pikachu-Volleyball-main/Pikachu_Volleyball/Pikachu_Volleyball.runs/impl_1/fp_pikachu_volleyball.bit} [get_hw_devices xc7a35t_0]
program_hw_devices [get_hw_devices xc7a35t_0]
INFO: [Labtools 27-3164] End of startup status: HIGH
refresh_hw_device [lindex [get_hw_devices xc7a35t_0] 0]
INFO: [Labtools 27-1434] Device xc7a35t (JTAG device index = 0) is programmed with a design that has no supported debug core(s) in it.
reset_run synth_1
INFO: [Project 1-1161] Replacing file C:/Users/Shlab_03/Desktop/Digital-Circuit-Lab-Pikachu-Volleyball-main/Digital-Circuit-Lab-Pikachu-Volleyball-main/Pikachu_Volleyball/Pikachu_Volleyball.srcs/utils_1/imports/synth_1/fp_pikachu_volleyball.dcp with file C:/Users/Shlab_03/Desktop/Digital-Circuit-Lab-Pikachu-Volleyball-main/Digital-Circuit-Lab-Pikachu-Volleyball-main/Pikachu_Volleyball/Pikachu_Volleyball.runs/synth_1/fp_pikachu_volleyball.dcp
launch_runs impl_1 -to_step write_bitstream -jobs 16
[Wed Nov 26 23:08:51 2025] Launched synth_1...
Run output will be captured here: C:/Users/Shlab_03/Desktop/Digital-Circuit-Lab-Pikachu-Volleyball-main/Digital-Circuit-Lab-Pikachu-Volleyball-main/Pikachu_Volleyball/Pikachu_Volleyball.runs/synth_1/runme.log
[Wed Nov 26 23:08:51 2025] Launched impl_1...
Run output will be captured here: C:/Users/Shlab_03/Desktop/Digital-Circuit-Lab-Pikachu-Volleyball-main/Digital-Circuit-Lab-Pikachu-Volleyball-main/Pikachu_Volleyball/Pikachu_Volleyball.runs/impl_1/runme.log
set_property PROBES.FILE {} [get_hw_devices xc7a35t_0]
set_property FULL_PROBES.FILE {} [get_hw_devices xc7a35t_0]
set_property PROGRAM.FILE {C:/Users/Shlab_03/Desktop/Digital-Circuit-Lab-Pikachu-Volleyball-main/Digital-Circuit-Lab-Pikachu-Volleyball-main/Pikachu_Volleyball/Pikachu_Volleyball.runs/impl_1/fp_pikachu_volleyball.bit} [get_hw_devices xc7a35t_0]
program_hw_devices [get_hw_devices xc7a35t_0]
INFO: [Labtools 27-3164] End of startup status: HIGH
refresh_hw_device [lindex [get_hw_devices xc7a35t_0] 0]
INFO: [Labtools 27-1434] Device xc7a35t (JTAG device index = 0) is programmed with a design that has no supported debug core(s) in it.
reset_run synth_1
INFO: [Project 1-1161] Replacing file C:/Users/Shlab_03/Desktop/Digital-Circuit-Lab-Pikachu-Volleyball-main/Digital-Circuit-Lab-Pikachu-Volleyball-main/Pikachu_Volleyball/Pikachu_Volleyball.srcs/utils_1/imports/synth_1/fp_pikachu_volleyball.dcp with file C:/Users/Shlab_03/Desktop/Digital-Circuit-Lab-Pikachu-Volleyball-main/Digital-Circuit-Lab-Pikachu-Volleyball-main/Pikachu_Volleyball/Pikachu_Volleyball.runs/synth_1/fp_pikachu_volleyball.dcp
launch_runs impl_1 -to_step write_bitstream -jobs 16
[Wed Nov 26 23:11:58 2025] Launched synth_1...
Run output will be captured here: C:/Users/Shlab_03/Desktop/Digital-Circuit-Lab-Pikachu-Volleyball-main/Digital-Circuit-Lab-Pikachu-Volleyball-main/Pikachu_Volleyball/Pikachu_Volleyball.runs/synth_1/runme.log
[Wed Nov 26 23:11:58 2025] Launched impl_1...
Run output will be captured here: C:/Users/Shlab_03/Desktop/Digital-Circuit-Lab-Pikachu-Volleyball-main/Digital-Circuit-Lab-Pikachu-Volleyball-main/Pikachu_Volleyball/Pikachu_Volleyball.runs/impl_1/runme.log
set_property PROBES.FILE {} [get_hw_devices xc7a35t_0]
set_property FULL_PROBES.FILE {} [get_hw_devices xc7a35t_0]
set_property PROGRAM.FILE {C:/Users/Shlab_03/Desktop/Digital-Circuit-Lab-Pikachu-Volleyball-main/Digital-Circuit-Lab-Pikachu-Volleyball-main/Pikachu_Volleyball/Pikachu_Volleyball.runs/impl_1/fp_pikachu_volleyball.bit} [get_hw_devices xc7a35t_0]
program_hw_devices [get_hw_devices xc7a35t_0]
INFO: [Labtools 27-3164] End of startup status: HIGH
refresh_hw_device [lindex [get_hw_devices xc7a35t_0] 0]
INFO: [Labtools 27-1434] Device xc7a35t (JTAG device index = 0) is programmed with a design that has no supported debug core(s) in it.
reset_run synth_1
INFO: [Project 1-1161] Replacing file C:/Users/Shlab_03/Desktop/Digital-Circuit-Lab-Pikachu-Volleyball-main/Digital-Circuit-Lab-Pikachu-Volleyball-main/Pikachu_Volleyball/Pikachu_Volleyball.srcs/utils_1/imports/synth_1/fp_pikachu_volleyball.dcp with file C:/Users/Shlab_03/Desktop/Digital-Circuit-Lab-Pikachu-Volleyball-main/Digital-Circuit-Lab-Pikachu-Volleyball-main/Pikachu_Volleyball/Pikachu_Volleyball.runs/synth_1/fp_pikachu_volleyball.dcp
launch_runs impl_1 -to_step write_bitstream -jobs 16
[Wed Nov 26 23:14:47 2025] Launched synth_1...
Run output will be captured here: C:/Users/Shlab_03/Desktop/Digital-Circuit-Lab-Pikachu-Volleyball-main/Digital-Circuit-Lab-Pikachu-Volleyball-main/Pikachu_Volleyball/Pikachu_Volleyball.runs/synth_1/runme.log
[Wed Nov 26 23:14:47 2025] Launched impl_1...
Run output will be captured here: C:/Users/Shlab_03/Desktop/Digital-Circuit-Lab-Pikachu-Volleyball-main/Digital-Circuit-Lab-Pikachu-Volleyball-main/Pikachu_Volleyball/Pikachu_Volleyball.runs/impl_1/runme.log
set_property PROBES.FILE {} [get_hw_devices xc7a35t_0]
set_property FULL_PROBES.FILE {} [get_hw_devices xc7a35t_0]
set_property PROGRAM.FILE {C:/Users/Shlab_03/Desktop/Digital-Circuit-Lab-Pikachu-Volleyball-main/Digital-Circuit-Lab-Pikachu-Volleyball-main/Pikachu_Volleyball/Pikachu_Volleyball.runs/impl_1/fp_pikachu_volleyball.bit} [get_hw_devices xc7a35t_0]
program_hw_devices [get_hw_devices xc7a35t_0]
INFO: [Labtools 27-3164] End of startup status: HIGH
refresh_hw_device [lindex [get_hw_devices xc7a35t_0] 0]
INFO: [Labtools 27-1434] Device xc7a35t (JTAG device index = 0) is programmed with a design that has no supported debug core(s) in it.
reset_run synth_1
INFO: [Project 1-1161] Replacing file C:/Users/Shlab_03/Desktop/Digital-Circuit-Lab-Pikachu-Volleyball-main/Digital-Circuit-Lab-Pikachu-Volleyball-main/Pikachu_Volleyball/Pikachu_Volleyball.srcs/utils_1/imports/synth_1/fp_pikachu_volleyball.dcp with file C:/Users/Shlab_03/Desktop/Digital-Circuit-Lab-Pikachu-Volleyball-main/Digital-Circuit-Lab-Pikachu-Volleyball-main/Pikachu_Volleyball/Pikachu_Volleyball.runs/synth_1/fp_pikachu_volleyball.dcp
launch_runs impl_1 -to_step write_bitstream -jobs 16
[Wed Nov 26 23:18:49 2025] Launched synth_1...
Run output will be captured here: C:/Users/Shlab_03/Desktop/Digital-Circuit-Lab-Pikachu-Volleyball-main/Digital-Circuit-Lab-Pikachu-Volleyball-main/Pikachu_Volleyball/Pikachu_Volleyball.runs/synth_1/runme.log
[Wed Nov 26 23:18:49 2025] Launched impl_1...
Run output will be captured here: C:/Users/Shlab_03/Desktop/Digital-Circuit-Lab-Pikachu-Volleyball-main/Digital-Circuit-Lab-Pikachu-Volleyball-main/Pikachu_Volleyball/Pikachu_Volleyball.runs/impl_1/runme.log
set_property PROBES.FILE {} [get_hw_devices xc7a35t_0]
set_property FULL_PROBES.FILE {} [get_hw_devices xc7a35t_0]
set_property PROGRAM.FILE {C:/Users/Shlab_03/Desktop/Digital-Circuit-Lab-Pikachu-Volleyball-main/Digital-Circuit-Lab-Pikachu-Volleyball-main/Pikachu_Volleyball/Pikachu_Volleyball.runs/impl_1/fp_pikachu_volleyball.bit} [get_hw_devices xc7a35t_0]
program_hw_devices [get_hw_devices xc7a35t_0]
INFO: [Labtools 27-3164] End of startup status: HIGH
refresh_hw_device [lindex [get_hw_devices xc7a35t_0] 0]
INFO: [Labtools 27-1434] Device xc7a35t (JTAG device index = 0) is programmed with a design that has no supported debug core(s) in it.
reset_run synth_1
INFO: [Project 1-1161] Replacing file C:/Users/Shlab_03/Desktop/Digital-Circuit-Lab-Pikachu-Volleyball-main/Digital-Circuit-Lab-Pikachu-Volleyball-main/Pikachu_Volleyball/Pikachu_Volleyball.srcs/utils_1/imports/synth_1/fp_pikachu_volleyball.dcp with file C:/Users/Shlab_03/Desktop/Digital-Circuit-Lab-Pikachu-Volleyball-main/Digital-Circuit-Lab-Pikachu-Volleyball-main/Pikachu_Volleyball/Pikachu_Volleyball.runs/synth_1/fp_pikachu_volleyball.dcp
launch_runs impl_1 -to_step write_bitstream -jobs 16
[Wed Nov 26 23:21:33 2025] Launched synth_1...
Run output will be captured here: C:/Users/Shlab_03/Desktop/Digital-Circuit-Lab-Pikachu-Volleyball-main/Digital-Circuit-Lab-Pikachu-Volleyball-main/Pikachu_Volleyball/Pikachu_Volleyball.runs/synth_1/runme.log
[Wed Nov 26 23:21:33 2025] Launched impl_1...
Run output will be captured here: C:/Users/Shlab_03/Desktop/Digital-Circuit-Lab-Pikachu-Volleyball-main/Digital-Circuit-Lab-Pikachu-Volleyball-main/Pikachu_Volleyball/Pikachu_Volleyball.runs/impl_1/runme.log
set_property PROBES.FILE {} [get_hw_devices xc7a35t_0]
set_property FULL_PROBES.FILE {} [get_hw_devices xc7a35t_0]
set_property PROGRAM.FILE {C:/Users/Shlab_03/Desktop/Digital-Circuit-Lab-Pikachu-Volleyball-main/Digital-Circuit-Lab-Pikachu-Volleyball-main/Pikachu_Volleyball/Pikachu_Volleyball.runs/impl_1/fp_pikachu_volleyball.bit} [get_hw_devices xc7a35t_0]
program_hw_devices [get_hw_devices xc7a35t_0]
INFO: [Labtools 27-3164] End of startup status: HIGH
refresh_hw_device [lindex [get_hw_devices xc7a35t_0] 0]
INFO: [Labtools 27-1434] Device xc7a35t (JTAG device index = 0) is programmed with a design that has no supported debug core(s) in it.
reset_run synth_1
INFO: [Project 1-1161] Replacing file C:/Users/Shlab_03/Desktop/Digital-Circuit-Lab-Pikachu-Volleyball-main/Digital-Circuit-Lab-Pikachu-Volleyball-main/Pikachu_Volleyball/Pikachu_Volleyball.srcs/utils_1/imports/synth_1/fp_pikachu_volleyball.dcp with file C:/Users/Shlab_03/Desktop/Digital-Circuit-Lab-Pikachu-Volleyball-main/Digital-Circuit-Lab-Pikachu-Volleyball-main/Pikachu_Volleyball/Pikachu_Volleyball.runs/synth_1/fp_pikachu_volleyball.dcp
launch_runs impl_1 -to_step write_bitstream -jobs 16
[Wed Nov 26 23:24:41 2025] Launched synth_1...
Run output will be captured here: C:/Users/Shlab_03/Desktop/Digital-Circuit-Lab-Pikachu-Volleyball-main/Digital-Circuit-Lab-Pikachu-Volleyball-main/Pikachu_Volleyball/Pikachu_Volleyball.runs/synth_1/runme.log
[Wed Nov 26 23:24:41 2025] Launched impl_1...
Run output will be captured here: C:/Users/Shlab_03/Desktop/Digital-Circuit-Lab-Pikachu-Volleyball-main/Digital-Circuit-Lab-Pikachu-Volleyball-main/Pikachu_Volleyball/Pikachu_Volleyball.runs/impl_1/runme.log
set_property PROBES.FILE {} [get_hw_devices xc7a35t_0]
set_property FULL_PROBES.FILE {} [get_hw_devices xc7a35t_0]
set_property PROGRAM.FILE {C:/Users/Shlab_03/Desktop/Digital-Circuit-Lab-Pikachu-Volleyball-main/Digital-Circuit-Lab-Pikachu-Volleyball-main/Pikachu_Volleyball/Pikachu_Volleyball.runs/impl_1/fp_pikachu_volleyball.bit} [get_hw_devices xc7a35t_0]
program_hw_devices [get_hw_devices xc7a35t_0]
INFO: [Labtools 27-3164] End of startup status: HIGH
refresh_hw_device [lindex [get_hw_devices xc7a35t_0] 0]
INFO: [Labtools 27-1434] Device xc7a35t (JTAG device index = 0) is programmed with a design that has no supported debug core(s) in it.
set_property PROBES.FILE {} [get_hw_devices xc7a35t_0]
set_property FULL_PROBES.FILE {} [get_hw_devices xc7a35t_0]
set_property PROGRAM.FILE {C:/Users/Shlab_03/Desktop/Digital-Circuit-Lab-Pikachu-Volleyball-main/Digital-Circuit-Lab-Pikachu-Volleyball-main/Pikachu_Volleyball/Pikachu_Volleyball.runs/impl_1/fp_pikachu_volleyball.bit} [get_hw_devices xc7a35t_0]
program_hw_devices [get_hw_devices xc7a35t_0]
INFO: [Labtools 27-3164] End of startup status: HIGH
refresh_hw_device [lindex [get_hw_devices xc7a35t_0] 0]
INFO: [Labtools 27-1434] Device xc7a35t (JTAG device index = 0) is programmed with a design that has no supported debug core(s) in it.
reset_run synth_1
INFO: [Project 1-1161] Replacing file C:/Users/Shlab_03/Desktop/Digital-Circuit-Lab-Pikachu-Volleyball-main/Digital-Circuit-Lab-Pikachu-Volleyball-main/Pikachu_Volleyball/Pikachu_Volleyball.srcs/utils_1/imports/synth_1/fp_pikachu_volleyball.dcp with file C:/Users/Shlab_03/Desktop/Digital-Circuit-Lab-Pikachu-Volleyball-main/Digital-Circuit-Lab-Pikachu-Volleyball-main/Pikachu_Volleyball/Pikachu_Volleyball.runs/synth_1/fp_pikachu_volleyball.dcp
launch_runs impl_1 -to_step write_bitstream -jobs 16
[Wed Nov 26 23:28:21 2025] Launched synth_1...
Run output will be captured here: C:/Users/Shlab_03/Desktop/Digital-Circuit-Lab-Pikachu-Volleyball-main/Digital-Circuit-Lab-Pikachu-Volleyball-main/Pikachu_Volleyball/Pikachu_Volleyball.runs/synth_1/runme.log
[Wed Nov 26 23:28:21 2025] Launched impl_1...
Run output will be captured here: C:/Users/Shlab_03/Desktop/Digital-Circuit-Lab-Pikachu-Volleyball-main/Digital-Circuit-Lab-Pikachu-Volleyball-main/Pikachu_Volleyball/Pikachu_Volleyball.runs/impl_1/runme.log
set_property PROBES.FILE {} [get_hw_devices xc7a35t_0]
set_property FULL_PROBES.FILE {} [get_hw_devices xc7a35t_0]
set_property PROGRAM.FILE {C:/Users/Shlab_03/Desktop/Digital-Circuit-Lab-Pikachu-Volleyball-main/Digital-Circuit-Lab-Pikachu-Volleyball-main/Pikachu_Volleyball/Pikachu_Volleyball.runs/impl_1/fp_pikachu_volleyball.bit} [get_hw_devices xc7a35t_0]
program_hw_devices [get_hw_devices xc7a35t_0]
INFO: [Labtools 27-3164] End of startup status: HIGH
refresh_hw_device [lindex [get_hw_devices xc7a35t_0] 0]
INFO: [Labtools 27-1434] Device xc7a35t (JTAG device index = 0) is programmed with a design that has no supported debug core(s) in it.
reset_run synth_1
INFO: [Project 1-1161] Replacing file C:/Users/Shlab_03/Desktop/Digital-Circuit-Lab-Pikachu-Volleyball-main/Digital-Circuit-Lab-Pikachu-Volleyball-main/Pikachu_Volleyball/Pikachu_Volleyball.srcs/utils_1/imports/synth_1/fp_pikachu_volleyball.dcp with file C:/Users/Shlab_03/Desktop/Digital-Circuit-Lab-Pikachu-Volleyball-main/Digital-Circuit-Lab-Pikachu-Volleyball-main/Pikachu_Volleyball/Pikachu_Volleyball.runs/synth_1/fp_pikachu_volleyball.dcp
launch_runs impl_1 -to_step write_bitstream -jobs 16
[Wed Nov 26 23:33:09 2025] Launched synth_1...
Run output will be captured here: C:/Users/Shlab_03/Desktop/Digital-Circuit-Lab-Pikachu-Volleyball-main/Digital-Circuit-Lab-Pikachu-Volleyball-main/Pikachu_Volleyball/Pikachu_Volleyball.runs/synth_1/runme.log
[Wed Nov 26 23:33:09 2025] Launched impl_1...
Run output will be captured here: C:/Users/Shlab_03/Desktop/Digital-Circuit-Lab-Pikachu-Volleyball-main/Digital-Circuit-Lab-Pikachu-Volleyball-main/Pikachu_Volleyball/Pikachu_Volleyball.runs/impl_1/runme.log
reset_run synth_1
WARNING: [Vivado 12-1017] Problems encountered:
1. Failed to delete one or more files in run directory C:/Users/Shlab_03/Desktop/Digital-Circuit-Lab-Pikachu-Volleyball-main/Digital-Circuit-Lab-Pikachu-Volleyball-main/Pikachu_Volleyball/Pikachu_Volleyball.runs/synth_1

launch_runs impl_1 -to_step write_bitstream -jobs 16
[Wed Nov 26 23:33:38 2025] Launched synth_1...
Run output will be captured here: C:/Users/Shlab_03/Desktop/Digital-Circuit-Lab-Pikachu-Volleyball-main/Digital-Circuit-Lab-Pikachu-Volleyball-main/Pikachu_Volleyball/Pikachu_Volleyball.runs/synth_1/runme.log
[Wed Nov 26 23:33:38 2025] Launched impl_1...
Run output will be captured here: C:/Users/Shlab_03/Desktop/Digital-Circuit-Lab-Pikachu-Volleyball-main/Digital-Circuit-Lab-Pikachu-Volleyball-main/Pikachu_Volleyball/Pikachu_Volleyball.runs/impl_1/runme.log
set_property PROBES.FILE {} [get_hw_devices xc7a35t_0]
set_property FULL_PROBES.FILE {} [get_hw_devices xc7a35t_0]
set_property PROGRAM.FILE {C:/Users/Shlab_03/Desktop/Digital-Circuit-Lab-Pikachu-Volleyball-main/Digital-Circuit-Lab-Pikachu-Volleyball-main/Pikachu_Volleyball/Pikachu_Volleyball.runs/impl_1/fp_pikachu_volleyball.bit} [get_hw_devices xc7a35t_0]
program_hw_devices [get_hw_devices xc7a35t_0]
INFO: [Labtools 27-3164] End of startup status: HIGH
refresh_hw_device [lindex [get_hw_devices xc7a35t_0] 0]
INFO: [Labtools 27-1434] Device xc7a35t (JTAG device index = 0) is programmed with a design that has no supported debug core(s) in it.
reset_run synth_1
INFO: [Project 1-1161] Replacing file C:/Users/Shlab_03/Desktop/Digital-Circuit-Lab-Pikachu-Volleyball-main/Digital-Circuit-Lab-Pikachu-Volleyball-main/Pikachu_Volleyball/Pikachu_Volleyball.srcs/utils_1/imports/synth_1/fp_pikachu_volleyball.dcp with file C:/Users/Shlab_03/Desktop/Digital-Circuit-Lab-Pikachu-Volleyball-main/Digital-Circuit-Lab-Pikachu-Volleyball-main/Pikachu_Volleyball/Pikachu_Volleyball.runs/synth_1/fp_pikachu_volleyball.dcp
launch_runs impl_1 -to_step write_bitstream -jobs 16
[Wed Nov 26 23:36:51 2025] Launched synth_1...
Run output will be captured here: C:/Users/Shlab_03/Desktop/Digital-Circuit-Lab-Pikachu-Volleyball-main/Digital-Circuit-Lab-Pikachu-Volleyball-main/Pikachu_Volleyball/Pikachu_Volleyball.runs/synth_1/runme.log
[Wed Nov 26 23:36:51 2025] Launched impl_1...
Run output will be captured here: C:/Users/Shlab_03/Desktop/Digital-Circuit-Lab-Pikachu-Volleyball-main/Digital-Circuit-Lab-Pikachu-Volleyball-main/Pikachu_Volleyball/Pikachu_Volleyball.runs/impl_1/runme.log
set_property PROBES.FILE {} [get_hw_devices xc7a35t_0]
set_property FULL_PROBES.FILE {} [get_hw_devices xc7a35t_0]
set_property PROGRAM.FILE {C:/Users/Shlab_03/Desktop/Digital-Circuit-Lab-Pikachu-Volleyball-main/Digital-Circuit-Lab-Pikachu-Volleyball-main/Pikachu_Volleyball/Pikachu_Volleyball.runs/impl_1/fp_pikachu_volleyball.bit} [get_hw_devices xc7a35t_0]
program_hw_devices [get_hw_devices xc7a35t_0]
INFO: [Labtools 27-3164] End of startup status: HIGH
refresh_hw_device [lindex [get_hw_devices xc7a35t_0] 0]
INFO: [Labtools 27-1434] Device xc7a35t (JTAG device index = 0) is programmed with a design that has no supported debug core(s) in it.
set_property PROBES.FILE {} [get_hw_devices xc7a35t_0]
set_property FULL_PROBES.FILE {} [get_hw_devices xc7a35t_0]
set_property PROGRAM.FILE {C:/Users/Shlab_03/Desktop/Digital-Circuit-Lab-Pikachu-Volleyball-main/Digital-Circuit-Lab-Pikachu-Volleyball-main/Pikachu_Volleyball/Pikachu_Volleyball.runs/impl_1/fp_pikachu_volleyball.bit} [get_hw_devices xc7a35t_0]
program_hw_devices [get_hw_devices xc7a35t_0]
INFO: [Labtools 27-3164] End of startup status: HIGH
refresh_hw_device [lindex [get_hw_devices xc7a35t_0] 0]
INFO: [Labtools 27-1434] Device xc7a35t (JTAG device index = 0) is programmed with a design that has no supported debug core(s) in it.
reset_run synth_1
INFO: [Project 1-1161] Replacing file C:/Users/Shlab_03/Desktop/Digital-Circuit-Lab-Pikachu-Volleyball-main/Digital-Circuit-Lab-Pikachu-Volleyball-main/Pikachu_Volleyball/Pikachu_Volleyball.srcs/utils_1/imports/synth_1/fp_pikachu_volleyball.dcp with file C:/Users/Shlab_03/Desktop/Digital-Circuit-Lab-Pikachu-Volleyball-main/Digital-Circuit-Lab-Pikachu-Volleyball-main/Pikachu_Volleyball/Pikachu_Volleyball.runs/synth_1/fp_pikachu_volleyball.dcp
launch_runs impl_1 -to_step write_bitstream -jobs 16
[Wed Nov 26 23:40:38 2025] Launched synth_1...
Run output will be captured here: C:/Users/Shlab_03/Desktop/Digital-Circuit-Lab-Pikachu-Volleyball-main/Digital-Circuit-Lab-Pikachu-Volleyball-main/Pikachu_Volleyball/Pikachu_Volleyball.runs/synth_1/runme.log
[Wed Nov 26 23:40:38 2025] Launched impl_1...
Run output will be captured here: C:/Users/Shlab_03/Desktop/Digital-Circuit-Lab-Pikachu-Volleyball-main/Digital-Circuit-Lab-Pikachu-Volleyball-main/Pikachu_Volleyball/Pikachu_Volleyball.runs/impl_1/runme.log
set_property PROBES.FILE {} [get_hw_devices xc7a35t_0]
set_property FULL_PROBES.FILE {} [get_hw_devices xc7a35t_0]
set_property PROGRAM.FILE {C:/Users/Shlab_03/Desktop/Digital-Circuit-Lab-Pikachu-Volleyball-main/Digital-Circuit-Lab-Pikachu-Volleyball-main/Pikachu_Volleyball/Pikachu_Volleyball.runs/impl_1/fp_pikachu_volleyball.bit} [get_hw_devices xc7a35t_0]
program_hw_devices [get_hw_devices xc7a35t_0]
INFO: [Labtools 27-3164] End of startup status: HIGH
refresh_hw_device [lindex [get_hw_devices xc7a35t_0] 0]
INFO: [Labtools 27-1434] Device xc7a35t (JTAG device index = 0) is programmed with a design that has no supported debug core(s) in it.
reset_run synth_1
INFO: [Project 1-1161] Replacing file C:/Users/Shlab_03/Desktop/Digital-Circuit-Lab-Pikachu-Volleyball-main/Digital-Circuit-Lab-Pikachu-Volleyball-main/Pikachu_Volleyball/Pikachu_Volleyball.srcs/utils_1/imports/synth_1/fp_pikachu_volleyball.dcp with file C:/Users/Shlab_03/Desktop/Digital-Circuit-Lab-Pikachu-Volleyball-main/Digital-Circuit-Lab-Pikachu-Volleyball-main/Pikachu_Volleyball/Pikachu_Volleyball.runs/synth_1/fp_pikachu_volleyball.dcp
launch_runs impl_1 -to_step write_bitstream -jobs 16
[Wed Nov 26 23:43:26 2025] Launched synth_1...
Run output will be captured here: C:/Users/Shlab_03/Desktop/Digital-Circuit-Lab-Pikachu-Volleyball-main/Digital-Circuit-Lab-Pikachu-Volleyball-main/Pikachu_Volleyball/Pikachu_Volleyball.runs/synth_1/runme.log
[Wed Nov 26 23:43:26 2025] Launched impl_1...
Run output will be captured here: C:/Users/Shlab_03/Desktop/Digital-Circuit-Lab-Pikachu-Volleyball-main/Digital-Circuit-Lab-Pikachu-Volleyball-main/Pikachu_Volleyball/Pikachu_Volleyball.runs/impl_1/runme.log
set_property PROBES.FILE {} [get_hw_devices xc7a35t_0]
set_property FULL_PROBES.FILE {} [get_hw_devices xc7a35t_0]
set_property PROGRAM.FILE {C:/Users/Shlab_03/Desktop/Digital-Circuit-Lab-Pikachu-Volleyball-main/Digital-Circuit-Lab-Pikachu-Volleyball-main/Pikachu_Volleyball/Pikachu_Volleyball.runs/impl_1/fp_pikachu_volleyball.bit} [get_hw_devices xc7a35t_0]
program_hw_devices [get_hw_devices xc7a35t_0]
INFO: [Labtools 27-3164] End of startup status: HIGH
refresh_hw_device [lindex [get_hw_devices xc7a35t_0] 0]
INFO: [Labtools 27-1434] Device xc7a35t (JTAG device index = 0) is programmed with a design that has no supported debug core(s) in it.
reset_run synth_1
INFO: [Project 1-1161] Replacing file C:/Users/Shlab_03/Desktop/Digital-Circuit-Lab-Pikachu-Volleyball-main/Digital-Circuit-Lab-Pikachu-Volleyball-main/Pikachu_Volleyball/Pikachu_Volleyball.srcs/utils_1/imports/synth_1/fp_pikachu_volleyball.dcp with file C:/Users/Shlab_03/Desktop/Digital-Circuit-Lab-Pikachu-Volleyball-main/Digital-Circuit-Lab-Pikachu-Volleyball-main/Pikachu_Volleyball/Pikachu_Volleyball.runs/synth_1/fp_pikachu_volleyball.dcp
launch_runs impl_1 -to_step write_bitstream -jobs 16
[Wed Nov 26 23:48:51 2025] Launched synth_1...
Run output will be captured here: C:/Users/Shlab_03/Desktop/Digital-Circuit-Lab-Pikachu-Volleyball-main/Digital-Circuit-Lab-Pikachu-Volleyball-main/Pikachu_Volleyball/Pikachu_Volleyball.runs/synth_1/runme.log
[Wed Nov 26 23:48:51 2025] Launched impl_1...
Run output will be captured here: C:/Users/Shlab_03/Desktop/Digital-Circuit-Lab-Pikachu-Volleyball-main/Digital-Circuit-Lab-Pikachu-Volleyball-main/Pikachu_Volleyball/Pikachu_Volleyball.runs/impl_1/runme.log
reset_run synth_1
WARNING: [Vivado 12-1017] Problems encountered:
1. Failed to delete one or more files in run directory C:/Users/Shlab_03/Desktop/Digital-Circuit-Lab-Pikachu-Volleyball-main/Digital-Circuit-Lab-Pikachu-Volleyball-main/Pikachu_Volleyball/Pikachu_Volleyball.runs/synth_1

launch_runs impl_1 -to_step write_bitstream -jobs 16
[Wed Nov 26 23:49:05 2025] Launched synth_1...
Run output will be captured here: C:/Users/Shlab_03/Desktop/Digital-Circuit-Lab-Pikachu-Volleyball-main/Digital-Circuit-Lab-Pikachu-Volleyball-main/Pikachu_Volleyball/Pikachu_Volleyball.runs/synth_1/runme.log
[Wed Nov 26 23:49:05 2025] Launched impl_1...
Run output will be captured here: C:/Users/Shlab_03/Desktop/Digital-Circuit-Lab-Pikachu-Volleyball-main/Digital-Circuit-Lab-Pikachu-Volleyball-main/Pikachu_Volleyball/Pikachu_Volleyball.runs/impl_1/runme.log
set_property PROBES.FILE {} [get_hw_devices xc7a35t_0]
set_property FULL_PROBES.FILE {} [get_hw_devices xc7a35t_0]
set_property PROGRAM.FILE {C:/Users/Shlab_03/Desktop/Digital-Circuit-Lab-Pikachu-Volleyball-main/Digital-Circuit-Lab-Pikachu-Volleyball-main/Pikachu_Volleyball/Pikachu_Volleyball.runs/impl_1/fp_pikachu_volleyball.bit} [get_hw_devices xc7a35t_0]
program_hw_devices [get_hw_devices xc7a35t_0]
INFO: [Labtools 27-3164] End of startup status: HIGH
refresh_hw_device [lindex [get_hw_devices xc7a35t_0] 0]
INFO: [Labtools 27-1434] Device xc7a35t (JTAG device index = 0) is programmed with a design that has no supported debug core(s) in it.
reset_run synth_1
INFO: [Project 1-1161] Replacing file C:/Users/Shlab_03/Desktop/Digital-Circuit-Lab-Pikachu-Volleyball-main/Digital-Circuit-Lab-Pikachu-Volleyball-main/Pikachu_Volleyball/Pikachu_Volleyball.srcs/utils_1/imports/synth_1/fp_pikachu_volleyball.dcp with file C:/Users/Shlab_03/Desktop/Digital-Circuit-Lab-Pikachu-Volleyball-main/Digital-Circuit-Lab-Pikachu-Volleyball-main/Pikachu_Volleyball/Pikachu_Volleyball.runs/synth_1/fp_pikachu_volleyball.dcp
launch_runs impl_1 -to_step write_bitstream -jobs 16
[Wed Nov 26 23:51:56 2025] Launched synth_1...
Run output will be captured here: C:/Users/Shlab_03/Desktop/Digital-Circuit-Lab-Pikachu-Volleyball-main/Digital-Circuit-Lab-Pikachu-Volleyball-main/Pikachu_Volleyball/Pikachu_Volleyball.runs/synth_1/runme.log
[Wed Nov 26 23:51:56 2025] Launched impl_1...
Run output will be captured here: C:/Users/Shlab_03/Desktop/Digital-Circuit-Lab-Pikachu-Volleyball-main/Digital-Circuit-Lab-Pikachu-Volleyball-main/Pikachu_Volleyball/Pikachu_Volleyball.runs/impl_1/runme.log
set_property PROBES.FILE {} [get_hw_devices xc7a35t_0]
set_property FULL_PROBES.FILE {} [get_hw_devices xc7a35t_0]
set_property PROGRAM.FILE {C:/Users/Shlab_03/Desktop/Digital-Circuit-Lab-Pikachu-Volleyball-main/Digital-Circuit-Lab-Pikachu-Volleyball-main/Pikachu_Volleyball/Pikachu_Volleyball.runs/impl_1/fp_pikachu_volleyball.bit} [get_hw_devices xc7a35t_0]
program_hw_devices [get_hw_devices xc7a35t_0]
INFO: [Labtools 27-3164] End of startup status: HIGH
refresh_hw_device [lindex [get_hw_devices xc7a35t_0] 0]
INFO: [Labtools 27-1434] Device xc7a35t (JTAG device index = 0) is programmed with a design that has no supported debug core(s) in it.
reset_run synth_1
INFO: [Project 1-1161] Replacing file C:/Users/Shlab_03/Desktop/Digital-Circuit-Lab-Pikachu-Volleyball-main/Digital-Circuit-Lab-Pikachu-Volleyball-main/Pikachu_Volleyball/Pikachu_Volleyball.srcs/utils_1/imports/synth_1/fp_pikachu_volleyball.dcp with file C:/Users/Shlab_03/Desktop/Digital-Circuit-Lab-Pikachu-Volleyball-main/Digital-Circuit-Lab-Pikachu-Volleyball-main/Pikachu_Volleyball/Pikachu_Volleyball.runs/synth_1/fp_pikachu_volleyball.dcp
launch_runs impl_1 -to_step write_bitstream -jobs 16
[Wed Nov 26 23:55:20 2025] Launched synth_1...
Run output will be captured here: C:/Users/Shlab_03/Desktop/Digital-Circuit-Lab-Pikachu-Volleyball-main/Digital-Circuit-Lab-Pikachu-Volleyball-main/Pikachu_Volleyball/Pikachu_Volleyball.runs/synth_1/runme.log
[Wed Nov 26 23:55:20 2025] Launched impl_1...
Run output will be captured here: C:/Users/Shlab_03/Desktop/Digital-Circuit-Lab-Pikachu-Volleyball-main/Digital-Circuit-Lab-Pikachu-Volleyball-main/Pikachu_Volleyball/Pikachu_Volleyball.runs/impl_1/runme.log
set_property PROBES.FILE {} [get_hw_devices xc7a35t_0]
set_property FULL_PROBES.FILE {} [get_hw_devices xc7a35t_0]
set_property PROGRAM.FILE {C:/Users/Shlab_03/Desktop/Digital-Circuit-Lab-Pikachu-Volleyball-main/Digital-Circuit-Lab-Pikachu-Volleyball-main/Pikachu_Volleyball/Pikachu_Volleyball.runs/impl_1/fp_pikachu_volleyball.bit} [get_hw_devices xc7a35t_0]
program_hw_devices [get_hw_devices xc7a35t_0]
INFO: [Labtools 27-3164] End of startup status: HIGH
refresh_hw_device [lindex [get_hw_devices xc7a35t_0] 0]
INFO: [Labtools 27-1434] Device xc7a35t (JTAG device index = 0) is programmed with a design that has no supported debug core(s) in it.
reset_run synth_1
INFO: [Project 1-1161] Replacing file C:/Users/Shlab_03/Desktop/Digital-Circuit-Lab-Pikachu-Volleyball-main/Digital-Circuit-Lab-Pikachu-Volleyball-main/Pikachu_Volleyball/Pikachu_Volleyball.srcs/utils_1/imports/synth_1/fp_pikachu_volleyball.dcp with file C:/Users/Shlab_03/Desktop/Digital-Circuit-Lab-Pikachu-Volleyball-main/Digital-Circuit-Lab-Pikachu-Volleyball-main/Pikachu_Volleyball/Pikachu_Volleyball.runs/synth_1/fp_pikachu_volleyball.dcp
launch_runs impl_1 -to_step write_bitstream -jobs 16
[Wed Nov 26 23:58:24 2025] Launched synth_1...
Run output will be captured here: C:/Users/Shlab_03/Desktop/Digital-Circuit-Lab-Pikachu-Volleyball-main/Digital-Circuit-Lab-Pikachu-Volleyball-main/Pikachu_Volleyball/Pikachu_Volleyball.runs/synth_1/runme.log
[Wed Nov 26 23:58:24 2025] Launched impl_1...
Run output will be captured here: C:/Users/Shlab_03/Desktop/Digital-Circuit-Lab-Pikachu-Volleyball-main/Digital-Circuit-Lab-Pikachu-Volleyball-main/Pikachu_Volleyball/Pikachu_Volleyball.runs/impl_1/runme.log
set_property PROBES.FILE {} [get_hw_devices xc7a35t_0]
set_property FULL_PROBES.FILE {} [get_hw_devices xc7a35t_0]
set_property PROGRAM.FILE {C:/Users/Shlab_03/Desktop/Digital-Circuit-Lab-Pikachu-Volleyball-main/Digital-Circuit-Lab-Pikachu-Volleyball-main/Pikachu_Volleyball/Pikachu_Volleyball.runs/impl_1/fp_pikachu_volleyball.bit} [get_hw_devices xc7a35t_0]
program_hw_devices [get_hw_devices xc7a35t_0]
INFO: [Labtools 27-3164] End of startup status: HIGH
refresh_hw_device [lindex [get_hw_devices xc7a35t_0] 0]
INFO: [Labtools 27-1434] Device xc7a35t (JTAG device index = 0) is programmed with a design that has no supported debug core(s) in it.
set_property PROBES.FILE {} [get_hw_devices xc7a35t_0]
set_property FULL_PROBES.FILE {} [get_hw_devices xc7a35t_0]
set_property PROGRAM.FILE {C:/Users/Shlab_03/Desktop/Digital-Circuit-Lab-Pikachu-Volleyball-main/Digital-Circuit-Lab-Pikachu-Volleyball-main/Pikachu_Volleyball/Pikachu_Volleyball.runs/impl_1/fp_pikachu_volleyball.bit} [get_hw_devices xc7a35t_0]
program_hw_devices [get_hw_devices xc7a35t_0]
INFO: [Labtools 27-3164] End of startup status: HIGH
refresh_hw_device [lindex [get_hw_devices xc7a35t_0] 0]
INFO: [Labtools 27-1434] Device xc7a35t (JTAG device index = 0) is programmed with a design that has no supported debug core(s) in it.
reset_run synth_1
INFO: [Project 1-1161] Replacing file C:/Users/Shlab_03/Desktop/Digital-Circuit-Lab-Pikachu-Volleyball-main/Digital-Circuit-Lab-Pikachu-Volleyball-main/Pikachu_Volleyball/Pikachu_Volleyball.srcs/utils_1/imports/synth_1/fp_pikachu_volleyball.dcp with file C:/Users/Shlab_03/Desktop/Digital-Circuit-Lab-Pikachu-Volleyball-main/Digital-Circuit-Lab-Pikachu-Volleyball-main/Pikachu_Volleyball/Pikachu_Volleyball.runs/synth_1/fp_pikachu_volleyball.dcp
launch_runs impl_1 -to_step write_bitstream -jobs 16
[Thu Nov 27 00:01:30 2025] Launched synth_1...
Run output will be captured here: C:/Users/Shlab_03/Desktop/Digital-Circuit-Lab-Pikachu-Volleyball-main/Digital-Circuit-Lab-Pikachu-Volleyball-main/Pikachu_Volleyball/Pikachu_Volleyball.runs/synth_1/runme.log
[Thu Nov 27 00:01:30 2025] Launched impl_1...
Run output will be captured here: C:/Users/Shlab_03/Desktop/Digital-Circuit-Lab-Pikachu-Volleyball-main/Digital-Circuit-Lab-Pikachu-Volleyball-main/Pikachu_Volleyball/Pikachu_Volleyball.runs/impl_1/runme.log
set_property PROBES.FILE {} [get_hw_devices xc7a35t_0]
set_property FULL_PROBES.FILE {} [get_hw_devices xc7a35t_0]
set_property PROGRAM.FILE {C:/Users/Shlab_03/Desktop/Digital-Circuit-Lab-Pikachu-Volleyball-main/Digital-Circuit-Lab-Pikachu-Volleyball-main/Pikachu_Volleyball/Pikachu_Volleyball.runs/impl_1/fp_pikachu_volleyball.bit} [get_hw_devices xc7a35t_0]
program_hw_devices [get_hw_devices xc7a35t_0]
INFO: [Labtools 27-3164] End of startup status: HIGH
refresh_hw_device [lindex [get_hw_devices xc7a35t_0] 0]
INFO: [Labtools 27-1434] Device xc7a35t (JTAG device index = 0) is programmed with a design that has no supported debug core(s) in it.
set_property PROBES.FILE {} [get_hw_devices xc7a35t_0]
set_property FULL_PROBES.FILE {} [get_hw_devices xc7a35t_0]
set_property PROGRAM.FILE {C:/Users/Shlab_03/Desktop/Digital-Circuit-Lab-Pikachu-Volleyball-main/Digital-Circuit-Lab-Pikachu-Volleyball-main/Pikachu_Volleyball/Pikachu_Volleyball.runs/impl_1/fp_pikachu_volleyball.bit} [get_hw_devices xc7a35t_0]
program_hw_devices [get_hw_devices xc7a35t_0]
INFO: [Labtools 27-3164] End of startup status: HIGH
refresh_hw_device [lindex [get_hw_devices xc7a35t_0] 0]
INFO: [Labtools 27-1434] Device xc7a35t (JTAG device index = 0) is programmed with a design that has no supported debug core(s) in it.
reset_run synth_1
INFO: [Project 1-1161] Replacing file C:/Users/Shlab_03/Desktop/Digital-Circuit-Lab-Pikachu-Volleyball-main/Digital-Circuit-Lab-Pikachu-Volleyball-main/Pikachu_Volleyball/Pikachu_Volleyball.srcs/utils_1/imports/synth_1/fp_pikachu_volleyball.dcp with file C:/Users/Shlab_03/Desktop/Digital-Circuit-Lab-Pikachu-Volleyball-main/Digital-Circuit-Lab-Pikachu-Volleyball-main/Pikachu_Volleyball/Pikachu_Volleyball.runs/synth_1/fp_pikachu_volleyball.dcp
launch_runs impl_1 -to_step write_bitstream -jobs 16
[Thu Nov 27 00:06:21 2025] Launched synth_1...
Run output will be captured here: C:/Users/Shlab_03/Desktop/Digital-Circuit-Lab-Pikachu-Volleyball-main/Digital-Circuit-Lab-Pikachu-Volleyball-main/Pikachu_Volleyball/Pikachu_Volleyball.runs/synth_1/runme.log
[Thu Nov 27 00:06:21 2025] Launched impl_1...
Run output will be captured here: C:/Users/Shlab_03/Desktop/Digital-Circuit-Lab-Pikachu-Volleyball-main/Digital-Circuit-Lab-Pikachu-Volleyball-main/Pikachu_Volleyball/Pikachu_Volleyball.runs/impl_1/runme.log
set_property PROBES.FILE {} [get_hw_devices xc7a35t_0]
set_property FULL_PROBES.FILE {} [get_hw_devices xc7a35t_0]
set_property PROGRAM.FILE {C:/Users/Shlab_03/Desktop/Digital-Circuit-Lab-Pikachu-Volleyball-main/Digital-Circuit-Lab-Pikachu-Volleyball-main/Pikachu_Volleyball/Pikachu_Volleyball.runs/impl_1/fp_pikachu_volleyball.bit} [get_hw_devices xc7a35t_0]
program_hw_devices [get_hw_devices xc7a35t_0]
INFO: [Labtools 27-3164] End of startup status: HIGH
refresh_hw_device [lindex [get_hw_devices xc7a35t_0] 0]
INFO: [Labtools 27-1434] Device xc7a35t (JTAG device index = 0) is programmed with a design that has no supported debug core(s) in it.
set_property PROBES.FILE {} [get_hw_devices xc7a35t_0]
set_property FULL_PROBES.FILE {} [get_hw_devices xc7a35t_0]
set_property PROGRAM.FILE {C:/Users/Shlab_03/Desktop/Digital-Circuit-Lab-Pikachu-Volleyball-main/Digital-Circuit-Lab-Pikachu-Volleyball-main/Pikachu_Volleyball/Pikachu_Volleyball.runs/impl_1/fp_pikachu_volleyball.bit} [get_hw_devices xc7a35t_0]
program_hw_devices [get_hw_devices xc7a35t_0]
INFO: [Labtools 27-3164] End of startup status: HIGH
refresh_hw_device [lindex [get_hw_devices xc7a35t_0] 0]
INFO: [Labtools 27-1434] Device xc7a35t (JTAG device index = 0) is programmed with a design that has no supported debug core(s) in it.
reset_run synth_1
INFO: [Project 1-1161] Replacing file C:/Users/Shlab_03/Desktop/Digital-Circuit-Lab-Pikachu-Volleyball-main/Digital-Circuit-Lab-Pikachu-Volleyball-main/Pikachu_Volleyball/Pikachu_Volleyball.srcs/utils_1/imports/synth_1/fp_pikachu_volleyball.dcp with file C:/Users/Shlab_03/Desktop/Digital-Circuit-Lab-Pikachu-Volleyball-main/Digital-Circuit-Lab-Pikachu-Volleyball-main/Pikachu_Volleyball/Pikachu_Volleyball.runs/synth_1/fp_pikachu_volleyball.dcp
launch_runs impl_1 -to_step write_bitstream -jobs 16
[Thu Nov 27 00:10:44 2025] Launched synth_1...
Run output will be captured here: C:/Users/Shlab_03/Desktop/Digital-Circuit-Lab-Pikachu-Volleyball-main/Digital-Circuit-Lab-Pikachu-Volleyball-main/Pikachu_Volleyball/Pikachu_Volleyball.runs/synth_1/runme.log
[Thu Nov 27 00:10:44 2025] Launched impl_1...
Run output will be captured here: C:/Users/Shlab_03/Desktop/Digital-Circuit-Lab-Pikachu-Volleyball-main/Digital-Circuit-Lab-Pikachu-Volleyball-main/Pikachu_Volleyball/Pikachu_Volleyball.runs/impl_1/runme.log
set_property PROBES.FILE {} [get_hw_devices xc7a35t_0]
set_property FULL_PROBES.FILE {} [get_hw_devices xc7a35t_0]
set_property PROGRAM.FILE {C:/Users/Shlab_03/Desktop/Digital-Circuit-Lab-Pikachu-Volleyball-main/Digital-Circuit-Lab-Pikachu-Volleyball-main/Pikachu_Volleyball/Pikachu_Volleyball.runs/impl_1/fp_pikachu_volleyball.bit} [get_hw_devices xc7a35t_0]
program_hw_devices [get_hw_devices xc7a35t_0]
INFO: [Labtools 27-3164] End of startup status: HIGH
refresh_hw_device [lindex [get_hw_devices xc7a35t_0] 0]
INFO: [Labtools 27-1434] Device xc7a35t (JTAG device index = 0) is programmed with a design that has no supported debug core(s) in it.
reset_run synth_1
INFO: [Project 1-1161] Replacing file C:/Users/Shlab_03/Desktop/Digital-Circuit-Lab-Pikachu-Volleyball-main/Digital-Circuit-Lab-Pikachu-Volleyball-main/Pikachu_Volleyball/Pikachu_Volleyball.srcs/utils_1/imports/synth_1/fp_pikachu_volleyball.dcp with file C:/Users/Shlab_03/Desktop/Digital-Circuit-Lab-Pikachu-Volleyball-main/Digital-Circuit-Lab-Pikachu-Volleyball-main/Pikachu_Volleyball/Pikachu_Volleyball.runs/synth_1/fp_pikachu_volleyball.dcp
launch_runs impl_1 -to_step write_bitstream -jobs 16
[Thu Nov 27 00:13:36 2025] Launched synth_1...
Run output will be captured here: C:/Users/Shlab_03/Desktop/Digital-Circuit-Lab-Pikachu-Volleyball-main/Digital-Circuit-Lab-Pikachu-Volleyball-main/Pikachu_Volleyball/Pikachu_Volleyball.runs/synth_1/runme.log
[Thu Nov 27 00:13:36 2025] Launched impl_1...
Run output will be captured here: C:/Users/Shlab_03/Desktop/Digital-Circuit-Lab-Pikachu-Volleyball-main/Digital-Circuit-Lab-Pikachu-Volleyball-main/Pikachu_Volleyball/Pikachu_Volleyball.runs/impl_1/runme.log
set_property PROBES.FILE {} [get_hw_devices xc7a35t_0]
set_property FULL_PROBES.FILE {} [get_hw_devices xc7a35t_0]
set_property PROGRAM.FILE {C:/Users/Shlab_03/Desktop/Digital-Circuit-Lab-Pikachu-Volleyball-main/Digital-Circuit-Lab-Pikachu-Volleyball-main/Pikachu_Volleyball/Pikachu_Volleyball.runs/impl_1/fp_pikachu_volleyball.bit} [get_hw_devices xc7a35t_0]
program_hw_devices [get_hw_devices xc7a35t_0]
INFO: [Labtools 27-3164] End of startup status: HIGH
refresh_hw_device [lindex [get_hw_devices xc7a35t_0] 0]
INFO: [Labtools 27-1434] Device xc7a35t (JTAG device index = 0) is programmed with a design that has no supported debug core(s) in it.
set_property PROBES.FILE {} [get_hw_devices xc7a35t_0]
set_property FULL_PROBES.FILE {} [get_hw_devices xc7a35t_0]
set_property PROGRAM.FILE {C:/Users/Shlab_03/Desktop/Digital-Circuit-Lab-Pikachu-Volleyball-main/Digital-Circuit-Lab-Pikachu-Volleyball-main/Pikachu_Volleyball/Pikachu_Volleyball.runs/impl_1/fp_pikachu_volleyball.bit} [get_hw_devices xc7a35t_0]
program_hw_devices [get_hw_devices xc7a35t_0]
INFO: [Labtools 27-3164] End of startup status: HIGH
refresh_hw_device [lindex [get_hw_devices xc7a35t_0] 0]
INFO: [Labtools 27-1434] Device xc7a35t (JTAG device index = 0) is programmed with a design that has no supported debug core(s) in it.
reset_run synth_1
INFO: [Project 1-1161] Replacing file C:/Users/Shlab_03/Desktop/Digital-Circuit-Lab-Pikachu-Volleyball-main/Digital-Circuit-Lab-Pikachu-Volleyball-main/Pikachu_Volleyball/Pikachu_Volleyball.srcs/utils_1/imports/synth_1/fp_pikachu_volleyball.dcp with file C:/Users/Shlab_03/Desktop/Digital-Circuit-Lab-Pikachu-Volleyball-main/Digital-Circuit-Lab-Pikachu-Volleyball-main/Pikachu_Volleyball/Pikachu_Volleyball.runs/synth_1/fp_pikachu_volleyball.dcp
launch_runs impl_1 -to_step write_bitstream -jobs 16
[Thu Nov 27 00:18:35 2025] Launched synth_1...
Run output will be captured here: C:/Users/Shlab_03/Desktop/Digital-Circuit-Lab-Pikachu-Volleyball-main/Digital-Circuit-Lab-Pikachu-Volleyball-main/Pikachu_Volleyball/Pikachu_Volleyball.runs/synth_1/runme.log
[Thu Nov 27 00:18:35 2025] Launched impl_1...
Run output will be captured here: C:/Users/Shlab_03/Desktop/Digital-Circuit-Lab-Pikachu-Volleyball-main/Digital-Circuit-Lab-Pikachu-Volleyball-main/Pikachu_Volleyball/Pikachu_Volleyball.runs/impl_1/runme.log
set_property PROBES.FILE {} [get_hw_devices xc7a35t_0]
set_property FULL_PROBES.FILE {} [get_hw_devices xc7a35t_0]
set_property PROGRAM.FILE {C:/Users/Shlab_03/Desktop/Digital-Circuit-Lab-Pikachu-Volleyball-main/Digital-Circuit-Lab-Pikachu-Volleyball-main/Pikachu_Volleyball/Pikachu_Volleyball.runs/impl_1/fp_pikachu_volleyball.bit} [get_hw_devices xc7a35t_0]
program_hw_devices [get_hw_devices xc7a35t_0]
INFO: [Labtools 27-3164] End of startup status: HIGH
refresh_hw_device [lindex [get_hw_devices xc7a35t_0] 0]
INFO: [Labtools 27-1434] Device xc7a35t (JTAG device index = 0) is programmed with a design that has no supported debug core(s) in it.
reset_run synth_1
INFO: [Project 1-1161] Replacing file C:/Users/Shlab_03/Desktop/Digital-Circuit-Lab-Pikachu-Volleyball-main/Digital-Circuit-Lab-Pikachu-Volleyball-main/Pikachu_Volleyball/Pikachu_Volleyball.srcs/utils_1/imports/synth_1/fp_pikachu_volleyball.dcp with file C:/Users/Shlab_03/Desktop/Digital-Circuit-Lab-Pikachu-Volleyball-main/Digital-Circuit-Lab-Pikachu-Volleyball-main/Pikachu_Volleyball/Pikachu_Volleyball.runs/synth_1/fp_pikachu_volleyball.dcp
launch_runs impl_1 -to_step write_bitstream -jobs 16
[Thu Nov 27 00:21:11 2025] Launched synth_1...
Run output will be captured here: C:/Users/Shlab_03/Desktop/Digital-Circuit-Lab-Pikachu-Volleyball-main/Digital-Circuit-Lab-Pikachu-Volleyball-main/Pikachu_Volleyball/Pikachu_Volleyball.runs/synth_1/runme.log
[Thu Nov 27 00:21:11 2025] Launched impl_1...
Run output will be captured here: C:/Users/Shlab_03/Desktop/Digital-Circuit-Lab-Pikachu-Volleyball-main/Digital-Circuit-Lab-Pikachu-Volleyball-main/Pikachu_Volleyball/Pikachu_Volleyball.runs/impl_1/runme.log
set_property PROBES.FILE {} [get_hw_devices xc7a35t_0]
set_property FULL_PROBES.FILE {} [get_hw_devices xc7a35t_0]
set_property PROGRAM.FILE {C:/Users/Shlab_03/Desktop/Digital-Circuit-Lab-Pikachu-Volleyball-main/Digital-Circuit-Lab-Pikachu-Volleyball-main/Pikachu_Volleyball/Pikachu_Volleyball.runs/impl_1/fp_pikachu_volleyball.bit} [get_hw_devices xc7a35t_0]
program_hw_devices [get_hw_devices xc7a35t_0]
INFO: [Labtools 27-3164] End of startup status: HIGH
refresh_hw_device [lindex [get_hw_devices xc7a35t_0] 0]
INFO: [Labtools 27-1434] Device xc7a35t (JTAG device index = 0) is programmed with a design that has no supported debug core(s) in it.
reset_run synth_1
INFO: [Project 1-1161] Replacing file C:/Users/Shlab_03/Desktop/Digital-Circuit-Lab-Pikachu-Volleyball-main/Digital-Circuit-Lab-Pikachu-Volleyball-main/Pikachu_Volleyball/Pikachu_Volleyball.srcs/utils_1/imports/synth_1/fp_pikachu_volleyball.dcp with file C:/Users/Shlab_03/Desktop/Digital-Circuit-Lab-Pikachu-Volleyball-main/Digital-Circuit-Lab-Pikachu-Volleyball-main/Pikachu_Volleyball/Pikachu_Volleyball.runs/synth_1/fp_pikachu_volleyball.dcp
launch_runs impl_1 -to_step write_bitstream -jobs 16
[Thu Nov 27 00:24:39 2025] Launched synth_1...
Run output will be captured here: C:/Users/Shlab_03/Desktop/Digital-Circuit-Lab-Pikachu-Volleyball-main/Digital-Circuit-Lab-Pikachu-Volleyball-main/Pikachu_Volleyball/Pikachu_Volleyball.runs/synth_1/runme.log
[Thu Nov 27 00:24:39 2025] Launched impl_1...
Run output will be captured here: C:/Users/Shlab_03/Desktop/Digital-Circuit-Lab-Pikachu-Volleyball-main/Digital-Circuit-Lab-Pikachu-Volleyball-main/Pikachu_Volleyball/Pikachu_Volleyball.runs/impl_1/runme.log
set_property PROBES.FILE {} [get_hw_devices xc7a35t_0]
set_property FULL_PROBES.FILE {} [get_hw_devices xc7a35t_0]
set_property PROGRAM.FILE {C:/Users/Shlab_03/Desktop/Digital-Circuit-Lab-Pikachu-Volleyball-main/Digital-Circuit-Lab-Pikachu-Volleyball-main/Pikachu_Volleyball/Pikachu_Volleyball.runs/impl_1/fp_pikachu_volleyball.bit} [get_hw_devices xc7a35t_0]
program_hw_devices [get_hw_devices xc7a35t_0]
INFO: [Labtools 27-3164] End of startup status: HIGH
refresh_hw_device [lindex [get_hw_devices xc7a35t_0] 0]
INFO: [Labtools 27-1434] Device xc7a35t (JTAG device index = 0) is programmed with a design that has no supported debug core(s) in it.
reset_run synth_1
INFO: [Project 1-1161] Replacing file C:/Users/Shlab_03/Desktop/Digital-Circuit-Lab-Pikachu-Volleyball-main/Digital-Circuit-Lab-Pikachu-Volleyball-main/Pikachu_Volleyball/Pikachu_Volleyball.srcs/utils_1/imports/synth_1/fp_pikachu_volleyball.dcp with file C:/Users/Shlab_03/Desktop/Digital-Circuit-Lab-Pikachu-Volleyball-main/Digital-Circuit-Lab-Pikachu-Volleyball-main/Pikachu_Volleyball/Pikachu_Volleyball.runs/synth_1/fp_pikachu_volleyball.dcp
launch_runs impl_1 -to_step write_bitstream -jobs 16
[Thu Nov 27 00:29:17 2025] Launched synth_1...
Run output will be captured here: C:/Users/Shlab_03/Desktop/Digital-Circuit-Lab-Pikachu-Volleyball-main/Digital-Circuit-Lab-Pikachu-Volleyball-main/Pikachu_Volleyball/Pikachu_Volleyball.runs/synth_1/runme.log
[Thu Nov 27 00:29:17 2025] Launched impl_1...
Run output will be captured here: C:/Users/Shlab_03/Desktop/Digital-Circuit-Lab-Pikachu-Volleyball-main/Digital-Circuit-Lab-Pikachu-Volleyball-main/Pikachu_Volleyball/Pikachu_Volleyball.runs/impl_1/runme.log
reset_run synth_1
WARNING: [Vivado 12-1017] Problems encountered:
1. Failed to delete one or more files in run directory C:/Users/Shlab_03/Desktop/Digital-Circuit-Lab-Pikachu-Volleyball-main/Digital-Circuit-Lab-Pikachu-Volleyball-main/Pikachu_Volleyball/Pikachu_Volleyball.runs/synth_1

launch_runs impl_1 -to_step write_bitstream -jobs 16
[Thu Nov 27 00:30:41 2025] Launched synth_1...
Run output will be captured here: C:/Users/Shlab_03/Desktop/Digital-Circuit-Lab-Pikachu-Volleyball-main/Digital-Circuit-Lab-Pikachu-Volleyball-main/Pikachu_Volleyball/Pikachu_Volleyball.runs/synth_1/runme.log
[Thu Nov 27 00:30:41 2025] Launched impl_1...
Run output will be captured here: C:/Users/Shlab_03/Desktop/Digital-Circuit-Lab-Pikachu-Volleyball-main/Digital-Circuit-Lab-Pikachu-Volleyball-main/Pikachu_Volleyball/Pikachu_Volleyball.runs/impl_1/runme.log
set_property PROBES.FILE {} [get_hw_devices xc7a35t_0]
set_property FULL_PROBES.FILE {} [get_hw_devices xc7a35t_0]
set_property PROGRAM.FILE {C:/Users/Shlab_03/Desktop/Digital-Circuit-Lab-Pikachu-Volleyball-main/Digital-Circuit-Lab-Pikachu-Volleyball-main/Pikachu_Volleyball/Pikachu_Volleyball.runs/impl_1/fp_pikachu_volleyball.bit} [get_hw_devices xc7a35t_0]
program_hw_devices [get_hw_devices xc7a35t_0]
INFO: [Labtools 27-3164] End of startup status: HIGH
refresh_hw_device [lindex [get_hw_devices xc7a35t_0] 0]
INFO: [Labtools 27-1434] Device xc7a35t (JTAG device index = 0) is programmed with a design that has no supported debug core(s) in it.
reset_run synth_1
INFO: [Project 1-1161] Replacing file C:/Users/Shlab_03/Desktop/Digital-Circuit-Lab-Pikachu-Volleyball-main/Digital-Circuit-Lab-Pikachu-Volleyball-main/Pikachu_Volleyball/Pikachu_Volleyball.srcs/utils_1/imports/synth_1/fp_pikachu_volleyball.dcp with file C:/Users/Shlab_03/Desktop/Digital-Circuit-Lab-Pikachu-Volleyball-main/Digital-Circuit-Lab-Pikachu-Volleyball-main/Pikachu_Volleyball/Pikachu_Volleyball.runs/synth_1/fp_pikachu_volleyball.dcp
launch_runs impl_1 -to_step write_bitstream -jobs 16
[Thu Nov 27 00:34:16 2025] Launched synth_1...
Run output will be captured here: C:/Users/Shlab_03/Desktop/Digital-Circuit-Lab-Pikachu-Volleyball-main/Digital-Circuit-Lab-Pikachu-Volleyball-main/Pikachu_Volleyball/Pikachu_Volleyball.runs/synth_1/runme.log
[Thu Nov 27 00:34:16 2025] Launched impl_1...
Run output will be captured here: C:/Users/Shlab_03/Desktop/Digital-Circuit-Lab-Pikachu-Volleyball-main/Digital-Circuit-Lab-Pikachu-Volleyball-main/Pikachu_Volleyball/Pikachu_Volleyball.runs/impl_1/runme.log
set_property PROBES.FILE {} [get_hw_devices xc7a35t_0]
set_property FULL_PROBES.FILE {} [get_hw_devices xc7a35t_0]
set_property PROGRAM.FILE {C:/Users/Shlab_03/Desktop/Digital-Circuit-Lab-Pikachu-Volleyball-main/Digital-Circuit-Lab-Pikachu-Volleyball-main/Pikachu_Volleyball/Pikachu_Volleyball.runs/impl_1/fp_pikachu_volleyball.bit} [get_hw_devices xc7a35t_0]
program_hw_devices [get_hw_devices xc7a35t_0]
INFO: [Labtools 27-3164] End of startup status: HIGH
refresh_hw_device [lindex [get_hw_devices xc7a35t_0] 0]
INFO: [Labtools 27-1434] Device xc7a35t (JTAG device index = 0) is programmed with a design that has no supported debug core(s) in it.
reset_run synth_1
INFO: [Project 1-1161] Replacing file C:/Users/Shlab_03/Desktop/Digital-Circuit-Lab-Pikachu-Volleyball-main/Digital-Circuit-Lab-Pikachu-Volleyball-main/Pikachu_Volleyball/Pikachu_Volleyball.srcs/utils_1/imports/synth_1/fp_pikachu_volleyball.dcp with file C:/Users/Shlab_03/Desktop/Digital-Circuit-Lab-Pikachu-Volleyball-main/Digital-Circuit-Lab-Pikachu-Volleyball-main/Pikachu_Volleyball/Pikachu_Volleyball.runs/synth_1/fp_pikachu_volleyball.dcp
launch_runs impl_1 -to_step write_bitstream -jobs 16
[Thu Nov 27 00:37:21 2025] Launched synth_1...
Run output will be captured here: C:/Users/Shlab_03/Desktop/Digital-Circuit-Lab-Pikachu-Volleyball-main/Digital-Circuit-Lab-Pikachu-Volleyball-main/Pikachu_Volleyball/Pikachu_Volleyball.runs/synth_1/runme.log
[Thu Nov 27 00:37:21 2025] Launched impl_1...
Run output will be captured here: C:/Users/Shlab_03/Desktop/Digital-Circuit-Lab-Pikachu-Volleyball-main/Digital-Circuit-Lab-Pikachu-Volleyball-main/Pikachu_Volleyball/Pikachu_Volleyball.runs/impl_1/runme.log
set_property PROBES.FILE {} [get_hw_devices xc7a35t_0]
set_property FULL_PROBES.FILE {} [get_hw_devices xc7a35t_0]
set_property PROGRAM.FILE {C:/Users/Shlab_03/Desktop/Digital-Circuit-Lab-Pikachu-Volleyball-main/Digital-Circuit-Lab-Pikachu-Volleyball-main/Pikachu_Volleyball/Pikachu_Volleyball.runs/impl_1/fp_pikachu_volleyball.bit} [get_hw_devices xc7a35t_0]
program_hw_devices [get_hw_devices xc7a35t_0]
INFO: [Labtools 27-3164] End of startup status: HIGH
refresh_hw_device [lindex [get_hw_devices xc7a35t_0] 0]
INFO: [Labtools 27-1434] Device xc7a35t (JTAG device index = 0) is programmed with a design that has no supported debug core(s) in it.
reset_run synth_1
INFO: [Project 1-1161] Replacing file C:/Users/Shlab_03/Desktop/Digital-Circuit-Lab-Pikachu-Volleyball-main/Digital-Circuit-Lab-Pikachu-Volleyball-main/Pikachu_Volleyball/Pikachu_Volleyball.srcs/utils_1/imports/synth_1/fp_pikachu_volleyball.dcp with file C:/Users/Shlab_03/Desktop/Digital-Circuit-Lab-Pikachu-Volleyball-main/Digital-Circuit-Lab-Pikachu-Volleyball-main/Pikachu_Volleyball/Pikachu_Volleyball.runs/synth_1/fp_pikachu_volleyball.dcp
launch_runs impl_1 -to_step write_bitstream -jobs 16
[Thu Nov 27 00:40:27 2025] Launched synth_1...
Run output will be captured here: C:/Users/Shlab_03/Desktop/Digital-Circuit-Lab-Pikachu-Volleyball-main/Digital-Circuit-Lab-Pikachu-Volleyball-main/Pikachu_Volleyball/Pikachu_Volleyball.runs/synth_1/runme.log
[Thu Nov 27 00:40:27 2025] Launched impl_1...
Run output will be captured here: C:/Users/Shlab_03/Desktop/Digital-Circuit-Lab-Pikachu-Volleyball-main/Digital-Circuit-Lab-Pikachu-Volleyball-main/Pikachu_Volleyball/Pikachu_Volleyball.runs/impl_1/runme.log
set_property PROBES.FILE {} [get_hw_devices xc7a35t_0]
set_property FULL_PROBES.FILE {} [get_hw_devices xc7a35t_0]
set_property PROGRAM.FILE {C:/Users/Shlab_03/Desktop/Digital-Circuit-Lab-Pikachu-Volleyball-main/Digital-Circuit-Lab-Pikachu-Volleyball-main/Pikachu_Volleyball/Pikachu_Volleyball.runs/impl_1/fp_pikachu_volleyball.bit} [get_hw_devices xc7a35t_0]
program_hw_devices [get_hw_devices xc7a35t_0]
INFO: [Labtools 27-3164] End of startup status: HIGH
refresh_hw_device [lindex [get_hw_devices xc7a35t_0] 0]
INFO: [Labtools 27-1434] Device xc7a35t (JTAG device index = 0) is programmed with a design that has no supported debug core(s) in it.
reset_run synth_1
INFO: [Project 1-1161] Replacing file C:/Users/Shlab_03/Desktop/Digital-Circuit-Lab-Pikachu-Volleyball-main/Digital-Circuit-Lab-Pikachu-Volleyball-main/Pikachu_Volleyball/Pikachu_Volleyball.srcs/utils_1/imports/synth_1/fp_pikachu_volleyball.dcp with file C:/Users/Shlab_03/Desktop/Digital-Circuit-Lab-Pikachu-Volleyball-main/Digital-Circuit-Lab-Pikachu-Volleyball-main/Pikachu_Volleyball/Pikachu_Volleyball.runs/synth_1/fp_pikachu_volleyball.dcp
launch_runs impl_1 -to_step write_bitstream -jobs 16
[Thu Nov 27 00:45:09 2025] Launched synth_1...
Run output will be captured here: C:/Users/Shlab_03/Desktop/Digital-Circuit-Lab-Pikachu-Volleyball-main/Digital-Circuit-Lab-Pikachu-Volleyball-main/Pikachu_Volleyball/Pikachu_Volleyball.runs/synth_1/runme.log
[Thu Nov 27 00:45:09 2025] Launched impl_1...
Run output will be captured here: C:/Users/Shlab_03/Desktop/Digital-Circuit-Lab-Pikachu-Volleyball-main/Digital-Circuit-Lab-Pikachu-Volleyball-main/Pikachu_Volleyball/Pikachu_Volleyball.runs/impl_1/runme.log
set_property PROBES.FILE {} [get_hw_devices xc7a35t_0]
set_property FULL_PROBES.FILE {} [get_hw_devices xc7a35t_0]
set_property PROGRAM.FILE {C:/Users/Shlab_03/Desktop/Digital-Circuit-Lab-Pikachu-Volleyball-main/Digital-Circuit-Lab-Pikachu-Volleyball-main/Pikachu_Volleyball/Pikachu_Volleyball.runs/impl_1/fp_pikachu_volleyball.bit} [get_hw_devices xc7a35t_0]
program_hw_devices [get_hw_devices xc7a35t_0]
INFO: [Labtools 27-3164] End of startup status: HIGH
refresh_hw_device [lindex [get_hw_devices xc7a35t_0] 0]
INFO: [Labtools 27-1434] Device xc7a35t (JTAG device index = 0) is programmed with a design that has no supported debug core(s) in it.
reset_run synth_1
INFO: [Project 1-1161] Replacing file C:/Users/Shlab_03/Desktop/Digital-Circuit-Lab-Pikachu-Volleyball-main/Digital-Circuit-Lab-Pikachu-Volleyball-main/Pikachu_Volleyball/Pikachu_Volleyball.srcs/utils_1/imports/synth_1/fp_pikachu_volleyball.dcp with file C:/Users/Shlab_03/Desktop/Digital-Circuit-Lab-Pikachu-Volleyball-main/Digital-Circuit-Lab-Pikachu-Volleyball-main/Pikachu_Volleyball/Pikachu_Volleyball.runs/synth_1/fp_pikachu_volleyball.dcp
launch_runs impl_1 -to_step write_bitstream -jobs 16
[Thu Nov 27 00:49:20 2025] Launched synth_1...
Run output will be captured here: C:/Users/Shlab_03/Desktop/Digital-Circuit-Lab-Pikachu-Volleyball-main/Digital-Circuit-Lab-Pikachu-Volleyball-main/Pikachu_Volleyball/Pikachu_Volleyball.runs/synth_1/runme.log
[Thu Nov 27 00:49:20 2025] Launched impl_1...
Run output will be captured here: C:/Users/Shlab_03/Desktop/Digital-Circuit-Lab-Pikachu-Volleyball-main/Digital-Circuit-Lab-Pikachu-Volleyball-main/Pikachu_Volleyball/Pikachu_Volleyball.runs/impl_1/runme.log
set_property PROBES.FILE {} [get_hw_devices xc7a35t_0]
set_property FULL_PROBES.FILE {} [get_hw_devices xc7a35t_0]
set_property PROGRAM.FILE {C:/Users/Shlab_03/Desktop/Digital-Circuit-Lab-Pikachu-Volleyball-main/Digital-Circuit-Lab-Pikachu-Volleyball-main/Pikachu_Volleyball/Pikachu_Volleyball.runs/impl_1/fp_pikachu_volleyball.bit} [get_hw_devices xc7a35t_0]
program_hw_devices [get_hw_devices xc7a35t_0]
INFO: [Labtools 27-3164] End of startup status: HIGH
refresh_hw_device [lindex [get_hw_devices xc7a35t_0] 0]
INFO: [Labtools 27-1434] Device xc7a35t (JTAG device index = 0) is programmed with a design that has no supported debug core(s) in it.
reset_run synth_1
INFO: [Project 1-1161] Replacing file C:/Users/Shlab_03/Desktop/Digital-Circuit-Lab-Pikachu-Volleyball-main/Digital-Circuit-Lab-Pikachu-Volleyball-main/Pikachu_Volleyball/Pikachu_Volleyball.srcs/utils_1/imports/synth_1/fp_pikachu_volleyball.dcp with file C:/Users/Shlab_03/Desktop/Digital-Circuit-Lab-Pikachu-Volleyball-main/Digital-Circuit-Lab-Pikachu-Volleyball-main/Pikachu_Volleyball/Pikachu_Volleyball.runs/synth_1/fp_pikachu_volleyball.dcp
launch_runs impl_1 -to_step write_bitstream -jobs 16
[Thu Nov 27 00:52:49 2025] Launched synth_1...
Run output will be captured here: C:/Users/Shlab_03/Desktop/Digital-Circuit-Lab-Pikachu-Volleyball-main/Digital-Circuit-Lab-Pikachu-Volleyball-main/Pikachu_Volleyball/Pikachu_Volleyball.runs/synth_1/runme.log
[Thu Nov 27 00:52:49 2025] Launched impl_1...
Run output will be captured here: C:/Users/Shlab_03/Desktop/Digital-Circuit-Lab-Pikachu-Volleyball-main/Digital-Circuit-Lab-Pikachu-Volleyball-main/Pikachu_Volleyball/Pikachu_Volleyball.runs/impl_1/runme.log
set_property PROBES.FILE {} [get_hw_devices xc7a35t_0]
set_property FULL_PROBES.FILE {} [get_hw_devices xc7a35t_0]
set_property PROGRAM.FILE {C:/Users/Shlab_03/Desktop/Digital-Circuit-Lab-Pikachu-Volleyball-main/Digital-Circuit-Lab-Pikachu-Volleyball-main/Pikachu_Volleyball/Pikachu_Volleyball.runs/impl_1/fp_pikachu_volleyball.bit} [get_hw_devices xc7a35t_0]
program_hw_devices [get_hw_devices xc7a35t_0]
INFO: [Labtools 27-3164] End of startup status: HIGH
refresh_hw_device [lindex [get_hw_devices xc7a35t_0] 0]
INFO: [Labtools 27-1434] Device xc7a35t (JTAG device index = 0) is programmed with a design that has no supported debug core(s) in it.
reset_run synth_1
INFO: [Project 1-1161] Replacing file C:/Users/Shlab_03/Desktop/Digital-Circuit-Lab-Pikachu-Volleyball-main/Digital-Circuit-Lab-Pikachu-Volleyball-main/Pikachu_Volleyball/Pikachu_Volleyball.srcs/utils_1/imports/synth_1/fp_pikachu_volleyball.dcp with file C:/Users/Shlab_03/Desktop/Digital-Circuit-Lab-Pikachu-Volleyball-main/Digital-Circuit-Lab-Pikachu-Volleyball-main/Pikachu_Volleyball/Pikachu_Volleyball.runs/synth_1/fp_pikachu_volleyball.dcp
launch_runs impl_1 -to_step write_bitstream -jobs 16
[Thu Nov 27 00:57:50 2025] Launched synth_1...
Run output will be captured here: C:/Users/Shlab_03/Desktop/Digital-Circuit-Lab-Pikachu-Volleyball-main/Digital-Circuit-Lab-Pikachu-Volleyball-main/Pikachu_Volleyball/Pikachu_Volleyball.runs/synth_1/runme.log
[Thu Nov 27 00:57:50 2025] Launched impl_1...
Run output will be captured here: C:/Users/Shlab_03/Desktop/Digital-Circuit-Lab-Pikachu-Volleyball-main/Digital-Circuit-Lab-Pikachu-Volleyball-main/Pikachu_Volleyball/Pikachu_Volleyball.runs/impl_1/runme.log
set_property PROBES.FILE {} [get_hw_devices xc7a35t_0]
set_property FULL_PROBES.FILE {} [get_hw_devices xc7a35t_0]
set_property PROGRAM.FILE {C:/Users/Shlab_03/Desktop/Digital-Circuit-Lab-Pikachu-Volleyball-main/Digital-Circuit-Lab-Pikachu-Volleyball-main/Pikachu_Volleyball/Pikachu_Volleyball.runs/impl_1/fp_pikachu_volleyball.bit} [get_hw_devices xc7a35t_0]
program_hw_devices [get_hw_devices xc7a35t_0]
INFO: [Labtools 27-3164] End of startup status: HIGH
refresh_hw_device [lindex [get_hw_devices xc7a35t_0] 0]
INFO: [Labtools 27-1434] Device xc7a35t (JTAG device index = 0) is programmed with a design that has no supported debug core(s) in it.
reset_run synth_1
INFO: [Project 1-1161] Replacing file C:/Users/Shlab_03/Desktop/Digital-Circuit-Lab-Pikachu-Volleyball-main/Digital-Circuit-Lab-Pikachu-Volleyball-main/Pikachu_Volleyball/Pikachu_Volleyball.srcs/utils_1/imports/synth_1/fp_pikachu_volleyball.dcp with file C:/Users/Shlab_03/Desktop/Digital-Circuit-Lab-Pikachu-Volleyball-main/Digital-Circuit-Lab-Pikachu-Volleyball-main/Pikachu_Volleyball/Pikachu_Volleyball.runs/synth_1/fp_pikachu_volleyball.dcp
launch_runs impl_1 -to_step write_bitstream -jobs 16
[Thu Nov 27 01:03:24 2025] Launched synth_1...
Run output will be captured here: C:/Users/Shlab_03/Desktop/Digital-Circuit-Lab-Pikachu-Volleyball-main/Digital-Circuit-Lab-Pikachu-Volleyball-main/Pikachu_Volleyball/Pikachu_Volleyball.runs/synth_1/runme.log
[Thu Nov 27 01:03:24 2025] Launched impl_1...
Run output will be captured here: C:/Users/Shlab_03/Desktop/Digital-Circuit-Lab-Pikachu-Volleyball-main/Digital-Circuit-Lab-Pikachu-Volleyball-main/Pikachu_Volleyball/Pikachu_Volleyball.runs/impl_1/runme.log
set_property PROBES.FILE {} [get_hw_devices xc7a35t_0]
set_property FULL_PROBES.FILE {} [get_hw_devices xc7a35t_0]
set_property PROGRAM.FILE {C:/Users/Shlab_03/Desktop/Digital-Circuit-Lab-Pikachu-Volleyball-main/Digital-Circuit-Lab-Pikachu-Volleyball-main/Pikachu_Volleyball/Pikachu_Volleyball.runs/impl_1/fp_pikachu_volleyball.bit} [get_hw_devices xc7a35t_0]
program_hw_devices [get_hw_devices xc7a35t_0]
INFO: [Labtools 27-3164] End of startup status: HIGH
refresh_hw_device [lindex [get_hw_devices xc7a35t_0] 0]
INFO: [Labtools 27-1434] Device xc7a35t (JTAG device index = 0) is programmed with a design that has no supported debug core(s) in it.
close_hw_manager
exit
INFO: [Common 17-206] Exiting Vivado at Thu Nov 27 01:07:50 2025...
